Archive member included to satisfy reference by file (symbol)

C:/Program Files/Microchip/xc32/v5.10/bin/bin/../../lib/gcc/pic32c/13.2.1/../../../../pic32c/lib/thumb/v7e-m+dp/hard\libpic32c.a(data_init.o)
                              C:\Users\diogo\AppData\Local\Temp\ccKvcq4z.o (__pic32c_data_initialization)
C:/Program Files/Microchip/xc32/v5.10/bin/bin/../../lib/gcc/pic32c/13.2.1/../../../../pic32c/lib/thumb/v7e-m+dp/hard\libg-musl.a(__libc_start_main.o)
                              C:\Users\diogo\AppData\Local\Temp\ccKvcq4z.o (__libc_init_array)
C:/Program Files/Microchip/xc32/v5.10/bin/bin/../../lib/gcc/pic32c/13.2.1/../../../../pic32c/lib/thumb/v7e-m+dp/hard\libg-musl.a(libc.o)
                              C:/Program Files/Microchip/xc32/v5.10/bin/bin/../../lib/gcc/pic32c/13.2.1/../../../../pic32c/lib/thumb/v7e-m+dp/hard\libg-musl.a(__libc_start_main.o) (__progname_full)
C:/Program Files/Microchip/xc32/v5.10/bin/bin/../../lib/gcc/pic32c/13.2.1/../../../../pic32c/lib/thumb/v7e-m+dp/hard\libg-musl.a(rand.o)
                              build/default/debug/src/hal/hal_spi.o (rand)
C:/Program Files/Microchip/xc32/v5.10/bin/bin/../../lib/gcc/pic32c/13.2.1/../../../../pic32c/lib/thumb/v7e-m+dp/hard\libg-musl.a(__sio_printf_deEfFgGnpxX.o)
                              (_printf_deEfFgGnpxX)
C:/Program Files/Microchip/xc32/v5.10/bin/bin/../../lib/gcc/pic32c/13.2.1/../../../../pic32c/lib/thumb/v7e-m+dp/hard\libg-musl.a(__fmt_d.o)
                              C:/Program Files/Microchip/xc32/v5.10/bin/bin/../../lib/gcc/pic32c/13.2.1/../../../../pic32c/lib/thumb/v7e-m+dp/hard\libg-musl.a(__sio_printf_deEfFgGnpxX.o) (__fmt_d_needed)
C:/Program Files/Microchip/xc32/v5.10/bin/bin/../../lib/gcc/pic32c/13.2.1/../../../../pic32c/lib/thumb/v7e-m+dp/hard\libg-musl.a(__fmt_fp.o)
                              C:/Program Files/Microchip/xc32/v5.10/bin/bin/../../lib/gcc/pic32c/13.2.1/../../../../pic32c/lib/thumb/v7e-m+dp/hard\libg-musl.a(__sio_printf_deEfFgGnpxX.o) (__fmt_f_needed)
C:/Program Files/Microchip/xc32/v5.10/bin/bin/../../lib/gcc/pic32c/13.2.1/../../../../pic32c/lib/thumb/v7e-m+dp/hard\libg-musl.a(__fmt_x.o)
                              C:/Program Files/Microchip/xc32/v5.10/bin/bin/../../lib/gcc/pic32c/13.2.1/../../../../pic32c/lib/thumb/v7e-m+dp/hard\libg-musl.a(__sio_printf_deEfFgGnpxX.o) (__fmt_x_needed)
C:/Program Files/Microchip/xc32/v5.10/bin/bin/../../lib/gcc/pic32c/13.2.1/../../../../pic32c/lib/thumb/v7e-m+dp/hard\libg-musl.a(__pop_float.o)
                              C:/Program Files/Microchip/xc32/v5.10/bin/bin/../../lib/gcc/pic32c/13.2.1/../../../../pic32c/lib/thumb/v7e-m+dp/hard\libg-musl.a(__sio_printf_deEfFgGnpxX.o) (__pop_float_needed)
C:/Program Files/Microchip/xc32/v5.10/bin/bin/../../lib/gcc/pic32c/13.2.1/../../../../pic32c/lib/thumb/v7e-m+dp/hard\libg-musl.a(__pop_int.o)
                              C:/Program Files/Microchip/xc32/v5.10/bin/bin/../../lib/gcc/pic32c/13.2.1/../../../../pic32c/lib/thumb/v7e-m+dp/hard\libg-musl.a(__sio_printf_deEfFgGnpxX.o) (__pop_int_needed)
C:/Program Files/Microchip/xc32/v5.10/bin/bin/../../lib/gcc/pic32c/13.2.1/../../../../pic32c/lib/thumb/v7e-m+dp/hard\libg-musl.a(__pop_ptr.o)
                              C:/Program Files/Microchip/xc32/v5.10/bin/bin/../../lib/gcc/pic32c/13.2.1/../../../../pic32c/lib/thumb/v7e-m+dp/hard\libg-musl.a(__sio_printf_deEfFgGnpxX.o) (__pop_ptr_needed)
C:/Program Files/Microchip/xc32/v5.10/bin/bin/../../lib/gcc/pic32c/13.2.1/../../../../pic32c/lib/thumb/v7e-m+dp/hard\libg-musl.a(__printf_core.o)
                              C:/Program Files/Microchip/xc32/v5.10/bin/bin/../../lib/gcc/pic32c/13.2.1/../../../../pic32c/lib/thumb/v7e-m+dp/hard\libg-musl.a(__fmt_d.o) (__pad)
C:/Program Files/Microchip/xc32/v5.10/bin/bin/../../lib/gcc/pic32c/13.2.1/../../../../pic32c/lib/thumb/v7e-m+dp/hard\libg-musl.a(stdout.o)
                              C:/Program Files/Microchip/xc32/v5.10/bin/bin/../../lib/gcc/pic32c/13.2.1/../../../../pic32c/lib/thumb/v7e-m+dp/hard\libg-musl.a(__sio_printf_deEfFgGnpxX.o) (_stdout)
C:/Program Files/Microchip/xc32/v5.10/bin/bin/../../lib/gcc/pic32c/13.2.1/../../../../pic32c/lib/thumb/v7e-m+dp/hard\libg-musl.a(putchar.o)
                              build/default/debug/src/peripherals/gnss.o (putchar)
C:/Program Files/Microchip/xc32/v5.10/bin/bin/../../lib/gcc/pic32c/13.2.1/../../../../pic32c/lib/thumb/v7e-m+dp/hard\libg-musl.a(puts.o)
                              build/default/debug/src/app/sensors.o (puts)
C:/Program Files/Microchip/xc32/v5.10/bin/bin/../../lib/gcc/pic32c/13.2.1/../../../../pic32c/lib/thumb/v7e-m+dp/hard\libg-musl.a(atoi.o)
                              C:/Program Files/Microchip/xc32/v5.10/bin/bin/../../lib/gcc/pic32c/13.2.1/../../../../pic32c/lib/thumb/v7e-m+dp/hard\libg-musl.a(__printf_core.o) (atoi)
C:/Program Files/Microchip/xc32/v5.10/bin/bin/../../lib/gcc/pic32c/13.2.1/../../../../pic32c/lib/thumb/v7e-m+dp/hard\libg-musl.a(tolower.o)
[...]
Memory Configuration

Name             Origin             Length             Attributes
rom              0x00400000         0x00200000         xrl
ram              0x20400000         0x00060000         xw!r
itcm             0x00000000         0x00000000         xw
dtcm             0x20000000         0x00000000         xw!r
*default*        0x00000000         0xffffffff

Linker script and memory map

LOAD C:/Program Files/Microchip/xc32/v5.10/bin/bin/../../lib/gcc/pic32c/13.2.1/thumb/v7e-m+dp/hard/crti.o
LOAD C:/Program Files/Microchip/xc32/v5.10/bin/bin/../../lib/gcc/pic32c/13.2.1/thumb/v7e-m+dp/hard/crtbegin.o
LOAD build/default/debug/src/app/init.o
LOAD build/default/debug/src/app/mission.o
LOAD build/default/debug/src/app/modeSelecter.o
LOAD build/default/debug/src/app/sensors.o
LOAD build/default/debug/src/app/stateCheck.o
LOAD build/default/debug/src/drivers/i2c_driver.o
LOAD build/default/debug/src/drivers/qspi_driver.o
LOAD build/default/debug/src/drivers/spi_driver.o
LOAD build/default/debug/src/drivers/usart_driver.o
LOAD build/default/debug/src/hal/hal_gpio.o
LOAD build/default/debug/src/hal/hal_i2c.o
LOAD build/default/debug/src/hal/hal_peripherals_init.o
LOAD build/default/debug/src/hal/hal_qspi.o
LOAD build/default/debug/src/hal/hal_spi.o
LOAD build/default/debug/src/hal/hal_system.o
LOAD build/default/debug/src/hal/hal_usart.o
LOAD build/default/debug/src/hal/hal_debug_uart.o
LOAD build/default/debug/src/peripherals/eps.o
LOAD build/default/debug/src/peripherals/flexiforce.o
LOAD build/default/debug/src/peripherals/gnss.o
LOAD build/default/debug/src/peripherals/imu.o
LOAD build/default/debug/src/peripherals/pressure.o
LOAD build/default/debug/src/peripherals/propulsor.o
LOAD build/default/debug/src/peripherals/temperature.o
LOAD build/default/debug/src/peripherals/ttc.o
LOAD build/default/debug/src/main.o
LOAD build/default/debug/src/hal/hal_systick.o
                0x00000001                        __MPLAB_BUILD = 0x1
                0x00000001                        __ICD2RAM = 0x1
                0x00000001                        __MPLAB_DEBUG = 0x1
                0x00000001                        __DEBUG = 0x1
                0x00000000                        _min_heap_size = 0x0
LOAD C:\Users\diogo\AppData\Local\Temp\ccKvcq4z.o
START GROUP
LOAD C:/Program Files/Microchip/xc32/v5.10/bin/bin/../../lib/gcc/pic32c/13.2.1/../../../../pic32c/lib/thumb/v7e-m+dp/hard\libpic32c.a
LOAD C:/Program Files/Microchip/xc32/v5.10/bin/bin/../../lib/gcc/pic32c/13.2.1/../../../../pic32c/lib/thumb/v7e-m+dp/hard\libc-size-musl.a
LOAD C:/Program Files/Microchip/xc32/v5.10/bin/bin/../../lib/gcc/pic32c/13.2.1/../../../../pic32c/lib/thumb/v7e-m+dp/hard\liblmalloc-musl.a
LOAD C:/Program Files/Microchip/xc32/v5.10/bin/bin/../../lib/gcc/pic32c/13.2.1/../../../../pic32c/lib/thumb/v7e-m+dp/hard\libg-musl.a
LOAD C:/Program Files/Microchip/xc32/v5.10/bin/bin/../../lib/gcc/pic32c/13.2.1/../../../../pic32c/lib/thumb/v7e-m+dp/hard\libc-musl.a
LOAD C:/Program Files/Microchip/xc32/v5.10/bin/bin/../../lib/gcc/pic32c/13.2.1/../../../../pic32c/lib/thumb/v7e-m+dp/hard\libm-fast-emfloat.a
LOAD C:/Program Files/Microchip/xc32/v5.10/bin/bin/../../lib/gcc/pic32c/13.2.1/../../../../pic32c/lib/thumb/v7e-m+dp/hard\libm-musl.a
END GROUP
LOAD C:/Program Files/Microchip/xc32/v5.10/bin/bin/../../lib/gcc/pic32c/13.2.1/thumb/v7e-m+dp/hard\libgcc.a
LOAD C:/Program Files/Microchip/xc32/v5.10/bin/bin/../../lib/gcc/pic32c/13.2.1/thumb/v7e-m+dp/hard/crtend.o
LOAD C:/Program Files/Microchip/xc32/v5.10/bin/bin/../../lib/gcc/pic32c/13.2.1/thumb/v7e-m+dp/hard/crtn.o
                0x00600000                        __rom_end = (ORIGIN (rom) + LENGTH (rom))
                0x20460000                        __ram_end = (ORIGIN (ram) + LENGTH (ram))

.vectors        0x00400000      0x168
                0x00400000                        . = ALIGN (0x4)
                0x00400000                        _sfixed = .
 *(.vectors .vectors.* .vectors_default .vectors_default.*)
 .vectors.default
                0x00400000      0x168 C:\Users\diogo\AppData\Local\Temp\ccKvcq4z.o
                0x00400000                exception_table
 *(.isr_vector)
 *(.reset*)
 *(.after_vectors)

.text           0x00400168       0x20
                0x00400168                        . = ALIGN (0x4)
 *(.glue_7t)
 .glue_7t       0x00400168        0x0 linker stubs
 *(.glue_7)
 .glue_7        0x00400168        0x0 linker stubs
 *(.gnu.linkonce.r.*)
 *(.ARM.extab* .gnu.linkonce.armextab.*)
                0x00400168                        . = ALIGN (0x4)
 *(.init)
 .init          0x00400168        0x4 C:/Program Files/Microchip/xc32/v5.10/bin/bin/../../lib/gcc/pic32c/13.2.1/thumb/v7e-m+dp/hard/crti.o
                0x00400168                _init
 .init          0x0040016c        0x8 C:/Program Files/Microchip/xc32/v5.10/bin/bin/../../lib/gcc/pic32c/13.2.1/thumb/v7e-m+dp/hard/crtn.o
                0x00400174                        . = ALIGN (0x4)
                0x00400174                        __preinit_array_start = .
 *(.preinit_array)
                0x00400174                        __preinit_array_end = .
                0x00400174                        . = ALIGN (0x4)
                0x00400174                        __init_array_start = .
 *(SORT_BY_NAME(.init_array.*))
 *(.init_array)
 .init_array    0x00400174        0x4 C:/Program Files/Microchip/xc32/v5.10/bin/bin/../../lib/gcc/pic32c/13.2.1/thumb/v7e-m+dp/hard/crtbegin.o
                0x00400178                        __init_array_end = .
                0x00400178                        . = ALIGN (0x4)
 *crtbegin.o(.ctors)
 *(EXCLUDE_FILE(*crtend.o) .ctors)
 *(SORT_BY_NAME(.ctors.*))
 *crtend.o(.ctors)
                0x00400178                        . = ALIGN (0x4)
 *(.fini)
 .fini          0x00400178        0x4 C:/Program Files/Microchip/xc32/v5.10/bin/bin/../../lib/gcc/pic32c/13.2.1/thumb/v7e-m+dp/hard/crti.o
                0x00400178                _fini
 .fini          0x0040017c        0x8 C:/Program Files/Microchip/xc32/v5.10/bin/bin/../../lib/gcc/pic32c/13.2.1/thumb/v7e-m+dp/hard/crtn.o
                0x00400184                        . = ALIGN (0x4)
                0x00400184                        __fini_array_start = .
 *(.fini_array)
 .fini_array    0x00400184        0x4 C:/Program Files/Microchip/xc32/v5.10/bin/bin/../../lib/gcc/pic32c/13.2.1/thumb/v7e-m+dp/hard/crtbegin.o
 *(SORT_BY_NAME(.fini_array.*))
                0x00400188                        __fini_array_end = .
 *crtbegin.o(.dtors)
 *(EXCLUDE_FILE(*crtend.o) .dtors)
 *(SORT_BY_NAME(.dtors.*))
 *crtend.o(.dtors)
                0x00400188                        . = ALIGN (0x4)
                0x00400188                        _efixed = .
                [!provide]                        PROVIDE (__exidx_start = .)

.ARM.exidx      0x00400188        0x8
 *(.ARM.exidx* .gnu.linkonce.armexidx.*)
 .ARM.exidx     0x00400188        0x8 C:/Program Files/Microchip/xc32/v5.10/bin/bin/../../lib/gcc/pic32c/13.2.1/thumb/v7e-m+dp/hard\libgcc.a(_udivmoddi4.o)
                [!provide]                        PROVIDE (__exidx_end = .)
                0x00400190                        . = ALIGN (0x4)
                0x00400190                        _etext = .

.bss            0x20400000        0x0
                0x20400000                        . = ALIGN (0x4)
                0x20400000                        __bss_start__ = .
                0x20400000                        _sbss = .
                0x20400000                        _szero = .
 *(COMMON)
                0x20400000                        . = ALIGN (0x4)
                0x20400000                        __bss_end__ = .
                0x20400000                        _ebss = .
                0x20400000                        _ezero = .
                0x20400000                        . = ALIGN (0x4)
                0x20400000                        _end = .
                0x2045ffff                        _ram_end_ = ((ORIGIN (ram) + LENGTH (ram)) - 0x1)
OUTPUT(dist/default/debug/PS_OBC.X.debug.elf elf32-littlearm)
LOAD linker stubs
LOAD data_init

.note           0x00000000      0x6c0
 .note          0x00000000       0x18 C:/Program Files/Microchip/xc32/v5.10/bin/bin/../../lib/gcc/pic32c/13.2.1/thumb/v7e-m+dp/hard/crti.o
 .note          0x00000018       0x18 C:/Program Files/Microchip/xc32/v5.10/bin/bin/../../lib/gcc/pic32c/13.2.1/thumb/v7e-m+dp/hard/crtbegin.o
 .note          0x00000030       0x18 build/default/debug/src/app/init.o
 .note          0x00000048       0x18 build/default/debug/src/app/mission.o
 .note          0x00000060       0x18 build/default/debug/src/app/modeSelecter.o
 .note          0x00000078       0x18 build/default/debug/src/app/sensors.o
 .note          0x00000090       0x18 build/default/debug/src/app/stateCheck.o
 .note          0x000000a8       0x18 build/default/debug/src/drivers/i2c_driver.o
 .note          0x000000c0       0x18 build/default/debug/src/drivers/qspi_driver.o
 .note          0x000000d8       0x18 build/default/debug/src/drivers/spi_driver.o
 .note          0x000000f0       0x18 build/default/debug/src/drivers/usart_driver.o
 .note          0x00000108       0x18 build/default/debug/src/hal/hal_gpio.o
 .note          0x00000120       0x18 build/default/debug/src/hal/hal_i2c.o
 .note          0x00000138       0x18 build/default/debug/src/hal/hal_peripherals_init.o
 .note          0x00000150       0x18 build/default/debug/src/hal/hal_qspi.o
 .note          0x00000168       0x18 build/default/debug/src/hal/hal_spi.o
 .note          0x00000180       0x18 build/default/debug/src/hal/hal_system.o
 .note          0x00000198       0x18 build/default/debug/src/hal/hal_usart.o
 .note          0x000001b0       0x18 build/default/debug/src/hal/hal_debug_uart.o
 .note          0x000001c8       0x18 build/default/debug/src/peripherals/eps.o
 .note          0x000001e0       0x18 build/default/debug/src/peripherals/flexiforce.o
 .note          0x000001f8       0x18 build/default/debug/src/peripherals/gnss.o
 .note          0x00000210       0x18 build/default/debug/src/peripherals/imu.o
 .note          0x00000228       0x18 build/default/debug/src/peripherals/pressure.o
 .note          0x00000240       0x18 build/default/debug/src/peripherals/propulsor.o
 .note          0x00000258       0x18 build/default/debug/src/peripherals/temperature.o
 .note          0x00000270       0x18 build/default/debug/src/peripherals/ttc.o
 .note          0x00000288       0x18 build/default/debug/src/main.o
 .note          0x000002a0       0x18 build/default/debug/src/hal/hal_systick.o
 .note          0x000002b8       0x18 C:\Users\diogo\AppData\Local\Temp\ccKvcq4z.o
 .note          0x000002d0       0x18 C:/Program Files/Microchip/xc32/v5.10/bin/bin/../../lib/gcc/pic32c/13.2.1/../../../../pic32c/lib/thumb/v7e-m+dp/hard\libpic32c.a(data_init.o)
 .note          0x000002e8       0x18 C:/Program Files/Microchip/xc32/v5.10/bin/bin/../../lib/gcc/pic32c/13.2.1/../../../../pic32c/lib/thumb/v7e-m+dp/hard\libg-musl.a(__libc_start_main.o)
 .note          0x00000300       0x18 C:/Program Files/Microchip/xc32/v5.10/bin/bin/../../lib/gcc/pic32c/13.2.1/../../../../pic32c/lib/thumb/v7e-m+dp/hard\libg-musl.a(libc.o)
 .note          0x00000318       0x18 C:/Program Files/Microchip/xc32/v5.10/bin/bin/../../lib/gcc/pic32c/13.2.1/../../../../pic32c/lib/thumb/v7e-m+dp/hard\libg-musl.a(rand.o)
 .note          0x00000330       0x18 C:/Program Files/Microchip/xc32/v5.10/bin/bin/../../lib/gcc/pic32c/13.2.1/../../../../pic32c/lib/thumb/v7e-m+dp/hard\libg-musl.a(__sio_printf_deEfFgGnpxX.o)
 .note          0x00000348       0x18 C:/Program Files/Microchip/xc32/v5.10/bin/bin/../../lib/gcc/pic32c/13.2.1/../../../../pic32c/lib/thumb/v7e-m+dp/hard\libg-musl.a(__fmt_d.o)
 .note          0x00000360       0x18 C:/Program Files/Microchip/xc32/v5.10/bin/bin/../../lib/gcc/pic32c/13.2.1/../../../../pic32c/lib/thumb/v7e-m+dp/hard\libg-musl.a(__fmt_fp.o)
 .note          0x00000378       0x18 C:/Program Files/Microchip/xc32/v5.10/bin/bin/../../lib/gcc/pic32c/13.2.1/../../../../pic32c/lib/thumb/v7e-m+dp/hard\libg-musl.a(__fmt_x.o)
 .note          0x00000390       0x18 C:/Program Files/Microchip/xc32/v5.10/bin/bin/../../lib/gcc/pic32c/13.2.1/../../../../pic32c/lib/thumb/v7e-m+dp/hard\libg-musl.a(__pop_float.o)
 .note          0x000003a8       0x18 C:/Program Files/Microchip/xc32/v5.10/bin/bin/../../lib/gcc/pic32c/13.2.1/../../../../pic32c/lib/thumb/v7e-m+dp/hard\libg-musl.a(__pop_int.o)
 .note          0x000003c0       0x18 C:/Program Files/Microchip/xc32/v5.10/bin/bin/../../lib/gcc/pic32c/13.2.1/../../../../pic32c/lib/thumb/v7e-m+dp/hard\libg-musl.a(__pop_ptr.o)
 .note          0x000003d8       0x18 C:/Program Files/Microchip/xc32/v5.10/bin/bin/../../lib/gcc/pic32c/13.2.1/../../../../pic32c/lib/thumb/v7e-m+dp/hard\libg-musl.a(__printf_core.o)
 .note          0x000003f0       0x18 C:/Program Files/Microchip/xc32/v5.10/bin/bin/../../lib/gcc/pic32c/13.2.1/../../../../pic32c/lib/thumb/v7e-m+dp/hard\libg-musl.a(stdout.o)
 .note          0x00000408       0x18 C:/Program Files/Microchip/xc32/v5.10/bin/bin/../../lib/gcc/pic32c/13.2.1/../../../../pic32c/lib/thumb/v7e-m+dp/hard\libg-musl.a(putchar.o)
 .note          0x00000420       0x18 C:/Program Files/Microchip/xc32/v5.10/bin/bin/../../lib/gcc/pic32c/13.2.1/../../../../pic32c/lib/thumb/v7e-m+dp/hard\libg-musl.a(puts.o)
 .note          0x00000438       0x18 C:/Program Files/Microchip/xc32/v5.10/bin/bin/../../lib/gcc/pic32c/13.2.1/../../../../pic32c/lib/thumb/v7e-m+dp/hard\libg-musl.a(atoi.o)
 .note          0x00000450       0x18 C:/Program Files/Microchip/xc32/v5.10/bin/bin/../../lib/gcc/pic32c/13.2.1/../../../../pic32c/lib/thumb/v7e-m+dp/hard\libg-musl.a(tolower.o)
 .note          0x00000468       0x18 C:/Program Files/Microchip/xc32/v5.10/bin/bin/../../lib/gcc/pic32c/13.2.1/../../../../pic32c/lib/thumb/v7e-m+dp/hard\libg-musl.a(toupper.o)
 .note          0x00000480       0x18 C:/Program Files/Microchip/xc32/v5.10/bin/bin/../../lib/gcc/pic32c/13.2.1/../../../../pic32c/lib/thumb/v7e-m+dp/hard\libg-musl.a(__environ.o)
 .note          0x00000498       0x18 C:/Program Files/Microchip/xc32/v5.10/bin/bin/../../lib/gcc/pic32c/13.2.1/../../../../pic32c/lib/thumb/v7e-m+dp/hard\libg-musl.a(__errno_location.o)
 .note          0x000004b0       0x18 C:/Program Files/Microchip/xc32/v5.10/bin/bin/../../lib/gcc/pic32c/13.2.1/../../../../pic32c/lib/thumb/v7e-m+dp/hard\libg-musl.a(__int_vfprintf.o)
 .note          0x000004c8       0x18 C:/Program Files/Microchip/xc32/v5.10/bin/bin/../../lib/gcc/pic32c/13.2.1/../../../../pic32c/lib/thumb/v7e-m+dp/hard\libg-musl.a(fputs.o)
 .note          0x000004e0       0x18 C:/Program Files/Microchip/xc32/v5.10/bin/bin/../../lib/gcc/pic32c/13.2.1/../../../../pic32c/lib/thumb/v7e-m+dp/hard\libg-musl.a(__cvt_u.o)
 .note          0x000004f8       0x18 C:/Program Files/Microchip/xc32/v5.10/bin/bin/../../lib/gcc/pic32c/13.2.1/../../../../pic32c/lib/thumb/v7e-m+dp/hard\libg-musl.a(__io_init_needed.o)
 .note          0x00000510       0x18 C:/Program Files/Microchip/xc32/v5.10/bin/bin/../../lib/gcc/pic32c/13.2.1/../../../../pic32c/lib/thumb/v7e-m+dp/hard\libg-musl.a(fwrite.o)
 .note          0x00000528       0x18 C:/Program Files/Microchip/xc32/v5.10/bin/bin/../../lib/gcc/pic32c/13.2.1/../../../../pic32c/lib/thumb/v7e-m+dp/hard\libg-musl.a(putc.o)
 .note          0x00000540       0x18 C:/Program Files/Microchip/xc32/v5.10/bin/bin/../../lib/gcc/pic32c/13.2.1/../../../../pic32c/lib/thumb/v7e-m+dp/hard\libg-musl.a(__init_stdio.o)
 .note          0x00000558       0x18 C:/Program Files/Microchip/xc32/v5.10/bin/bin/../../lib/gcc/pic32c/13.2.1/../../../../pic32c/lib/thumb/v7e-m+dp/hard\libg-musl.a(__io_file_needed.o)
 .note          0x00000570       0x18 C:/Program Files/Microchip/xc32/v5.10/bin/bin/../../lib/gcc/pic32c/13.2.1/../../../../pic32c/lib/thumb/v7e-m+dp/hard\libg-musl.a(__out.o)
 .note          0x00000588       0x18 C:/Program Files/Microchip/xc32/v5.10/bin/bin/../../lib/gcc/pic32c/13.2.1/../../../../pic32c/lib/thumb/v7e-m+dp/hard\libpic32c.a(write.o)
 .note          0x000005a0       0x18 C:/Program Files/Microchip/xc32/v5.10/bin/bin/../../lib/gcc/pic32c/13.2.1/../../../../pic32c/lib/thumb/v7e-m+dp/hard\libc-size-musl.a(memcpy.o)
 .note          0x000005b8       0x18 C:/Program Files/Microchip/xc32/v5.10/bin/bin/../../lib/gcc/pic32c/13.2.1/../../../../pic32c/lib/thumb/v7e-m+dp/hard\libc-size-musl.a(memset.o)
 .note          0x000005d0       0x18 C:/Program Files/Microchip/xc32/v5.10/bin/bin/../../lib/gcc/pic32c/13.2.1/../../../../pic32c/lib/thumb/v7e-m+dp/hard\libc-size-musl.a(strlen.o)
 .note          0x000005e8       0x18 C:/Program Files/Microchip/xc32/v5.10/bin/bin/../../lib/gcc/pic32c/13.2.1/../../../../pic32c/lib/thumb/v7e-m+dp/hard\libc-size-musl.a(strcpy.o)
 .note          0x00000600       0x18 C:/Program Files/Microchip/xc32/v5.10/bin/bin/../../lib/gcc/pic32c/13.2.1/../../../../pic32c/lib/thumb/v7e-m+dp/hard\libc-size-musl.a(stpcpy.o)
 .note          0x00000618       0x18 C:/Program Files/Microchip/xc32/v5.10/bin/bin/../../lib/gcc/pic32c/13.2.1/thumb/v7e-m+dp/hard\libgcc.a(_aeabi_uldivmod.o)
 .note          0x00000630       0x18 C:/Program Files/Microchip/xc32/v5.10/bin/bin/../../lib/gcc/pic32c/13.2.1/thumb/v7e-m+dp/hard\libgcc.a(_udivmoddi4.o)
 .note          0x00000648       0x18 C:/Program Files/Microchip/xc32/v5.10/bin/bin/../../lib/gcc/pic32c/13.2.1/thumb/v7e-m+dp/hard\libgcc.a(_dvmd_tls.o)
 .note          0x00000660       0x18 C:/Program Files/Microchip/xc32/v5.10/bin/bin/../../lib/gcc/pic32c/13.2.1/thumb/v7e-m+dp/hard/crtend.o
 .note          0x00000678       0x18 C:/Program Files/Microchip/xc32/v5.10/bin/bin/../../lib/gcc/pic32c/13.2.1/thumb/v7e-m+dp/hard/crtn.o
 .note          0x00000690       0x18 C:/Program Files/Microchip/xc32/v5.10/bin/bin/../../lib/gcc/pic32c/13.2.1/../../../../pic32c/lib/thumb/v7e-m+dp/hard\libpic32c.a(pic32_data_init_clear.o)
 .note          0x000006a8       0x18 C:/Program Files/Microchip/xc32/v5.10/bin/bin/../../lib/gcc/pic32c/13.2.1/../../../../pic32c/lib/thumb/v7e-m+dp/hard\libpic32c.a(pic32_data_init_copy.o)

.ARM.attributes
                0x00000000       0x32
 .ARM.attributes
                0x00000000       0x20 C:/Program Files/Microchip/xc32/v5.10/bin/bin/../../lib/gcc/pic32c/13.2.1/thumb/v7e-m+dp/hard/crti.o
 .ARM.attributes
                0x00000020       0x32 C:/Program Files/Microchip/xc32/v5.10/bin/bin/../../lib/gcc/pic32c/13.2.1/thumb/v7e-m+dp/hard/crtbegin.o
 .ARM.attributes
                0x00000052       0x32 build/default/debug/src/app/init.o
 .ARM.attributes
                0x00000084       0x32 build/default/debug/src/app/mission.o
 .ARM.attributes
                0x000000b6       0x32 build/default/debug/src/app/modeSelecter.o
 .ARM.attributes
                0x000000e8       0x32 build/default/debug/src/app/sensors.o
 .ARM.attributes
                0x0000011a       0x32 build/default/debug/src/drivers/i2c_driver.o
 .ARM.attributes
                0x0000014c       0x32 build/default/debug/src/drivers/usart_driver.o
 .ARM.attributes
                0x0000017e       0x32 build/default/debug/src/hal/hal_gpio.o
 .ARM.attributes
                0x000001b0       0x32 build/default/debug/src/hal/hal_i2c.o
 .ARM.attributes
                0x000001e2       0x32 build/default/debug/src/hal/hal_peripherals_init.o
 .ARM.attributes
                0x00000214       0x32 build/default/debug/src/hal/hal_qspi.o
 .ARM.attributes
                0x00000246       0x32 build/default/debug/src/hal/hal_spi.o
 .ARM.attributes
                0x00000278       0x32 build/default/debug/src/hal/hal_system.o
 .ARM.attributes
                0x000002aa       0x32 build/default/debug/src/hal/hal_usart.o
 .ARM.attributes
                0x000002dc       0x32 build/default/debug/src/hal/hal_debug_uart.o
 .ARM.attributes
                0x0000030e       0x32 build/default/debug/src/peripherals/eps.o
 .ARM.attributes
                0x00000340       0x32 build/default/debug/src/peripherals/gnss.o
 .ARM.attributes
                0x00000372       0x32 build/default/debug/src/peripherals/imu.o
 .ARM.attributes
                0x000003a4       0x32 build/default/debug/src/peripherals/pressure.o
 .ARM.attributes
                0x000003d6       0x32 build/default/debug/src/peripherals/temperature.o
 .ARM.attributes
                0x00000408       0x32 build/default/debug/src/peripherals/ttc.o
 .ARM.attributes
                0x0000043a       0x32 build/default/debug/src/main.o
 .ARM.attributes
                0x0000046c       0x32 build/default/debug/src/hal/hal_systick.o
 .ARM.attributes
                0x0000049e       0x32 C:\Users\diogo\AppData\Local\Temp\ccKvcq4z.o
 .ARM.attributes
                0x000004d0       0x32 C:/Program Files/Microchip/xc32/v5.10/bin/bin/../../lib/gcc/pic32c/13.2.1/../../../../pic32c/lib/thumb/v7e-m+dp/hard\libpic32c.a(data_init.o)
 .ARM.attributes
                0x00000502       0x34 C:/Program Files/Microchip/xc32/v5.10/bin/bin/../../lib/gcc/pic32c/13.2.1/../../../../pic32c/lib/thumb/v7e-m+dp/hard\libg-musl.a(__libc_start_main.o)
 .ARM.attributes
                0x00000536       0x34 C:/Program Files/Microchip/xc32/v5.10/bin/bin/../../lib/gcc/pic32c/13.2.1/../../../../pic32c/lib/thumb/v7e-m+dp/hard\libg-musl.a(libc.o)
 .ARM.attributes
                0x0000056a       0x34 C:/Program Files/Microchip/xc32/v5.10/bin/bin/../../lib/gcc/pic32c/13.2.1/../../../../pic32c/lib/thumb/v7e-m+dp/hard\libg-musl.a(rand.o)
 .ARM.attributes
                0x0000059e       0x34 C:/Program Files/Microchip/xc32/v5.10/bin/bin/../../lib/gcc/pic32c/13.2.1/../../../../pic32c/lib/thumb/v7e-m+dp/hard\libg-musl.a(__sio_printf_deEfFgGnpxX.o)
 .ARM.attributes
                0x000005d2       0x34 C:/Program Files/Microchip/xc32/v5.10/bin/bin/../../lib/gcc/pic32c/13.2.1/../../../../pic32c/lib/thumb/v7e-m+dp/hard\libg-musl.a(__fmt_d.o)
 .ARM.attributes
                0x00000606       0x34 C:/Program Files/Microchip/xc32/v5.10/bin/bin/../../lib/gcc/pic32c/13.2.1/../../../../pic32c/lib/thumb/v7e-m+dp/hard\libg-musl.a(__fmt_fp.o)
 .ARM.attributes
                0x0000063a       0x34 C:/Program Files/Microchip/xc32/v5.10/bin/bin/../../lib/gcc/pic32c/13.2.1/../../../../pic32c/lib/thumb/v7e-m+dp/hard\libg-musl.a(__fmt_x.o)
 .ARM.attributes
                0x0000066e       0x34 C:/Program Files/Microchip/xc32/v5.10/bin/bin/../../lib/gcc/pic32c/13.2.1/../../../../pic32c/lib/thumb/v7e-m+dp/hard\libg-musl.a(__pop_float.o)
 .ARM.attributes
                0x000006a2       0x34 C:/Program Files/Microchip/xc32/v5.10/bin/bin/../../lib/gcc/pic32c/13.2.1/../../../../pic32c/lib/thumb/v7e-m+dp/hard\libg-musl.a(__pop_int.o)
 .ARM.attributes
                0x000006d6       0x34 C:/Program Files/Microchip/xc32/v5.10/bin/bin/../../lib/gcc/pic32c/13.2.1/../../../../pic32c/lib/thumb/v7e-m+dp/hard\libg-musl.a(__pop_ptr.o)
 .ARM.attributes
                0x0000070a       0x34 C:/Program Files/Microchip/xc32/v5.10/bin/bin/../../lib/gcc/pic32c/13.2.1/../../../../pic32c/lib/thumb/v7e-m+dp/hard\libg-musl.a(__printf_core.o)
 .ARM.attributes
                0x0000073e       0x34 C:/Program Files/Microchip/xc32/v5.10/bin/bin/../../lib/gcc/pic32c/13.2.1/../../../../pic32c/lib/thumb/v7e-m+dp/hard\libg-musl.a(stdout.o)
 .ARM.attributes
                0x00000772       0x34 C:/Program Files/Microchip/xc32/v5.10/bin/bin/../../lib/gcc/pic32c/13.2.1/../../../../pic32c/lib/thumb/v7e-m+dp/hard\libg-musl.a(putchar.o)
 .ARM.attributes
                0x000007a6       0x34 C:/Program Files/Microchip/xc32/v5.10/bin/bin/../../lib/gcc/pic32c/13.2.1/../../../../pic32c/lib/thumb/v7e-m+dp/hard\libg-musl.a(puts.o)
 .ARM.attributes
                0x000007da       0x34 C:/Program Files/Microchip/xc32/v5.10/bin/bin/../../lib/gcc/pic32c/13.2.1/../../../../pic32c/lib/thumb/v7e-m+dp/hard\libg-musl.a(atoi.o)
 .ARM.attributes
                0x0000080e       0x34 C:/Program Files/Microchip/xc32/v5.10/bin/bin/../../lib/gcc/pic32c/13.2.1/../../../../pic32c/lib/thumb/v7e-m+dp/hard\libg-musl.a(tolower.o)
 .ARM.attributes
                0x00000842       0x34 C:/Program Files/Microchip/xc32/v5.10/bin/bin/../../lib/gcc/pic32c/13.2.1/../../../../pic32c/lib/thumb/v7e-m+dp/hard\libg-musl.a(toupper.o)
 .ARM.attributes
                0x00000876       0x34 C:/Program Files/Microchip/xc32/v5.10/bin/bin/../../lib/gcc/pic32c/13.2.1/../../../../pic32c/lib/thumb/v7e-m+dp/hard\libg-musl.a(__environ.o)
 .ARM.attributes
                0x000008aa       0x34 C:/Program Files/Microchip/xc32/v5.10/bin/bin/../../lib/gcc/pic32c/13.2.1/../../../../pic32c/lib/thumb/v7e-m+dp/hard\libg-musl.a(__errno_location.o)
 .ARM.attributes
                0x000008de       0x34 C:/Program Files/Microchip/xc32/v5.10/bin/bin/../../lib/gcc/pic32c/13.2.1/../../../../pic32c/lib/thumb/v7e-m+dp/hard\libg-musl.a(__int_vfprintf.o)
 .ARM.attributes
                0x00000912       0x34 C:/Program Files/Microchip/xc32/v5.10/bin/bin/../../lib/gcc/pic32c/13.2.1/../../../../pic32c/lib/thumb/v7e-m+dp/hard\libg-musl.a(fputs.o)
 .ARM.attributes
                0x00000946       0x34 C:/Program Files/Microchip/xc32/v5.10/bin/bin/../../lib/gcc/pic32c/13.2.1/../../../../pic32c/lib/thumb/v7e-m+dp/hard\libg-musl.a(__cvt_u.o)
 .ARM.attributes
                0x0000097a       0x34 C:/Program Files/Microchip/xc32/v5.10/bin/bin/../../lib/gcc/pic32c/13.2.1/../../../../pic32c/lib/thumb/v7e-m+dp/hard\libg-musl.a(fwrite.o)
 .ARM.attributes
                0x000009ae       0x34 C:/Program Files/Microchip/xc32/v5.10/bin/bin/../../lib/gcc/pic32c/13.2.1/../../../../pic32c/lib/thumb/v7e-m+dp/hard\libg-musl.a(putc.o)
 .ARM.attributes
                0x000009e2       0x34 C:/Program Files/Microchip/xc32/v5.10/bin/bin/../../lib/gcc/pic32c/13.2.1/../../../../pic32c/lib/thumb/v7e-m+dp/hard\libg-musl.a(__init_stdio.o)
 .ARM.attributes
                0x00000a16       0x34 C:/Program Files/Microchip/xc32/v5.10/bin/bin/../../lib/gcc/pic32c/13.2.1/../../../../pic32c/lib/thumb/v7e-m+dp/hard\libg-musl.a(__out.o)
 .ARM.attributes
                0x00000a4a       0x32 C:/Program Files/Microchip/xc32/v5.10/bin/bin/../../lib/gcc/pic32c/13.2.1/../../../../pic32c/lib/thumb/v7e-m+dp/hard\libm-fast-emfloat.a(floor.o)
 .ARM.attributes
                0x00000a7c       0x32 C:/Program Files/Microchip/xc32/v5.10/bin/bin/../../lib/gcc/pic32c/13.2.1/../../../../pic32c/lib/thumb/v7e-m+dp/hard\libpic32c.a(write.o)
 .ARM.attributes
                0x00000aae       0x34 C:/Program Files/Microchip/xc32/v5.10/bin/bin/../../lib/gcc/pic32c/13.2.1/../../../../pic32c/lib/thumb/v7e-m+dp/hard\libc-size-musl.a(memcpy.o)
 .ARM.attributes
                0x00000ae2       0x34 C:/Program Files/Microchip/xc32/v5.10/bin/bin/../../lib/gcc/pic32c/13.2.1/../../../../pic32c/lib/thumb/v7e-m+dp/hard\libc-size-musl.a(memset.o)
 .ARM.attributes
                0x00000b16       0x34 C:/Program Files/Microchip/xc32/v5.10/bin/bin/../../lib/gcc/pic32c/13.2.1/../../../../pic32c/lib/thumb/v7e-m+dp/hard\libc-size-musl.a(strlen.o)
 .ARM.attributes
                0x00000b4a       0x34 C:/Program Files/Microchip/xc32/v5.10/bin/bin/../../lib/gcc/pic32c/13.2.1/../../../../pic32c/lib/thumb/v7e-m+dp/hard\libc-size-musl.a(strcpy.o)
 .ARM.attributes
                0x00000b7e       0x34 C:/Program Files/Microchip/xc32/v5.10/bin/bin/../../lib/gcc/pic32c/13.2.1/../../../../pic32c/lib/thumb/v7e-m+dp/hard\libc-size-musl.a(stpcpy.o)
 .ARM.attributes
                0x00000bb2       0x20 C:/Program Files/Microchip/xc32/v5.10/bin/bin/../../lib/gcc/pic32c/13.2.1/thumb/v7e-m+dp/hard\libgcc.a(_aeabi_uldivmod.o)
 .ARM.attributes
                0x00000bd2       0x32 C:/Program Files/Microchip/xc32/v5.10/bin/bin/../../lib/gcc/pic32c/13.2.1/thumb/v7e-m+dp/hard\libgcc.a(_udivmoddi4.o)
 .ARM.attributes
                0x00000c04       0x20 C:/Program Files/Microchip/xc32/v5.10/bin/bin/../../lib/gcc/pic32c/13.2.1/thumb/v7e-m+dp/hard\libgcc.a(_dvmd_tls.o)
 .ARM.attributes
                0x00000c24       0x20 C:/Program Files/Microchip/xc32/v5.10/bin/bin/../../lib/gcc/pic32c/13.2.1/thumb/v7e-m+dp/hard/crtn.o
 .ARM.attributes
                0x00000c44       0x32 C:/Program Files/Microchip/xc32/v5.10/bin/bin/../../lib/gcc/pic32c/13.2.1/../../../../pic32c/lib/thumb/v7e-m+dp/hard\libpic32c.a(pic32_data_init_clear.o)
 .ARM.attributes
                0x00000c76       0x32 C:/Program Files/Microchip/xc32/v5.10/bin/bin/../../lib/gcc/pic32c/13.2.1/../../../../pic32c/lib/thumb/v7e-m+dp/hard\libpic32c.a(pic32_data_init_copy.o)

.comment        0x00000000       0x35
 .comment       0x00000000       0x35 C:/Program Files/Microchip/xc32/v5.10/bin/bin/../../lib/gcc/pic32c/13.2.1/thumb/v7e-m+dp/hard/crtbegin.o
                                 0x36 (size before relaxing)
 .comment       0x00000035       0x36 build/default/debug/src/app/init.o
 .comment       0x00000035       0x36 build/default/debug/src/app/mission.o
 .comment       0x00000035       0x36 build/default/debug/src/app/modeSelecter.o
 .comment       0x00000035       0x36 build/default/debug/src/app/sensors.o
 .comment       0x00000035       0x36 build/default/debug/src/drivers/i2c_driver.o
 .comment       0x00000035       0x36 build/default/debug/src/drivers/usart_driver.o
 .comment       0x00000035       0x36 build/default/debug/src/hal/hal_gpio.o
 .comment       0x00000035       0x36 build/default/debug/src/hal/hal_i2c.o
 .comment       0x00000035       0x36 build/default/debug/src/hal/hal_peripherals_init.o
 .comment       0x00000035       0x36 build/default/debug/src/hal/hal_qspi.o
 .comment       0x00000035       0x36 build/default/debug/src/hal/hal_spi.o
 .comment       0x00000035       0x36 build/default/debug/src/hal/hal_system.o
 .comment       0x00000035       0x36 build/default/debug/src/hal/hal_usart.o
 .comment       0x00000035       0x36 build/default/debug/src/hal/hal_debug_uart.o
 .comment       0x00000035       0x36 build/default/debug/src/peripherals/eps.o
 .comment       0x00000035       0x36 build/default/debug/src/peripherals/gnss.o
 .comment       0x00000035       0x36 build/default/debug/src/peripherals/imu.o
 .comment       0x00000035       0x36 build/default/debug/src/peripherals/pressure.o
 .comment       0x00000035       0x36 build/default/debug/src/peripherals/temperature.o
 .comment       0x00000035       0x36 build/default/debug/src/peripherals/ttc.o
 .comment       0x00000035       0x36 build/default/debug/src/main.o
 .comment       0x00000035       0x36 build/default/debug/src/hal/hal_systick.o
 .comment       0x00000035       0x36 C:\Users\diogo\AppData\Local\Temp\ccKvcq4z.o
 .comment       0x00000035       0x36 C:/Program Files/Microchip/xc32/v5.10/bin/bin/../../lib/gcc/pic32c/13.2.1/../../../../pic32c/lib/thumb/v7e-m+dp/hard\libpic32c.a(data_init.o)
 .comment       0x00000035       0x36 C:/Program Files/Microchip/xc32/v5.10/bin/bin/../../lib/gcc/pic32c/13.2.1/../../../../pic32c/lib/thumb/v7e-m+dp/hard\libg-musl.a(__libc_start_main.o)
 .comment       0x00000035       0x36 C:/Program Files/Microchip/xc32/v5.10/bin/bin/../../lib/gcc/pic32c/13.2.1/../../../../pic32c/lib/thumb/v7e-m+dp/hard\libg-musl.a(libc.o)
 .comment       0x00000035       0x36 C:/Program Files/Microchip/xc32/v5.10/bin/bin/../../lib/gcc/pic32c/13.2.1/../../../../pic32c/lib/thumb/v7e-m+dp/hard\libg-musl.a(rand.o)
 .comment       0x00000035       0x36 C:/Program Files/Microchip/xc32/v5.10/bin/bin/../../lib/gcc/pic32c/13.2.1/../../../../pic32c/lib/thumb/v7e-m+dp/hard\libg-musl.a(__sio_printf_deEfFgGnpxX.o)
 .comment       0x00000035       0x36 C:/Program Files/Microchip/xc32/v5.10/bin/bin/../../lib/gcc/pic32c/13.2.1/../../../../pic32c/lib/thumb/v7e-m+dp/hard\libg-musl.a(__fmt_d.o)
 .comment       0x00000035       0x36 C:/Program Files/Microchip/xc32/v5.10/bin/bin/../../lib/gcc/pic32c/13.2.1/../../../../pic32c/lib/thumb/v7e-m+dp/hard\libg-musl.a(__fmt_fp.o)
 .comment       0x00000035       0x36 C:/Program Files/Microchip/xc32/v5.10/bin/bin/../../lib/gcc/pic32c/13.2.1/../../../../pic32c/lib/thumb/v7e-m+dp/hard\libg-musl.a(__fmt_x.o)
 .comment       0x00000035       0x36 C:/Program Files/Microchip/xc32/v5.10/bin/bin/../../lib/gcc/pic32c/13.2.1/../../../../pic32c/lib/thumb/v7e-m+dp/hard\libg-musl.a(__pop_float.o)
 .comment       0x00000035       0x36 C:/Program Files/Microchip/xc32/v5.10/bin/bin/../../lib/gcc/pic32c/13.2.1/../../../../pic32c/lib/thumb/v7e-m+dp/hard\libg-musl.a(__pop_int.o)
 .comment       0x00000035       0x36 C:/Program Files/Microchip/xc32/v5.10/bin/bin/../../lib/gcc/pic32c/13.2.1/../../../../pic32c/lib/thumb/v7e-m+dp/hard\libg-musl.a(__pop_ptr.o)
 .comment       0x00000035       0x36 C:/Program Files/Microchip/xc32/v5.10/bin/bin/../../lib/gcc/pic32c/13.2.1/../../../../pic32c/lib/thumb/v7e-m+dp/hard\libg-musl.a(__printf_core.o)
 .comment       0x00000035       0x36 C:/Program Files/Microchip/xc32/v5.10/bin/bin/../../lib/gcc/pic32c/13.2.1/../../../../pic32c/lib/thumb/v7e-m+dp/hard\libg-musl.a(stdout.o)
 .comment       0x00000035       0x36 C:/Program Files/Microchip/xc32/v5.10/bin/bin/../../lib/gcc/pic32c/13.2.1/../../../../pic32c/lib/thumb/v7e-m+dp/hard\libg-musl.a(putchar.o)
 .comment       0x00000035       0x36 C:/Program Files/Microchip/xc32/v5.10/bin/bin/../../lib/gcc/pic32c/13.2.1/../../../../pic32c/lib/thumb/v7e-m+dp/hard\libg-musl.a(puts.o)
 .comment       0x00000035       0x36 C:/Program Files/Microchip/xc32/v5.10/bin/bin/../../lib/gcc/pic32c/13.2.1/../../../../pic32c/lib/thumb/v7e-m+dp/hard\libg-musl.a(atoi.o)
 .comment       0x00000035       0x36 C:/Program Files/Microchip/xc32/v5.10/bin/bin/../../lib/gcc/pic32c/13.2.1/../../../../pic32c/lib/thumb/v7e-m+dp/hard\libg-musl.a(tolower.o)
 .comment       0x00000035       0x36 C:/Program Files/Microchip/xc32/v5.10/bin/bin/../../lib/gcc/pic32c/13.2.1/../../../../pic32c/lib/thumb/v7e-m+dp/hard\libg-musl.a(toupper.o)
 .comment       0x00000035       0x36 C:/Program Files/Microchip/xc32/v5.10/bin/bin/../../lib/gcc/pic32c/13.2.1/../../../../pic32c/lib/thumb/v7e-m+dp/hard\libg-musl.a(__environ.o)
 .comment       0x00000035       0x36 C:/Program Files/Microchip/xc32/v5.10/bin/bin/../../lib/gcc/pic32c/13.2.1/../../../../pic32c/lib/thumb/v7e-m+dp/hard\libg-musl.a(__errno_location.o)
 .comment       0x00000035       0x36 C:/Program Files/Microchip/xc32/v5.10/bin/bin/../../lib/gcc/pic32c/13.2.1/../../../../pic32c/lib/thumb/v7e-m+dp/hard\libg-musl.a(__int_vfprintf.o)
 .comment       0x00000035       0x36 C:/Program Files/Microchip/xc32/v5.10/bin/bin/../../lib/gcc/pic32c/13.2.1/../../../../pic32c/lib/thumb/v7e-m+dp/hard\libg-musl.a(fputs.o)
 .comment       0x00000035       0x36 C:/Program Files/Microchip/xc32/v5.10/bin/bin/../../lib/gcc/pic32c/13.2.1/../../../../pic32c/lib/thumb/v7e-m+dp/hard\libg-musl.a(__cvt_u.o)
 .comment       0x00000035       0x36 C:/Program Files/Microchip/xc32/v5.10/bin/bin/../../lib/gcc/pic32c/13.2.1/../../../../pic32c/lib/thumb/v7e-m+dp/hard\libg-musl.a(fwrite.o)
 .comment       0x00000035       0x36 C:/Program Files/Microchip/xc32/v5.10/bin/bin/../../lib/gcc/pic32c/13.2.1/../../../../pic32c/lib/thumb/v7e-m+dp/hard\libg-musl.a(putc.o)
 .comment       0x00000035       0x36 C:/Program Files/Microchip/xc32/v5.10/bin/bin/../../lib/gcc/pic32c/13.2.1/../../../../pic32c/lib/thumb/v7e-m+dp/hard\libg-musl.a(__init_stdio.o)
 .comment       0x00000035       0x36 C:/Program Files/Microchip/xc32/v5.10/bin/bin/../../lib/gcc/pic32c/13.2.1/../../../../pic32c/lib/thumb/v7e-m+dp/hard\libg-musl.a(__out.o)
 .comment       0x00000035       0x36 C:/Program Files/Microchip/xc32/v5.10/bin/bin/../../lib/gcc/pic32c/13.2.1/../../../../pic32c/lib/thumb/v7e-m+dp/hard\libm-fast-emfloat.a(floor.o)
 .comment       0x00000035       0x36 C:/Program Files/Microchip/xc32/v5.10/bin/bin/../../lib/gcc/pic32c/13.2.1/../../../../pic32c/lib/thumb/v7e-m+dp/hard\libpic32c.a(write.o)
 .comment       0x00000035       0x36 C:/Program Files/Microchip/xc32/v5.10/bin/bin/../../lib/gcc/pic32c/13.2.1/../../../../pic32c/lib/thumb/v7e-m+dp/hard\libc-size-musl.a(memcpy.o)
 .comment       0x00000035       0x36 C:/Program Files/Microchip/xc32/v5.10/bin/bin/../../lib/gcc/pic32c/13.2.1/../../../../pic32c/lib/thumb/v7e-m+dp/hard\libc-size-musl.a(memset.o)
 .comment       0x00000035       0x36 C:/Program Files/Microchip/xc32/v5.10/bin/bin/../../lib/gcc/pic32c/13.2.1/../../../../pic32c/lib/thumb/v7e-m+dp/hard\libc-size-musl.a(strlen.o)
 .comment       0x00000035       0x36 C:/Program Files/Microchip/xc32/v5.10/bin/bin/../../lib/gcc/pic32c/13.2.1/../../../../pic32c/lib/thumb/v7e-m+dp/hard\libc-size-musl.a(strcpy.o)
 .comment       0x00000035       0x36 C:/Program Files/Microchip/xc32/v5.10/bin/bin/../../lib/gcc/pic32c/13.2.1/../../../../pic32c/lib/thumb/v7e-m+dp/hard\libc-size-musl.a(stpcpy.o)
 .comment       0x00000035       0x36 C:/Program Files/Microchip/xc32/v5.10/bin/bin/../../lib/gcc/pic32c/13.2.1/thumb/v7e-m+dp/hard\libgcc.a(_udivmoddi4.o)
 .comment       0x00000035       0x36 C:/Program Files/Microchip/xc32/v5.10/bin/bin/../../lib/gcc/pic32c/13.2.1/../../../../pic32c/lib/thumb/v7e-m+dp/hard\libpic32c.a(pic32_data_init_clear.o)
 .comment       0x00000035       0x36 C:/Program Files/Microchip/xc32/v5.10/bin/bin/../../lib/gcc/pic32c/13.2.1/../../../../pic32c/lib/thumb/v7e-m+dp/hard\libpic32c.a(pic32_data_init_copy.o)

.debug_info     0x00000000     0xa1dd
 .debug_info    0x00000000      0x389 build/default/debug/src/app/init.o
 .debug_info    0x00000389       0xe8 build/default/debug/src/app/mission.o
 .debug_info    0x00000471      0x3e4 build/default/debug/src/app/modeSelecter.o
 .debug_info    0x00000855      0x7f8 build/default/debug/src/app/sensors.o
 .debug_info    0x0000104d      0x40b build/default/debug/src/drivers/i2c_driver.o
 .debug_info    0x00001458      0x374 build/default/debug/src/drivers/usart_driver.o
 .debug_info    0x000017cc       0x9d build/default/debug/src/hal/hal_gpio.o
 .debug_info    0x00001869      0x28f build/default/debug/src/hal/hal_i2c.o
 .debug_info    0x00001af8      0x139 build/default/debug/src/hal/hal_peripherals_init.o
 .debug_info    0x00001c31       0x9d build/default/debug/src/hal/hal_qspi.o
 .debug_info    0x00001cce      0x2ce build/default/debug/src/hal/hal_spi.o
 .debug_info    0x00001f9c       0xf9 build/default/debug/src/hal/hal_system.o
 .debug_info    0x00002095      0x26d build/default/debug/src/hal/hal_usart.o
 .debug_info    0x00002302      0x13c build/default/debug/src/hal/hal_debug_uart.o
 .debug_info    0x0000243e      0x2f0 build/default/debug/src/peripherals/eps.o
 .debug_info    0x0000272e      0x4f6 build/default/debug/src/peripherals/gnss.o
 .debug_info    0x00002c24      0x350 build/default/debug/src/peripherals/imu.o
 .debug_info    0x00002f74      0x301 build/default/debug/src/peripherals/pressure.o
 .debug_info    0x00003275      0x2e8 build/default/debug/src/peripherals/temperature.o
 .debug_info    0x0000355d      0x72a build/default/debug/src/peripherals/ttc.o
 .debug_info    0x00003c87      0x234 build/default/debug/src/main.o
 .debug_info    0x00003ebb       0xf4 build/default/debug/src/hal/hal_systick.o
 .debug_info    0x00003faf     0x107c C:\Users\diogo\AppData\Local\Temp\ccKvcq4z.o
 .debug_info    0x0000502b      0x212 C:/Program Files/Microchip/xc32/v5.10/bin/bin/../../lib/gcc/pic32c/13.2.1/../../../../pic32c/lib/thumb/v7e-m+dp/hard\libpic32c.a(data_init.o)
 .debug_info    0x0000523d      0x2fb C:/Program Files/Microchip/xc32/v5.10/bin/bin/../../lib/gcc/pic32c/13.2.1/../../../../pic32c/lib/thumb/v7e-m+dp/hard\libg-musl.a(__libc_start_main.o)
 .debug_info    0x00005538      0x276 C:/Program Files/Microchip/xc32/v5.10/bin/bin/../../lib/gcc/pic32c/13.2.1/../../../../pic32c/lib/thumb/v7e-m+dp/hard\libg-musl.a(libc.o)
 .debug_info    0x000057ae       0xd9 C:/Program Files/Microchip/xc32/v5.10/bin/bin/../../lib/gcc/pic32c/13.2.1/../../../../pic32c/lib/thumb/v7e-m+dp/hard\libg-musl.a(rand.o)
 .debug_info    0x00005887      0x20b C:/Program Files/Microchip/xc32/v5.10/bin/bin/../../lib/gcc/pic32c/13.2.1/../../../../pic32c/lib/thumb/v7e-m+dp/hard\libg-musl.a(__sio_printf_deEfFgGnpxX.o)
 .debug_info    0x00005a92      0x36e C:/Program Files/Microchip/xc32/v5.10/bin/bin/../../lib/gcc/pic32c/13.2.1/../../../../pic32c/lib/thumb/v7e-m+dp/hard\libg-musl.a(__fmt_d.o)
 .debug_info    0x00005e00      0x671 C:/Program Files/Microchip/xc32/v5.10/bin/bin/../../lib/gcc/pic32c/13.2.1/../../../../pic32c/lib/thumb/v7e-m+dp/hard\libg-musl.a(__fmt_fp.o)
 .debug_info    0x00006471      0x3a1 C:/Program Files/Microchip/xc32/v5.10/bin/bin/../../lib/gcc/pic32c/13.2.1/../../../../pic32c/lib/thumb/v7e-m+dp/hard\libg-musl.a(__fmt_x.o)
 .debug_info    0x00006812      0x162 C:/Program Files/Microchip/xc32/v5.10/bin/bin/../../lib/gcc/pic32c/13.2.1/../../../../pic32c/lib/thumb/v7e-m+dp/hard\libg-musl.a(__pop_float.o)
 .debug_info    0x00006974      0x183 C:/Program Files/Microchip/xc32/v5.10/bin/bin/../../lib/gcc/pic32c/13.2.1/../../../../pic32c/lib/thumb/v7e-m+dp/hard\libg-musl.a(__pop_int.o)
 .debug_info    0x00006af7      0x187 C:/Program Files/Microchip/xc32/v5.10/bin/bin/../../lib/gcc/pic32c/13.2.1/../../../../pic32c/lib/thumb/v7e-m+dp/hard\libg-musl.a(__pop_ptr.o)
 .debug_info    0x00006c7e      0xaff C:/Program Files/Microchip/xc32/v5.10/bin/bin/../../lib/gcc/pic32c/13.2.1/../../../../pic32c/lib/thumb/v7e-m+dp/hard\libg-musl.a(__printf_core.o)
 .debug_info    0x0000777d      0x1e6 C:/Program Files/Microchip/xc32/v5.10/bin/bin/../../lib/gcc/pic32c/13.2.1/../../../../pic32c/lib/thumb/v7e-m+dp/hard\libg-musl.a(stdout.o)
 .debug_info    0x00007963       0xe9 C:/Program Files/Microchip/xc32/v5.10/bin/bin/../../lib/gcc/pic32c/13.2.1/../../../../pic32c/lib/thumb/v7e-m+dp/hard\libg-musl.a(putchar.o)
 .debug_info    0x00007a4c      0x3ce C:/Program Files/Microchip/xc32/v5.10/bin/bin/../../lib/gcc/pic32c/13.2.1/../../../../pic32c/lib/thumb/v7e-m+dp/hard\libg-musl.a(puts.o)
 .debug_info    0x00007e1a       0xef C:/Program Files/Microchip/xc32/v5.10/bin/bin/../../lib/gcc/pic32c/13.2.1/../../../../pic32c/lib/thumb/v7e-m+dp/hard\libg-musl.a(atoi.o)
 .debug_info    0x00007f09      0x138 C:/Program Files/Microchip/xc32/v5.10/bin/bin/../../lib/gcc/pic32c/13.2.1/../../../../pic32c/lib/thumb/v7e-m+dp/hard\libg-musl.a(tolower.o)
 .debug_info    0x00008041      0x138 C:/Program Files/Microchip/xc32/v5.10/bin/bin/../../lib/gcc/pic32c/13.2.1/../../../../pic32c/lib/thumb/v7e-m+dp/hard\libg-musl.a(toupper.o)
 .debug_info    0x00008179       0x97 C:/Program Files/Microchip/xc32/v5.10/bin/bin/../../lib/gcc/pic32c/13.2.1/../../../../pic32c/lib/thumb/v7e-m+dp/hard\libg-musl.a(__environ.o)
 .debug_info    0x00008210       0x5b C:/Program Files/Microchip/xc32/v5.10/bin/bin/../../lib/gcc/pic32c/13.2.1/../../../../pic32c/lib/thumb/v7e-m+dp/hard\libg-musl.a(__errno_location.o)
 .debug_info    0x0000826b      0x21c C:/Program Files/Microchip/xc32/v5.10/bin/bin/../../lib/gcc/pic32c/13.2.1/../../../../pic32c/lib/thumb/v7e-m+dp/hard\libg-musl.a(__int_vfprintf.o)
 .debug_info    0x00008487      0x3de C:/Program Files/Microchip/xc32/v5.10/bin/bin/../../lib/gcc/pic32c/13.2.1/../../../../pic32c/lib/thumb/v7e-m+dp/hard\libg-musl.a(fputs.o)
 .debug_info    0x00008865      0x1ed C:/Program Files/Microchip/xc32/v5.10/bin/bin/../../lib/gcc/pic32c/13.2.1/../../../../pic32c/lib/thumb/v7e-m+dp/hard\libg-musl.a(__cvt_u.o)
 .debug_info    0x00008a52      0x290 C:/Program Files/Microchip/xc32/v5.10/bin/bin/../../lib/gcc/pic32c/13.2.1/../../../../pic32c/lib/thumb/v7e-m+dp/hard\libg-musl.a(fwrite.o)
 .debug_info    0x00008ce2      0x247 C:/Program Files/Microchip/xc32/v5.10/bin/bin/../../lib/gcc/pic32c/13.2.1/../../../../pic32c/lib/thumb/v7e-m+dp/hard\libg-musl.a(putc.o)
 .debug_info    0x00008f29       0xc3 C:/Program Files/Microchip/xc32/v5.10/bin/bin/../../lib/gcc/pic32c/13.2.1/../../../../pic32c/lib/thumb/v7e-m+dp/hard\libg-musl.a(__init_stdio.o)
 .debug_info    0x00008fec      0x301 C:/Program Files/Microchip/xc32/v5.10/bin/bin/../../lib/gcc/pic32c/13.2.1/../../../../pic32c/lib/thumb/v7e-m+dp/hard\libg-musl.a(__out.o)
 .debug_info    0x000092ed      0x113 C:/Program Files/Microchip/xc32/v5.10/bin/bin/../../lib/gcc/pic32c/13.2.1/../../../../pic32c/lib/thumb/v7e-m+dp/hard\libpic32c.a(write.o)
 .debug_info    0x00009400       0xff C:/Program Files/Microchip/xc32/v5.10/bin/bin/../../lib/gcc/pic32c/13.2.1/../../../../pic32c/lib/thumb/v7e-m+dp/hard\libc-size-musl.a(memcpy.o)
 .debug_info    0x000094ff       0xc2 C:/Program Files/Microchip/xc32/v5.10/bin/bin/../../lib/gcc/pic32c/13.2.1/../../../../pic32c/lib/thumb/v7e-m+dp/hard\libc-size-musl.a(memset.o)
 .debug_info    0x000095c1       0xab C:/Program Files/Microchip/xc32/v5.10/bin/bin/../../lib/gcc/pic32c/13.2.1/../../../../pic32c/lib/thumb/v7e-m+dp/hard\libc-size-musl.a(strlen.o)
 .debug_info    0x0000966c       0xdd C:/Program Files/Microchip/xc32/v5.10/bin/bin/../../lib/gcc/pic32c/13.2.1/../../../../pic32c/lib/thumb/v7e-m+dp/hard\libc-size-musl.a(strcpy.o)
 .debug_info    0x00009749       0xac C:/Program Files/Microchip/xc32/v5.10/bin/bin/../../lib/gcc/pic32c/13.2.1/../../../../pic32c/lib/thumb/v7e-m+dp/hard\libc-size-musl.a(stpcpy.o)
 .debug_info    0x000097f5       0x35 C:/Program Files/Microchip/xc32/v5.10/bin/bin/../../lib/gcc/pic32c/13.2.1/thumb/v7e-m+dp/hard\libgcc.a(_aeabi_uldivmod.o)
 .debug_info    0x0000982a      0x73c C:/Program Files/Microchip/xc32/v5.10/bin/bin/../../lib/gcc/pic32c/13.2.1/thumb/v7e-m+dp/hard\libgcc.a(_udivmoddi4.o)
 .debug_info    0x00009f66       0x41 C:/Program Files/Microchip/xc32/v5.10/bin/bin/../../lib/gcc/pic32c/13.2.1/thumb/v7e-m+dp/hard\libgcc.a(_dvmd_tls.o)
 .debug_info    0x00009fa7      0x110 C:/Program Files/Microchip/xc32/v5.10/bin/bin/../../lib/gcc/pic32c/13.2.1/../../../../pic32c/lib/thumb/v7e-m+dp/hard\libpic32c.a(pic32_data_init_clear.o)
 .debug_info    0x0000a0b7      0x126 C:/Program Files/Microchip/xc32/v5.10/bin/bin/../../lib/gcc/pic32c/13.2.1/../../../../pic32c/lib/thumb/v7e-m+dp/hard\libpic32c.a(pic32_data_init_copy.o)

.debug_abbrev   0x00000000     0x44a8
 .debug_abbrev  0x00000000      0x132 build/default/debug/src/app/init.o
 .debug_abbrev  0x00000132       0x57 build/default/debug/src/app/mission.o
 .debug_abbrev  0x00000189      0x1a6 build/default/debug/src/app/modeSelecter.o
 .debug_abbrev  0x0000032f      0x17d build/default/debug/src/app/sensors.o
 .debug_abbrev  0x000004ac      0x148 build/default/debug/src/drivers/i2c_driver.o
 .debug_abbrev  0x000005f4      0x16b build/default/debug/src/drivers/usart_driver.o
 .debug_abbrev  0x0000075f       0x57 build/default/debug/src/hal/hal_gpio.o
 .debug_abbrev  0x000007b6      0x181 build/default/debug/src/hal/hal_i2c.o
 .debug_abbrev  0x00000937       0x57 build/default/debug/src/hal/hal_peripherals_init.o
 .debug_abbrev  0x0000098e       0x57 build/default/debug/src/hal/hal_qspi.o
 .debug_abbrev  0x000009e5      0x195 build/default/debug/src/hal/hal_spi.o
 .debug_abbrev  0x00000b7a       0x57 build/default/debug/src/hal/hal_system.o
 .debug_abbrev  0x00000bd1      0x1a3 build/default/debug/src/hal/hal_usart.o
 .debug_abbrev  0x00000d74      0x100 build/default/debug/src/hal/hal_debug_uart.o
 .debug_abbrev  0x00000e74      0x1b5 build/default/debug/src/peripherals/eps.o
 .debug_abbrev  0x00001029      0x2a7 build/default/debug/src/peripherals/gnss.o
 .debug_abbrev  0x000012d0      0x1b5 build/default/debug/src/peripherals/imu.o
 .debug_abbrev  0x00001485      0x1d0 build/default/debug/src/peripherals/pressure.o
 .debug_abbrev  0x00001655      0x1b5 build/default/debug/src/peripherals/temperature.o
 .debug_abbrev  0x0000180a      0x217 build/default/debug/src/peripherals/ttc.o
 .debug_abbrev  0x00001a21       0xff build/default/debug/src/main.o
 .debug_abbrev  0x00001b20       0xb6 build/default/debug/src/hal/hal_systick.o
 .debug_abbrev  0x00001bd6      0x2bf C:\Users\diogo\AppData\Local\Temp\ccKvcq4z.o
 .debug_abbrev  0x00001e95      0x156 C:/Program Files/Microchip/xc32/v5.10/bin/bin/../../lib/gcc/pic32c/13.2.1/../../../../pic32c/lib/thumb/v7e-m+dp/hard\libpic32c.a(data_init.o)
 .debug_abbrev  0x00001feb      0x133 C:/Program Files/Microchip/xc32/v5.10/bin/bin/../../lib/gcc/pic32c/13.2.1/../../../../pic32c/lib/thumb/v7e-m+dp/hard\libg-musl.a(__libc_start_main.o)
 .debug_abbrev  0x0000211e       0xd4 C:/Program Files/Microchip/xc32/v5.10/bin/bin/../../lib/gcc/pic32c/13.2.1/../../../../pic32c/lib/thumb/v7e-m+dp/hard\libg-musl.a(libc.o)
 .debug_abbrev  0x000021f2       0x96 C:/Program Files/Microchip/xc32/v5.10/bin/bin/../../lib/gcc/pic32c/13.2.1/../../../../pic32c/lib/thumb/v7e-m+dp/hard\libg-musl.a(rand.o)
 .debug_abbrev  0x00002288      0x16b C:/Program Files/Microchip/xc32/v5.10/bin/bin/../../lib/gcc/pic32c/13.2.1/../../../../pic32c/lib/thumb/v7e-m+dp/hard\libg-musl.a(__sio_printf_deEfFgGnpxX.o)
 .debug_abbrev  0x000023f3      0x17c C:/Program Files/Microchip/xc32/v5.10/bin/bin/../../lib/gcc/pic32c/13.2.1/../../../../pic32c/lib/thumb/v7e-m+dp/hard\libg-musl.a(__fmt_d.o)
 .debug_abbrev  0x0000256f      0x1e8 C:/Program Files/Microchip/xc32/v5.10/bin/bin/../../lib/gcc/pic32c/13.2.1/../../../../pic32c/lib/thumb/v7e-m+dp/hard\libg-musl.a(__fmt_fp.o)
 .debug_abbrev  0x00002757      0x15a C:/Program Files/Microchip/xc32/v5.10/bin/bin/../../lib/gcc/pic32c/13.2.1/../../../../pic32c/lib/thumb/v7e-m+dp/hard\libg-musl.a(__fmt_x.o)
 .debug_abbrev  0x000028b1       0xdc C:/Program Files/Microchip/xc32/v5.10/bin/bin/../../lib/gcc/pic32c/13.2.1/../../../../pic32c/lib/thumb/v7e-m+dp/hard\libg-musl.a(__pop_float.o)
 .debug_abbrev  0x0000298d       0xdc C:/Program Files/Microchip/xc32/v5.10/bin/bin/../../lib/gcc/pic32c/13.2.1/../../../../pic32c/lib/thumb/v7e-m+dp/hard\libg-musl.a(__pop_int.o)
 .debug_abbrev  0x00002a69       0xed C:/Program Files/Microchip/xc32/v5.10/bin/bin/../../lib/gcc/pic32c/13.2.1/../../../../pic32c/lib/thumb/v7e-m+dp/hard\libg-musl.a(__pop_ptr.o)
 .debug_abbrev  0x00002b56      0x33f C:/Program Files/Microchip/xc32/v5.10/bin/bin/../../lib/gcc/pic32c/13.2.1/../../../../pic32c/lib/thumb/v7e-m+dp/hard\libg-musl.a(__printf_core.o)
 .debug_abbrev  0x00002e95      0x161 C:/Program Files/Microchip/xc32/v5.10/bin/bin/../../lib/gcc/pic32c/13.2.1/../../../../pic32c/lib/thumb/v7e-m+dp/hard\libg-musl.a(stdout.o)
 .debug_abbrev  0x00002ff6       0xcf C:/Program Files/Microchip/xc32/v5.10/bin/bin/../../lib/gcc/pic32c/13.2.1/../../../../pic32c/lib/thumb/v7e-m+dp/hard\libg-musl.a(putchar.o)
 .debug_abbrev  0x000030c5      0x15a C:/Program Files/Microchip/xc32/v5.10/bin/bin/../../lib/gcc/pic32c/13.2.1/../../../../pic32c/lib/thumb/v7e-m+dp/hard\libg-musl.a(puts.o)
 .debug_abbrev  0x0000321f       0xc4 C:/Program Files/Microchip/xc32/v5.10/bin/bin/../../lib/gcc/pic32c/13.2.1/../../../../pic32c/lib/thumb/v7e-m+dp/hard\libg-musl.a(atoi.o)
 .debug_abbrev  0x000032e3      0x108 C:/Program Files/Microchip/xc32/v5.10/bin/bin/../../lib/gcc/pic32c/13.2.1/../../../../pic32c/lib/thumb/v7e-m+dp/hard\libg-musl.a(tolower.o)
 .debug_abbrev  0x000033eb      0x108 C:/Program Files/Microchip/xc32/v5.10/bin/bin/../../lib/gcc/pic32c/13.2.1/../../../../pic32c/lib/thumb/v7e-m+dp/hard\libg-musl.a(toupper.o)
 .debug_abbrev  0x000034f3       0x62 C:/Program Files/Microchip/xc32/v5.10/bin/bin/../../lib/gcc/pic32c/13.2.1/../../../../pic32c/lib/thumb/v7e-m+dp/hard\libg-musl.a(__environ.o)
 .debug_abbrev  0x00003555       0x39 C:/Program Files/Microchip/xc32/v5.10/bin/bin/../../lib/gcc/pic32c/13.2.1/../../../../pic32c/lib/thumb/v7e-m+dp/hard\libg-musl.a(__errno_location.o)
 .debug_abbrev  0x0000358e      0x13a C:/Program Files/Microchip/xc32/v5.10/bin/bin/../../lib/gcc/pic32c/13.2.1/../../../../pic32c/lib/thumb/v7e-m+dp/hard\libg-musl.a(__int_vfprintf.o)
 .debug_abbrev  0x000036c8      0x14c C:/Program Files/Microchip/xc32/v5.10/bin/bin/../../lib/gcc/pic32c/13.2.1/../../../../pic32c/lib/thumb/v7e-m+dp/hard\libg-musl.a(fputs.o)
 .debug_abbrev  0x00003814       0xfe C:/Program Files/Microchip/xc32/v5.10/bin/bin/../../lib/gcc/pic32c/13.2.1/../../../../pic32c/lib/thumb/v7e-m+dp/hard\libg-musl.a(__cvt_u.o)
 .debug_abbrev  0x00003912      0x149 C:/Program Files/Microchip/xc32/v5.10/bin/bin/../../lib/gcc/pic32c/13.2.1/../../../../pic32c/lib/thumb/v7e-m+dp/hard\libg-musl.a(fwrite.o)
 .debug_abbrev  0x00003a5b      0x16a C:/Program Files/Microchip/xc32/v5.10/bin/bin/../../lib/gcc/pic32c/13.2.1/../../../../pic32c/lib/thumb/v7e-m+dp/hard\libg-musl.a(putc.o)
 .debug_abbrev  0x00003bc5       0x65 C:/Program Files/Microchip/xc32/v5.10/bin/bin/../../lib/gcc/pic32c/13.2.1/../../../../pic32c/lib/thumb/v7e-m+dp/hard\libg-musl.a(__init_stdio.o)
 .debug_abbrev  0x00003c2a      0x192 C:/Program Files/Microchip/xc32/v5.10/bin/bin/../../lib/gcc/pic32c/13.2.1/../../../../pic32c/lib/thumb/v7e-m+dp/hard\libg-musl.a(__out.o)
 .debug_abbrev  0x00003dbc       0xdd C:/Program Files/Microchip/xc32/v5.10/bin/bin/../../lib/gcc/pic32c/13.2.1/../../../../pic32c/lib/thumb/v7e-m+dp/hard\libpic32c.a(write.o)
 .debug_abbrev  0x00003e99       0xaa C:/Program Files/Microchip/xc32/v5.10/bin/bin/../../lib/gcc/pic32c/13.2.1/../../../../pic32c/lib/thumb/v7e-m+dp/hard\libc-size-musl.a(memcpy.o)
 .debug_abbrev  0x00003f43       0xa2 C:/Program Files/Microchip/xc32/v5.10/bin/bin/../../lib/gcc/pic32c/13.2.1/../../../../pic32c/lib/thumb/v7e-m+dp/hard\libc-size-musl.a(memset.o)
 .debug_abbrev  0x00003fe5       0x91 C:/Program Files/Microchip/xc32/v5.10/bin/bin/../../lib/gcc/pic32c/13.2.1/../../../../pic32c/lib/thumb/v7e-m+dp/hard\libc-size-musl.a(strlen.o)
 .debug_abbrev  0x00004076       0xb5 C:/Program Files/Microchip/xc32/v5.10/bin/bin/../../lib/gcc/pic32c/13.2.1/../../../../pic32c/lib/thumb/v7e-m+dp/hard\libc-size-musl.a(strcpy.o)
 .debug_abbrev  0x0000412b       0x6e C:/Program Files/Microchip/xc32/v5.10/bin/bin/../../lib/gcc/pic32c/13.2.1/../../../../pic32c/lib/thumb/v7e-m+dp/hard\libc-size-musl.a(stpcpy.o)
 .debug_abbrev  0x00004199       0x21 C:/Program Files/Microchip/xc32/v5.10/bin/bin/../../lib/gcc/pic32c/13.2.1/thumb/v7e-m+dp/hard\libgcc.a(_aeabi_uldivmod.o)
 .debug_abbrev  0x000041ba      0x163 C:/Program Files/Microchip/xc32/v5.10/bin/bin/../../lib/gcc/pic32c/13.2.1/thumb/v7e-m+dp/hard\libgcc.a(_udivmoddi4.o)
 .debug_abbrev  0x0000431d       0x1f C:/Program Files/Microchip/xc32/v5.10/bin/bin/../../lib/gcc/pic32c/13.2.1/thumb/v7e-m+dp/hard\libgcc.a(_dvmd_tls.o)
 .debug_abbrev  0x0000433c       0xa2 C:/Program Files/Microchip/xc32/v5.10/bin/bin/../../lib/gcc/pic32c/13.2.1/../../../../pic32c/lib/thumb/v7e-m+dp/hard\libpic32c.a(pic32_data_init_clear.o)
 .debug_abbrev  0x000043de       0xca C:/Program Files/Microchip/xc32/v5.10/bin/bin/../../lib/gcc/pic32c/13.2.1/../../../../pic32c/lib/thumb/v7e-m+dp/hard\libpic32c.a(pic32_data_init_copy.o)

.debug_loc      0x00000000     0x49be
 .debug_loc     0x00000000       0x8b build/default/debug/src/app/init.o
 .debug_loc     0x0000008b      0x24a build/default/debug/src/app/modeSelecter.o
 .debug_loc     0x000002d5       0x78 build/default/debug/src/app/sensors.o
 .debug_loc     0x0000034d      0x112 build/default/debug/src/drivers/i2c_driver.o
 .debug_loc     0x0000045f      0x17d build/default/debug/src/drivers/usart_driver.o
 .debug_loc     0x000005dc      0x10c build/default/debug/src/hal/hal_i2c.o
 .debug_loc     0x000006e8      0x124 build/default/debug/src/hal/hal_spi.o
 .debug_loc     0x0000080c      0x1b3 build/default/debug/src/hal/hal_usart.o
 .debug_loc     0x000009bf       0x15 build/default/debug/src/hal/hal_debug_uart.o
 .debug_loc     0x000009d4       0x3a build/default/debug/src/peripherals/eps.o
 .debug_loc     0x00000a0e      0x15b build/default/debug/src/peripherals/gnss.o
 .debug_loc     0x00000b69       0x3a build/default/debug/src/peripherals/imu.o
 .debug_loc     0x00000ba3       0xb7 build/default/debug/src/peripherals/pressure.o
 .debug_loc     0x00000c5a       0x3a build/default/debug/src/peripherals/temperature.o
 .debug_loc     0x00000c94      0x34b build/default/debug/src/peripherals/ttc.o
 .debug_loc     0x00000fdf       0x51 build/default/debug/src/main.o
 .debug_loc     0x00001030       0x86 C:\Users\diogo\AppData\Local\Temp\ccKvcq4z.o
 .debug_loc     0x000010b6      0x113 C:/Program Files/Microchip/xc32/v5.10/bin/bin/../../lib/gcc/pic32c/13.2.1/../../../../pic32c/lib/thumb/v7e-m+dp/hard\libpic32c.a(data_init.o)
 .debug_loc     0x000011c9       0x51 C:/Program Files/Microchip/xc32/v5.10/bin/bin/../../lib/gcc/pic32c/13.2.1/../../../../pic32c/lib/thumb/v7e-m+dp/hard\libg-musl.a(__libc_start_main.o)
 .debug_loc     0x0000121a       0x24 C:/Program Files/Microchip/xc32/v5.10/bin/bin/../../lib/gcc/pic32c/13.2.1/../../../../pic32c/lib/thumb/v7e-m+dp/hard\libg-musl.a(rand.o)
 .debug_loc     0x0000123e       0x91 C:/Program Files/Microchip/xc32/v5.10/bin/bin/../../lib/gcc/pic32c/13.2.1/../../../../pic32c/lib/thumb/v7e-m+dp/hard\libg-musl.a(__sio_printf_deEfFgGnpxX.o)
 .debug_loc     0x000012cf      0x196 C:/Program Files/Microchip/xc32/v5.10/bin/bin/../../lib/gcc/pic32c/13.2.1/../../../../pic32c/lib/thumb/v7e-m+dp/hard\libg-musl.a(__fmt_d.o)
 .debug_loc     0x00001465      0xb88 C:/Program Files/Microchip/xc32/v5.10/bin/bin/../../lib/gcc/pic32c/13.2.1/../../../../pic32c/lib/thumb/v7e-m+dp/hard\libg-musl.a(__fmt_fp.o)
 .debug_loc     0x00001fed      0x2c6 C:/Program Files/Microchip/xc32/v5.10/bin/bin/../../lib/gcc/pic32c/13.2.1/../../../../pic32c/lib/thumb/v7e-m+dp/hard\libg-musl.a(__fmt_x.o)
 .debug_loc     0x000022b3       0xa4 C:/Program Files/Microchip/xc32/v5.10/bin/bin/../../lib/gcc/pic32c/13.2.1/../../../../pic32c/lib/thumb/v7e-m+dp/hard\libg-musl.a(__pop_float.o)
 .debug_loc     0x00002357      0x36f C:/Program Files/Microchip/xc32/v5.10/bin/bin/../../lib/gcc/pic32c/13.2.1/../../../../pic32c/lib/thumb/v7e-m+dp/hard\libg-musl.a(__pop_int.o)
 .debug_loc     0x000026c6      0x157 C:/Program Files/Microchip/xc32/v5.10/bin/bin/../../lib/gcc/pic32c/13.2.1/../../../../pic32c/lib/thumb/v7e-m+dp/hard\libg-musl.a(__pop_ptr.o)
 .debug_loc     0x0000281d      0x5f4 C:/Program Files/Microchip/xc32/v5.10/bin/bin/../../lib/gcc/pic32c/13.2.1/../../../../pic32c/lib/thumb/v7e-m+dp/hard\libg-musl.a(__printf_core.o)
 .debug_loc     0x00002e11       0x20 C:/Program Files/Microchip/xc32/v5.10/bin/bin/../../lib/gcc/pic32c/13.2.1/../../../../pic32c/lib/thumb/v7e-m+dp/hard\libg-musl.a(stdout.o)
 .debug_loc     0x00002e31       0x2b C:/Program Files/Microchip/xc32/v5.10/bin/bin/../../lib/gcc/pic32c/13.2.1/../../../../pic32c/lib/thumb/v7e-m+dp/hard\libg-musl.a(putchar.o)
 .debug_loc     0x00002e5c       0x70 C:/Program Files/Microchip/xc32/v5.10/bin/bin/../../lib/gcc/pic32c/13.2.1/../../../../pic32c/lib/thumb/v7e-m+dp/hard\libg-musl.a(puts.o)
 .debug_loc     0x00002ecc       0x9e C:/Program Files/Microchip/xc32/v5.10/bin/bin/../../lib/gcc/pic32c/13.2.1/../../../../pic32c/lib/thumb/v7e-m+dp/hard\libg-musl.a(atoi.o)
 .debug_loc     0x00002f6a       0x50 C:/Program Files/Microchip/xc32/v5.10/bin/bin/../../lib/gcc/pic32c/13.2.1/../../../../pic32c/lib/thumb/v7e-m+dp/hard\libg-musl.a(tolower.o)
 .debug_loc     0x00002fba       0x50 C:/Program Files/Microchip/xc32/v5.10/bin/bin/../../lib/gcc/pic32c/13.2.1/../../../../pic32c/lib/thumb/v7e-m+dp/hard\libg-musl.a(toupper.o)
 .debug_loc     0x0000300a       0xa3 C:/Program Files/Microchip/xc32/v5.10/bin/bin/../../lib/gcc/pic32c/13.2.1/../../../../pic32c/lib/thumb/v7e-m+dp/hard\libg-musl.a(__int_vfprintf.o)
 .debug_loc     0x000030ad       0x93 C:/Program Files/Microchip/xc32/v5.10/bin/bin/../../lib/gcc/pic32c/13.2.1/../../../../pic32c/lib/thumb/v7e-m+dp/hard\libg-musl.a(fputs.o)
 .debug_loc     0x00003140      0x18a C:/Program Files/Microchip/xc32/v5.10/bin/bin/../../lib/gcc/pic32c/13.2.1/../../../../pic32c/lib/thumb/v7e-m+dp/hard\libg-musl.a(__cvt_u.o)
 .debug_loc     0x000032ca      0x192 C:/Program Files/Microchip/xc32/v5.10/bin/bin/../../lib/gcc/pic32c/13.2.1/../../../../pic32c/lib/thumb/v7e-m+dp/hard\libg-musl.a(fwrite.o)
 .debug_loc     0x0000345c      0x134 C:/Program Files/Microchip/xc32/v5.10/bin/bin/../../lib/gcc/pic32c/13.2.1/../../../../pic32c/lib/thumb/v7e-m+dp/hard\libg-musl.a(putc.o)
 .debug_loc     0x00003590       0x20 C:/Program Files/Microchip/xc32/v5.10/bin/bin/../../lib/gcc/pic32c/13.2.1/../../../../pic32c/lib/thumb/v7e-m+dp/hard\libg-musl.a(__init_stdio.o)
 .debug_loc     0x000035b0      0x1fd C:/Program Files/Microchip/xc32/v5.10/bin/bin/../../lib/gcc/pic32c/13.2.1/../../../../pic32c/lib/thumb/v7e-m+dp/hard\libg-musl.a(__out.o)
 .debug_loc     0x000037ad      0x1ab C:/Program Files/Microchip/xc32/v5.10/bin/bin/../../lib/gcc/pic32c/13.2.1/../../../../pic32c/lib/thumb/v7e-m+dp/hard\libpic32c.a(write.o)
 .debug_loc     0x00003958      0x10b C:/Program Files/Microchip/xc32/v5.10/bin/bin/../../lib/gcc/pic32c/13.2.1/../../../../pic32c/lib/thumb/v7e-m+dp/hard\libc-size-musl.a(memcpy.o)
 .debug_loc     0x00003a63       0xa5 C:/Program Files/Microchip/xc32/v5.10/bin/bin/../../lib/gcc/pic32c/13.2.1/../../../../pic32c/lib/thumb/v7e-m+dp/hard\libc-size-musl.a(memset.o)
 .debug_loc     0x00003b08       0xaf C:/Program Files/Microchip/xc32/v5.10/bin/bin/../../lib/gcc/pic32c/13.2.1/../../../../pic32c/lib/thumb/v7e-m+dp/hard\libc-size-musl.a(strlen.o)
 .debug_loc     0x00003bb7       0x6d C:/Program Files/Microchip/xc32/v5.10/bin/bin/../../lib/gcc/pic32c/13.2.1/../../../../pic32c/lib/thumb/v7e-m+dp/hard\libc-size-musl.a(strcpy.o)
 .debug_loc     0x00003c24       0x6d C:/Program Files/Microchip/xc32/v5.10/bin/bin/../../lib/gcc/pic32c/13.2.1/../../../../pic32c/lib/thumb/v7e-m+dp/hard\libc-size-musl.a(stpcpy.o)
 .debug_loc     0x00003c91      0xba8 C:/Program Files/Microchip/xc32/v5.10/bin/bin/../../lib/gcc/pic32c/13.2.1/thumb/v7e-m+dp/hard\libgcc.a(_udivmoddi4.o)
 .debug_loc     0x00004839       0x94 C:/Program Files/Microchip/xc32/v5.10/bin/bin/../../lib/gcc/pic32c/13.2.1/../../../../pic32c/lib/thumb/v7e-m+dp/hard\libpic32c.a(pic32_data_init_clear.o)
 .debug_loc     0x000048cd       0xf1 C:/Program Files/Microchip/xc32/v5.10/bin/bin/../../lib/gcc/pic32c/13.2.1/../../../../pic32c/lib/thumb/v7e-m+dp/hard\libpic32c.a(pic32_data_init_copy.o)

.debug_aranges  0x00000000      0xa50
 .debug_aranges
                0x00000000       0x20 build/default/debug/src/app/init.o
 .debug_aranges
                0x00000020       0x18 build/default/debug/src/app/mission.o
 .debug_aranges
                0x00000038       0x58 build/default/debug/src/app/modeSelecter.o
 .debug_aranges
                0x00000090       0x30 build/default/debug/src/app/sensors.o
 .debug_aranges
                0x000000c0       0x20 build/default/debug/src/drivers/i2c_driver.o
 .debug_aranges
                0x000000e0       0x38 build/default/debug/src/drivers/usart_driver.o
 .debug_aranges
                0x00000118       0x20 build/default/debug/src/hal/hal_gpio.o
 .debug_aranges
                0x00000138       0x88 build/default/debug/src/hal/hal_i2c.o
 .debug_aranges
                0x000001c0       0x50 build/default/debug/src/hal/hal_peripherals_init.o
 .debug_aranges
                0x00000210       0x20 build/default/debug/src/hal/hal_qspi.o
 .debug_aranges
                0x00000230       0x58 build/default/debug/src/hal/hal_spi.o
 .debug_aranges
                0x00000288       0x58 build/default/debug/src/hal/hal_system.o
 .debug_aranges
                0x000002e0       0x50 build/default/debug/src/hal/hal_usart.o
 .debug_aranges
                0x00000330       0x28 build/default/debug/src/hal/hal_debug_uart.o
 .debug_aranges
                0x00000358       0x30 build/default/debug/src/peripherals/eps.o
 .debug_aranges
                0x00000388       0x38 build/default/debug/src/peripherals/gnss.o
 .debug_aranges
                0x000003c0       0x30 build/default/debug/src/peripherals/imu.o
 .debug_aranges
                0x000003f0       0x30 build/default/debug/src/peripherals/pressure.o
 .debug_aranges
                0x00000420       0x30 build/default/debug/src/peripherals/temperature.o
 .debug_aranges
                0x00000450       0x38 build/default/debug/src/peripherals/ttc.o
 .debug_aranges
                0x00000488       0x20 build/default/debug/src/main.o
 .debug_aranges
                0x000004a8       0x30 build/default/debug/src/hal/hal_systick.o
 .debug_aranges
                0x000004d8       0x30 C:\Users\diogo\AppData\Local\Temp\ccKvcq4z.o
 .debug_aranges
                0x00000508       0x30 C:/Program Files/Microchip/xc32/v5.10/bin/bin/../../lib/gcc/pic32c/13.2.1/../../../../pic32c/lib/thumb/v7e-m+dp/hard\libpic32c.a(data_init.o)
 .debug_aranges
                0x00000538       0x28 C:/Program Files/Microchip/xc32/v5.10/bin/bin/../../lib/gcc/pic32c/13.2.1/../../../../pic32c/lib/thumb/v7e-m+dp/hard\libg-musl.a(__libc_start_main.o)
 .debug_aranges
                0x00000560       0x18 C:/Program Files/Microchip/xc32/v5.10/bin/bin/../../lib/gcc/pic32c/13.2.1/../../../../pic32c/lib/thumb/v7e-m+dp/hard\libg-musl.a(libc.o)
 .debug_aranges
                0x00000578       0x28 C:/Program Files/Microchip/xc32/v5.10/bin/bin/../../lib/gcc/pic32c/13.2.1/../../../../pic32c/lib/thumb/v7e-m+dp/hard\libg-musl.a(rand.o)
 .debug_aranges
                0x000005a0       0x28 C:/Program Files/Microchip/xc32/v5.10/bin/bin/../../lib/gcc/pic32c/13.2.1/../../../../pic32c/lib/thumb/v7e-m+dp/hard\libg-musl.a(__sio_printf_deEfFgGnpxX.o)
 .debug_aranges
                0x000005c8       0x20 C:/Program Files/Microchip/xc32/v5.10/bin/bin/../../lib/gcc/pic32c/13.2.1/../../../../pic32c/lib/thumb/v7e-m+dp/hard\libg-musl.a(__fmt_d.o)
 .debug_aranges
                0x000005e8       0x20 C:/Program Files/Microchip/xc32/v5.10/bin/bin/../../lib/gcc/pic32c/13.2.1/../../../../pic32c/lib/thumb/v7e-m+dp/hard\libg-musl.a(__fmt_fp.o)
 .debug_aranges
                0x00000608       0x20 C:/Program Files/Microchip/xc32/v5.10/bin/bin/../../lib/gcc/pic32c/13.2.1/../../../../pic32c/lib/thumb/v7e-m+dp/hard\libg-musl.a(__fmt_x.o)
 .debug_aranges
                0x00000628       0x20 C:/Program Files/Microchip/xc32/v5.10/bin/bin/../../lib/gcc/pic32c/13.2.1/../../../../pic32c/lib/thumb/v7e-m+dp/hard\libg-musl.a(__pop_float.o)
 .debug_aranges
                0x00000648       0x20 C:/Program Files/Microchip/xc32/v5.10/bin/bin/../../lib/gcc/pic32c/13.2.1/../../../../pic32c/lib/thumb/v7e-m+dp/hard\libg-musl.a(__pop_int.o)
 .debug_aranges
                0x00000668       0x20 C:/Program Files/Microchip/xc32/v5.10/bin/bin/../../lib/gcc/pic32c/13.2.1/../../../../pic32c/lib/thumb/v7e-m+dp/hard\libg-musl.a(__pop_ptr.o)
 .debug_aranges
                0x00000688       0x50 C:/Program Files/Microchip/xc32/v5.10/bin/bin/../../lib/gcc/pic32c/13.2.1/../../../../pic32c/lib/thumb/v7e-m+dp/hard\libg-musl.a(__printf_core.o)
 .debug_aranges
                0x000006d8       0x30 C:/Program Files/Microchip/xc32/v5.10/bin/bin/../../lib/gcc/pic32c/13.2.1/../../../../pic32c/lib/thumb/v7e-m+dp/hard\libg-musl.a(stdout.o)
 .debug_aranges
                0x00000708       0x20 C:/Program Files/Microchip/xc32/v5.10/bin/bin/../../lib/gcc/pic32c/13.2.1/../../../../pic32c/lib/thumb/v7e-m+dp/hard\libg-musl.a(putchar.o)
 .debug_aranges
                0x00000728       0x20 C:/Program Files/Microchip/xc32/v5.10/bin/bin/../../lib/gcc/pic32c/13.2.1/../../../../pic32c/lib/thumb/v7e-m+dp/hard\libg-musl.a(puts.o)
 .debug_aranges
                0x00000748       0x20 C:/Program Files/Microchip/xc32/v5.10/bin/bin/../../lib/gcc/pic32c/13.2.1/../../../../pic32c/lib/thumb/v7e-m+dp/hard\libg-musl.a(atoi.o)
 .debug_aranges
                0x00000768       0x28 C:/Program Files/Microchip/xc32/v5.10/bin/bin/../../lib/gcc/pic32c/13.2.1/../../../../pic32c/lib/thumb/v7e-m+dp/hard\libg-musl.a(tolower.o)
 .debug_aranges
                0x00000790       0x28 C:/Program Files/Microchip/xc32/v5.10/bin/bin/../../lib/gcc/pic32c/13.2.1/../../../../pic32c/lib/thumb/v7e-m+dp/hard\libg-musl.a(toupper.o)
 .debug_aranges
                0x000007b8       0x18 C:/Program Files/Microchip/xc32/v5.10/bin/bin/../../lib/gcc/pic32c/13.2.1/../../../../pic32c/lib/thumb/v7e-m+dp/hard\libg-musl.a(__environ.o)
 .debug_aranges
                0x000007d0       0x18 C:/Program Files/Microchip/xc32/v5.10/bin/bin/../../lib/gcc/pic32c/13.2.1/../../../../pic32c/lib/thumb/v7e-m+dp/hard\libg-musl.a(__errno_location.o)
 .debug_aranges
                0x000007e8       0x20 C:/Program Files/Microchip/xc32/v5.10/bin/bin/../../lib/gcc/pic32c/13.2.1/../../../../pic32c/lib/thumb/v7e-m+dp/hard\libg-musl.a(__int_vfprintf.o)
 .debug_aranges
                0x00000808       0x20 C:/Program Files/Microchip/xc32/v5.10/bin/bin/../../lib/gcc/pic32c/13.2.1/../../../../pic32c/lib/thumb/v7e-m+dp/hard\libg-musl.a(fputs.o)
 .debug_aranges
                0x00000828       0x20 C:/Program Files/Microchip/xc32/v5.10/bin/bin/../../lib/gcc/pic32c/13.2.1/../../../../pic32c/lib/thumb/v7e-m+dp/hard\libg-musl.a(__cvt_u.o)
 .debug_aranges
                0x00000848       0x28 C:/Program Files/Microchip/xc32/v5.10/bin/bin/../../lib/gcc/pic32c/13.2.1/../../../../pic32c/lib/thumb/v7e-m+dp/hard\libg-musl.a(fwrite.o)
 .debug_aranges
                0x00000870       0x30 C:/Program Files/Microchip/xc32/v5.10/bin/bin/../../lib/gcc/pic32c/13.2.1/../../../../pic32c/lib/thumb/v7e-m+dp/hard\libg-musl.a(putc.o)
 .debug_aranges
                0x000008a0       0x28 C:/Program Files/Microchip/xc32/v5.10/bin/bin/../../lib/gcc/pic32c/13.2.1/../../../../pic32c/lib/thumb/v7e-m+dp/hard\libg-musl.a(__init_stdio.o)
 .debug_aranges
                0x000008c8       0x28 C:/Program Files/Microchip/xc32/v5.10/bin/bin/../../lib/gcc/pic32c/13.2.1/../../../../pic32c/lib/thumb/v7e-m+dp/hard\libg-musl.a(__out.o)
 .debug_aranges
                0x000008f0       0x20 C:/Program Files/Microchip/xc32/v5.10/bin/bin/../../lib/gcc/pic32c/13.2.1/../../../../pic32c/lib/thumb/v7e-m+dp/hard\libpic32c.a(write.o)
 .debug_aranges
                0x00000910       0x20 C:/Program Files/Microchip/xc32/v5.10/bin/bin/../../lib/gcc/pic32c/13.2.1/../../../../pic32c/lib/thumb/v7e-m+dp/hard\libc-size-musl.a(memcpy.o)
 .debug_aranges
                0x00000930       0x20 C:/Program Files/Microchip/xc32/v5.10/bin/bin/../../lib/gcc/pic32c/13.2.1/../../../../pic32c/lib/thumb/v7e-m+dp/hard\libc-size-musl.a(memset.o)
 .debug_aranges
                0x00000950       0x20 C:/Program Files/Microchip/xc32/v5.10/bin/bin/../../lib/gcc/pic32c/13.2.1/../../../../pic32c/lib/thumb/v7e-m+dp/hard\libc-size-musl.a(strlen.o)
 .debug_aranges
                0x00000970       0x20 C:/Program Files/Microchip/xc32/v5.10/bin/bin/../../lib/gcc/pic32c/13.2.1/../../../../pic32c/lib/thumb/v7e-m+dp/hard\libc-size-musl.a(strcpy.o)
 .debug_aranges
                0x00000990       0x20 C:/Program Files/Microchip/xc32/v5.10/bin/bin/../../lib/gcc/pic32c/13.2.1/../../../../pic32c/lib/thumb/v7e-m+dp/hard\libc-size-musl.a(stpcpy.o)
 .debug_aranges
                0x000009b0       0x20 C:/Program Files/Microchip/xc32/v5.10/bin/bin/../../lib/gcc/pic32c/13.2.1/thumb/v7e-m+dp/hard\libgcc.a(_aeabi_uldivmod.o)
 .debug_aranges
                0x000009d0       0x20 C:/Program Files/Microchip/xc32/v5.10/bin/bin/../../lib/gcc/pic32c/13.2.1/thumb/v7e-m+dp/hard\libgcc.a(_udivmoddi4.o)
 .debug_aranges
                0x000009f0       0x20 C:/Program Files/Microchip/xc32/v5.10/bin/bin/../../lib/gcc/pic32c/13.2.1/thumb/v7e-m+dp/hard\libgcc.a(_dvmd_tls.o)
 .debug_aranges
                0x00000a10       0x20 C:/Program Files/Microchip/xc32/v5.10/bin/bin/../../lib/gcc/pic32c/13.2.1/../../../../pic32c/lib/thumb/v7e-m+dp/hard\libpic32c.a(pic32_data_init_clear.o)
 .debug_aranges
                0x00000a30       0x20 C:/Program Files/Microchip/xc32/v5.10/bin/bin/../../lib/gcc/pic32c/13.2.1/../../../../pic32c/lib/thumb/v7e-m+dp/hard\libpic32c.a(pic32_data_init_copy.o)

.debug_ranges   0x00000000      0x788
 .debug_ranges  0x00000000       0x30 build/default/debug/src/app/init.o
 .debug_ranges  0x00000030       0x48 build/default/debug/src/app/modeSelecter.o
 .debug_ranges  0x00000078       0x20 build/default/debug/src/app/sensors.o
 .debug_ranges  0x00000098       0x10 build/default/debug/src/drivers/i2c_driver.o
 .debug_ranges  0x000000a8       0x28 build/default/debug/src/drivers/usart_driver.o
 .debug_ranges  0x000000d0       0x10 build/default/debug/src/hal/hal_gpio.o
 .debug_ranges  0x000000e0       0x78 build/default/debug/src/hal/hal_i2c.o
 .debug_ranges  0x00000158       0x40 build/default/debug/src/hal/hal_peripherals_init.o
 .debug_ranges  0x00000198       0x10 build/default/debug/src/hal/hal_qspi.o
 .debug_ranges  0x000001a8       0x60 build/default/debug/src/hal/hal_spi.o
 .debug_ranges  0x00000208       0x48 build/default/debug/src/hal/hal_system.o
 .debug_ranges  0x00000250       0x40 build/default/debug/src/hal/hal_usart.o
 .debug_ranges  0x00000290       0x18 build/default/debug/src/hal/hal_debug_uart.o
 .debug_ranges  0x000002a8       0x20 build/default/debug/src/peripherals/eps.o
 .debug_ranges  0x000002c8       0x28 build/default/debug/src/peripherals/gnss.o
 .debug_ranges  0x000002f0       0x20 build/default/debug/src/peripherals/imu.o
 .debug_ranges  0x00000310       0x20 build/default/debug/src/peripherals/pressure.o
 .debug_ranges  0x00000330       0x20 build/default/debug/src/peripherals/temperature.o
 .debug_ranges  0x00000350       0x40 build/default/debug/src/peripherals/ttc.o
 .debug_ranges  0x00000390       0x10 build/default/debug/src/main.o
 .debug_ranges  0x000003a0       0x20 build/default/debug/src/hal/hal_systick.o
 .debug_ranges  0x000003c0       0x20 C:\Users\diogo\AppData\Local\Temp\ccKvcq4z.o
 .debug_ranges  0x000003e0       0x20 C:/Program Files/Microchip/xc32/v5.10/bin/bin/../../lib/gcc/pic32c/13.2.1/../../../../pic32c/lib/thumb/v7e-m+dp/hard\libpic32c.a(data_init.o)
 .debug_ranges  0x00000400       0x40 C:/Program Files/Microchip/xc32/v5.10/bin/bin/../../lib/gcc/pic32c/13.2.1/../../../../pic32c/lib/thumb/v7e-m+dp/hard\libg-musl.a(__libc_start_main.o)
 .debug_ranges  0x00000440       0x18 C:/Program Files/Microchip/xc32/v5.10/bin/bin/../../lib/gcc/pic32c/13.2.1/../../../../pic32c/lib/thumb/v7e-m+dp/hard\libg-musl.a(rand.o)
 .debug_ranges  0x00000458       0x18 C:/Program Files/Microchip/xc32/v5.10/bin/bin/../../lib/gcc/pic32c/13.2.1/../../../../pic32c/lib/thumb/v7e-m+dp/hard\libg-musl.a(__sio_printf_deEfFgGnpxX.o)
 .debug_ranges  0x00000470       0x10 C:/Program Files/Microchip/xc32/v5.10/bin/bin/../../lib/gcc/pic32c/13.2.1/../../../../pic32c/lib/thumb/v7e-m+dp/hard\libg-musl.a(__fmt_d.o)
 .debug_ranges  0x00000480       0x10 C:/Program Files/Microchip/xc32/v5.10/bin/bin/../../lib/gcc/pic32c/13.2.1/../../../../pic32c/lib/thumb/v7e-m+dp/hard\libg-musl.a(__fmt_fp.o)
 .debug_ranges  0x00000490       0x10 C:/Program Files/Microchip/xc32/v5.10/bin/bin/../../lib/gcc/pic32c/13.2.1/../../../../pic32c/lib/thumb/v7e-m+dp/hard\libg-musl.a(__fmt_x.o)
 .debug_ranges  0x000004a0       0x10 C:/Program Files/Microchip/xc32/v5.10/bin/bin/../../lib/gcc/pic32c/13.2.1/../../../../pic32c/lib/thumb/v7e-m+dp/hard\libg-musl.a(__pop_float.o)
 .debug_ranges  0x000004b0       0x10 C:/Program Files/Microchip/xc32/v5.10/bin/bin/../../lib/gcc/pic32c/13.2.1/../../../../pic32c/lib/thumb/v7e-m+dp/hard\libg-musl.a(__pop_int.o)
 .debug_ranges  0x000004c0       0x10 C:/Program Files/Microchip/xc32/v5.10/bin/bin/../../lib/gcc/pic32c/13.2.1/../../../../pic32c/lib/thumb/v7e-m+dp/hard\libg-musl.a(__pop_ptr.o)
 .debug_ranges  0x000004d0       0x58 C:/Program Files/Microchip/xc32/v5.10/bin/bin/../../lib/gcc/pic32c/13.2.1/../../../../pic32c/lib/thumb/v7e-m+dp/hard\libg-musl.a(__printf_core.o)
 .debug_ranges  0x00000528       0x20 C:/Program Files/Microchip/xc32/v5.10/bin/bin/../../lib/gcc/pic32c/13.2.1/../../../../pic32c/lib/thumb/v7e-m+dp/hard\libg-musl.a(stdout.o)
 .debug_ranges  0x00000548       0x10 C:/Program Files/Microchip/xc32/v5.10/bin/bin/../../lib/gcc/pic32c/13.2.1/../../../../pic32c/lib/thumb/v7e-m+dp/hard\libg-musl.a(putchar.o)
 .debug_ranges  0x00000558       0x10 C:/Program Files/Microchip/xc32/v5.10/bin/bin/../../lib/gcc/pic32c/13.2.1/../../../../pic32c/lib/thumb/v7e-m+dp/hard\libg-musl.a(puts.o)
 .debug_ranges  0x00000568       0x28 C:/Program Files/Microchip/xc32/v5.10/bin/bin/../../lib/gcc/pic32c/13.2.1/../../../../pic32c/lib/thumb/v7e-m+dp/hard\libg-musl.a(atoi.o)
 .debug_ranges  0x00000590       0x18 C:/Program Files/Microchip/xc32/v5.10/bin/bin/../../lib/gcc/pic32c/13.2.1/../../../../pic32c/lib/thumb/v7e-m+dp/hard\libg-musl.a(tolower.o)
 .debug_ranges  0x000005a8       0x18 C:/Program Files/Microchip/xc32/v5.10/bin/bin/../../lib/gcc/pic32c/13.2.1/../../../../pic32c/lib/thumb/v7e-m+dp/hard\libg-musl.a(toupper.o)
 .debug_ranges  0x000005c0       0x10 C:/Program Files/Microchip/xc32/v5.10/bin/bin/../../lib/gcc/pic32c/13.2.1/../../../../pic32c/lib/thumb/v7e-m+dp/hard\libg-musl.a(__int_vfprintf.o)
 .debug_ranges  0x000005d0       0x10 C:/Program Files/Microchip/xc32/v5.10/bin/bin/../../lib/gcc/pic32c/13.2.1/../../../../pic32c/lib/thumb/v7e-m+dp/hard\libg-musl.a(fputs.o)
 .debug_ranges  0x000005e0       0x10 C:/Program Files/Microchip/xc32/v5.10/bin/bin/../../lib/gcc/pic32c/13.2.1/../../../../pic32c/lib/thumb/v7e-m+dp/hard\libg-musl.a(__cvt_u.o)
 .debug_ranges  0x000005f0       0x18 C:/Program Files/Microchip/xc32/v5.10/bin/bin/../../lib/gcc/pic32c/13.2.1/../../../../pic32c/lib/thumb/v7e-m+dp/hard\libg-musl.a(fwrite.o)
 .debug_ranges  0x00000608       0x20 C:/Program Files/Microchip/xc32/v5.10/bin/bin/../../lib/gcc/pic32c/13.2.1/../../../../pic32c/lib/thumb/v7e-m+dp/hard\libg-musl.a(putc.o)
 .debug_ranges  0x00000628       0x18 C:/Program Files/Microchip/xc32/v5.10/bin/bin/../../lib/gcc/pic32c/13.2.1/../../../../pic32c/lib/thumb/v7e-m+dp/hard\libg-musl.a(__init_stdio.o)
 .debug_ranges  0x00000640       0x18 C:/Program Files/Microchip/xc32/v5.10/bin/bin/../../lib/gcc/pic32c/13.2.1/../../../../pic32c/lib/thumb/v7e-m+dp/hard\libg-musl.a(__out.o)
 .debug_ranges  0x00000658       0x10 C:/Program Files/Microchip/xc32/v5.10/bin/bin/../../lib/gcc/pic32c/13.2.1/../../../../pic32c/lib/thumb/v7e-m+dp/hard\libpic32c.a(write.o)
 .debug_ranges  0x00000668       0x10 C:/Program Files/Microchip/xc32/v5.10/bin/bin/../../lib/gcc/pic32c/13.2.1/../../../../pic32c/lib/thumb/v7e-m+dp/hard\libc-size-musl.a(memcpy.o)
 .debug_ranges  0x00000678       0x10 C:/Program Files/Microchip/xc32/v5.10/bin/bin/../../lib/gcc/pic32c/13.2.1/../../../../pic32c/lib/thumb/v7e-m+dp/hard\libc-size-musl.a(memset.o)
 .debug_ranges  0x00000688       0x10 C:/Program Files/Microchip/xc32/v5.10/bin/bin/../../lib/gcc/pic32c/13.2.1/../../../../pic32c/lib/thumb/v7e-m+dp/hard\libc-size-musl.a(strlen.o)
 .debug_ranges  0x00000698       0x10 C:/Program Files/Microchip/xc32/v5.10/bin/bin/../../lib/gcc/pic32c/13.2.1/../../../../pic32c/lib/thumb/v7e-m+dp/hard\libc-size-musl.a(strcpy.o)
 .debug_ranges  0x000006a8       0x10 C:/Program Files/Microchip/xc32/v5.10/bin/bin/../../lib/gcc/pic32c/13.2.1/../../../../pic32c/lib/thumb/v7e-m+dp/hard\libc-size-musl.a(stpcpy.o)
 .debug_ranges  0x000006b8       0xb0 C:/Program Files/Microchip/xc32/v5.10/bin/bin/../../lib/gcc/pic32c/13.2.1/thumb/v7e-m+dp/hard\libgcc.a(_udivmoddi4.o)
 .debug_ranges  0x00000768       0x10 C:/Program Files/Microchip/xc32/v5.10/bin/bin/../../lib/gcc/pic32c/13.2.1/../../../../pic32c/lib/thumb/v7e-m+dp/hard\libpic32c.a(pic32_data_init_clear.o)
 .debug_ranges  0x00000778       0x10 C:/Program Files/Microchip/xc32/v5.10/bin/bin/../../lib/gcc/pic32c/13.2.1/../../../../pic32c/lib/thumb/v7e-m+dp/hard\libpic32c.a(pic32_data_init_copy.o)

.debug_line     0x00000000     0x7690
 .debug_line    0x00000000      0x2ed build/default/debug/src/app/init.o
 .debug_line    0x000002ed       0x94 build/default/debug/src/app/mission.o
 .debug_line    0x00000381      0x2f3 build/default/debug/src/app/modeSelecter.o
 .debug_line    0x00000674      0x1d6 build/default/debug/src/app/sensors.o
 .debug_line    0x0000084a      0x362 build/default/debug/src/drivers/i2c_driver.o
 .debug_line    0x00000bac      0x303 build/default/debug/src/drivers/usart_driver.o
 .debug_line    0x00000eaf       0x96 build/default/debug/src/hal/hal_gpio.o
 .debug_line    0x00000f45      0x2a7 build/default/debug/src/hal/hal_i2c.o
 .debug_line    0x000011ec      0x136 build/default/debug/src/hal/hal_peripherals_init.o
 .debug_line    0x00001322       0x96 build/default/debug/src/hal/hal_qspi.o
 .debug_line    0x000013b8      0x26b build/default/debug/src/hal/hal_spi.o
 .debug_line    0x00001623       0xec build/default/debug/src/hal/hal_system.o
 .debug_line    0x0000170f      0x298 build/default/debug/src/hal/hal_usart.o
 .debug_line    0x000019a7      0x19f build/default/debug/src/hal/hal_debug_uart.o
 .debug_line    0x00001b46      0x18f build/default/debug/src/peripherals/eps.o
 .debug_line    0x00001cd5      0x28f build/default/debug/src/peripherals/gnss.o
 .debug_line    0x00001f64      0x1f2 build/default/debug/src/peripherals/imu.o
 .debug_line    0x00002156      0x18a build/default/debug/src/peripherals/pressure.o
 .debug_line    0x000022e0      0x186 build/default/debug/src/peripherals/temperature.o
 .debug_line    0x00002466      0x2ed build/default/debug/src/peripherals/ttc.o
 .debug_line    0x00002753      0x11d build/default/debug/src/main.o
 .debug_line    0x00002870       0xe5 build/default/debug/src/hal/hal_systick.o
 .debug_line    0x00002955      0x6c5 C:\Users\diogo\AppData\Local\Temp\ccKvcq4z.o
 .debug_line    0x0000301a      0x163 C:/Program Files/Microchip/xc32/v5.10/bin/bin/../../lib/gcc/pic32c/13.2.1/../../../../pic32c/lib/thumb/v7e-m+dp/hard\libpic32c.a(data_init.o)
 .debug_line    0x0000317d      0x1da C:/Program Files/Microchip/xc32/v5.10/bin/bin/../../lib/gcc/pic32c/13.2.1/../../../../pic32c/lib/thumb/v7e-m+dp/hard\libg-musl.a(__libc_start_main.o)
 .debug_line    0x00003357       0xb5 C:/Program Files/Microchip/xc32/v5.10/bin/bin/../../lib/gcc/pic32c/13.2.1/../../../../pic32c/lib/thumb/v7e-m+dp/hard\libg-musl.a(libc.o)
 .debug_line    0x0000340c       0xf1 C:/Program Files/Microchip/xc32/v5.10/bin/bin/../../lib/gcc/pic32c/13.2.1/../../../../pic32c/lib/thumb/v7e-m+dp/hard\libg-musl.a(rand.o)
 .debug_line    0x000034fd      0x222 C:/Program Files/Microchip/xc32/v5.10/bin/bin/../../lib/gcc/pic32c/13.2.1/../../../../pic32c/lib/thumb/v7e-m+dp/hard\libg-musl.a(__sio_printf_deEfFgGnpxX.o)
 .debug_line    0x0000371f      0x217 C:/Program Files/Microchip/xc32/v5.10/bin/bin/../../lib/gcc/pic32c/13.2.1/../../../../pic32c/lib/thumb/v7e-m+dp/hard\libg-musl.a(__fmt_d.o)
 .debug_line    0x00003936      0x71f C:/Program Files/Microchip/xc32/v5.10/bin/bin/../../lib/gcc/pic32c/13.2.1/../../../../pic32c/lib/thumb/v7e-m+dp/hard\libg-musl.a(__fmt_fp.o)
 .debug_line    0x00004055      0x304 C:/Program Files/Microchip/xc32/v5.10/bin/bin/../../lib/gcc/pic32c/13.2.1/../../../../pic32c/lib/thumb/v7e-m+dp/hard\libg-musl.a(__fmt_x.o)
 .debug_line    0x00004359      0x16c C:/Program Files/Microchip/xc32/v5.10/bin/bin/../../lib/gcc/pic32c/13.2.1/../../../../pic32c/lib/thumb/v7e-m+dp/hard\libg-musl.a(__pop_float.o)
 .debug_line    0x000044c5      0x23f C:/Program Files/Microchip/xc32/v5.10/bin/bin/../../lib/gcc/pic32c/13.2.1/../../../../pic32c/lib/thumb/v7e-m+dp/hard\libg-musl.a(__pop_int.o)
 .debug_line    0x00004704      0x1c4 C:/Program Files/Microchip/xc32/v5.10/bin/bin/../../lib/gcc/pic32c/13.2.1/../../../../pic32c/lib/thumb/v7e-m+dp/hard\libg-musl.a(__pop_ptr.o)
 .debug_line    0x000048c8      0x76a C:/Program Files/Microchip/xc32/v5.10/bin/bin/../../lib/gcc/pic32c/13.2.1/../../../../pic32c/lib/thumb/v7e-m+dp/hard\libg-musl.a(__printf_core.o)
 .debug_line    0x00005032      0x1d5 C:/Program Files/Microchip/xc32/v5.10/bin/bin/../../lib/gcc/pic32c/13.2.1/../../../../pic32c/lib/thumb/v7e-m+dp/hard\libg-musl.a(stdout.o)
 .debug_line    0x00005207      0x131 C:/Program Files/Microchip/xc32/v5.10/bin/bin/../../lib/gcc/pic32c/13.2.1/../../../../pic32c/lib/thumb/v7e-m+dp/hard\libg-musl.a(putchar.o)
 .debug_line    0x00005338      0x23d C:/Program Files/Microchip/xc32/v5.10/bin/bin/../../lib/gcc/pic32c/13.2.1/../../../../pic32c/lib/thumb/v7e-m+dp/hard\libg-musl.a(puts.o)
 .debug_line    0x00005575      0x17d C:/Program Files/Microchip/xc32/v5.10/bin/bin/../../lib/gcc/pic32c/13.2.1/../../../../pic32c/lib/thumb/v7e-m+dp/hard\libg-musl.a(atoi.o)
 .debug_line    0x000056f2      0x15d C:/Program Files/Microchip/xc32/v5.10/bin/bin/../../lib/gcc/pic32c/13.2.1/../../../../pic32c/lib/thumb/v7e-m+dp/hard\libg-musl.a(tolower.o)
 .debug_line    0x0000584f      0x15d C:/Program Files/Microchip/xc32/v5.10/bin/bin/../../lib/gcc/pic32c/13.2.1/../../../../pic32c/lib/thumb/v7e-m+dp/hard\libg-musl.a(toupper.o)
 .debug_line    0x000059ac       0xfb C:/Program Files/Microchip/xc32/v5.10/bin/bin/../../lib/gcc/pic32c/13.2.1/../../../../pic32c/lib/thumb/v7e-m+dp/hard\libg-musl.a(__environ.o)
 .debug_line    0x00005aa7       0x9a C:/Program Files/Microchip/xc32/v5.10/bin/bin/../../lib/gcc/pic32c/13.2.1/../../../../pic32c/lib/thumb/v7e-m+dp/hard\libg-musl.a(__errno_location.o)
 .debug_line    0x00005b41      0x16b C:/Program Files/Microchip/xc32/v5.10/bin/bin/../../lib/gcc/pic32c/13.2.1/../../../../pic32c/lib/thumb/v7e-m+dp/hard\libg-musl.a(__int_vfprintf.o)
 .debug_line    0x00005cac      0x230 C:/Program Files/Microchip/xc32/v5.10/bin/bin/../../lib/gcc/pic32c/13.2.1/../../../../pic32c/lib/thumb/v7e-m+dp/hard\libg-musl.a(fputs.o)
 .debug_line    0x00005edc      0x1de C:/Program Files/Microchip/xc32/v5.10/bin/bin/../../lib/gcc/pic32c/13.2.1/../../../../pic32c/lib/thumb/v7e-m+dp/hard\libg-musl.a(__cvt_u.o)
 .debug_line    0x000060ba      0x1fa C:/Program Files/Microchip/xc32/v5.10/bin/bin/../../lib/gcc/pic32c/13.2.1/../../../../pic32c/lib/thumb/v7e-m+dp/hard\libg-musl.a(fwrite.o)
 .debug_line    0x000062b4      0x1a7 C:/Program Files/Microchip/xc32/v5.10/bin/bin/../../lib/gcc/pic32c/13.2.1/../../../../pic32c/lib/thumb/v7e-m+dp/hard\libg-musl.a(putc.o)
 .debug_line    0x0000645b       0xc8 C:/Program Files/Microchip/xc32/v5.10/bin/bin/../../lib/gcc/pic32c/13.2.1/../../../../pic32c/lib/thumb/v7e-m+dp/hard\libg-musl.a(__init_stdio.o)
 .debug_line    0x00006523      0x22c C:/Program Files/Microchip/xc32/v5.10/bin/bin/../../lib/gcc/pic32c/13.2.1/../../../../pic32c/lib/thumb/v7e-m+dp/hard\libg-musl.a(__out.o)
 .debug_line    0x0000674f       0xb2 C:/Program Files/Microchip/xc32/v5.10/bin/bin/../../lib/gcc/pic32c/13.2.1/../../../../pic32c/lib/thumb/v7e-m+dp/hard\libpic32c.a(write.o)
 .debug_line    0x00006801      0x165 C:/Program Files/Microchip/xc32/v5.10/bin/bin/../../lib/gcc/pic32c/13.2.1/../../../../pic32c/lib/thumb/v7e-m+dp/hard\libc-size-musl.a(memcpy.o)
 .debug_line    0x00006966      0x162 C:/Program Files/Microchip/xc32/v5.10/bin/bin/../../lib/gcc/pic32c/13.2.1/../../../../pic32c/lib/thumb/v7e-m+dp/hard\libc-size-musl.a(memset.o)
 .debug_line    0x00006ac8      0x161 C:/Program Files/Microchip/xc32/v5.10/bin/bin/../../lib/gcc/pic32c/13.2.1/../../../../pic32c/lib/thumb/v7e-m+dp/hard\libc-size-musl.a(strlen.o)
 .debug_line    0x00006c29       0xab C:/Program Files/Microchip/xc32/v5.10/bin/bin/../../lib/gcc/pic32c/13.2.1/../../../../pic32c/lib/thumb/v7e-m+dp/hard\libc-size-musl.a(strcpy.o)
 .debug_line    0x00006cd4      0x14e C:/Program Files/Microchip/xc32/v5.10/bin/bin/../../lib/gcc/pic32c/13.2.1/../../../../pic32c/lib/thumb/v7e-m+dp/hard\libc-size-musl.a(stpcpy.o)
 .debug_line    0x00006e22       0x85 C:/Program Files/Microchip/xc32/v5.10/bin/bin/../../lib/gcc/pic32c/13.2.1/thumb/v7e-m+dp/hard\libgcc.a(_aeabi_uldivmod.o)
 .debug_line    0x00006ea7      0x522 C:/Program Files/Microchip/xc32/v5.10/bin/bin/../../lib/gcc/pic32c/13.2.1/thumb/v7e-m+dp/hard\libgcc.a(_udivmoddi4.o)
 .debug_line    0x000073c9       0x85 C:/Program Files/Microchip/xc32/v5.10/bin/bin/../../lib/gcc/pic32c/13.2.1/thumb/v7e-m+dp/hard\libgcc.a(_dvmd_tls.o)
 .debug_line    0x0000744e      0x11c C:/Program Files/Microchip/xc32/v5.10/bin/bin/../../lib/gcc/pic32c/13.2.1/../../../../pic32c/lib/thumb/v7e-m+dp/hard\libpic32c.a(pic32_data_init_clear.o)
 .debug_line    0x0000756a      0x126 C:/Program Files/Microchip/xc32/v5.10/bin/bin/../../lib/gcc/pic32c/13.2.1/../../../../pic32c/lib/thumb/v7e-m+dp/hard\libpic32c.a(pic32_data_init_copy.o)

.debug_str      0x00000000     0x3a8a
 .debug_str     0x00000000     0x3a8a build/default/debug/src/app/init.o
                                0x441 (size before relaxing)
 .debug_str     0x00003a8a      0x2e2 build/default/debug/src/app/mission.o
 .debug_str     0x00003a8a      0x475 build/default/debug/src/app/modeSelecter.o
 .debug_str     0x00003a8a      0x53e build/default/debug/src/app/sensors.o
 .debug_str     0x00003a8a      0x455 build/default/debug/src/drivers/i2c_driver.o
 .debug_str     0x00003a8a      0x41c build/default/debug/src/drivers/usart_driver.o
 .debug_str     0x00003a8a      0x2ab build/default/debug/src/hal/hal_gpio.o
 .debug_str     0x00003a8a      0x3aa build/default/debug/src/hal/hal_i2c.o
 .debug_str     0x00003a8a      0x319 build/default/debug/src/hal/hal_peripherals_init.o
 .debug_str     0x00003a8a      0x2ab build/default/debug/src/hal/hal_qspi.o
 .debug_str     0x00003a8a      0x39b build/default/debug/src/hal/hal_spi.o
 .debug_str     0x00003a8a      0x2a2 build/default/debug/src/hal/hal_system.o
 .debug_str     0x00003a8a      0x38b build/default/debug/src/hal/hal_usart.o
 .debug_str     0x00003a8a      0x2ec build/default/debug/src/hal/hal_debug_uart.o
 .debug_str     0x00003a8a      0x3c8 build/default/debug/src/peripherals/eps.o
 .debug_str     0x00003a8a      0x435 build/default/debug/src/peripherals/gnss.o
 .debug_str     0x00003a8a      0x3b8 build/default/debug/src/peripherals/imu.o
 .debug_str     0x00003a8a      0x3e4 build/default/debug/src/peripherals/pressure.o
 .debug_str     0x00003a8a      0x3f2 build/default/debug/src/peripherals/temperature.o
 .debug_str     0x00003a8a      0x5bb build/default/debug/src/peripherals/ttc.o
 .debug_str     0x00003a8a      0x3d0 build/default/debug/src/main.o
 .debug_str     0x00003a8a      0x2e6 build/default/debug/src/hal/hal_systick.o
 .debug_str     0x00003a8a      0xc9a C:\Users\diogo\AppData\Local\Temp\ccKvcq4z.o
 .debug_str     0x00003a8a      0x2f9 C:/Program Files/Microchip/xc32/v5.10/bin/bin/../../lib/gcc/pic32c/13.2.1/../../../../pic32c/lib/thumb/v7e-m+dp/hard\libpic32c.a(data_init.o)
 .debug_str     0x00003a8a      0x3e7 C:/Program Files/Microchip/xc32/v5.10/bin/bin/../../lib/gcc/pic32c/13.2.1/../../../../pic32c/lib/thumb/v7e-m+dp/hard\libg-musl.a(__libc_start_main.o)
 .debug_str     0x00003a8a      0x352 C:/Program Files/Microchip/xc32/v5.10/bin/bin/../../lib/gcc/pic32c/13.2.1/../../../../pic32c/lib/thumb/v7e-m+dp/hard\libg-musl.a(libc.o)
 .debug_str     0x00003a8a      0x2a1 C:/Program Files/Microchip/xc32/v5.10/bin/bin/../../lib/gcc/pic32c/13.2.1/../../../../pic32c/lib/thumb/v7e-m+dp/hard\libg-musl.a(rand.o)
 .debug_str     0x00003a8a      0x36f C:/Program Files/Microchip/xc32/v5.10/bin/bin/../../lib/gcc/pic32c/13.2.1/../../../../pic32c/lib/thumb/v7e-m+dp/hard\libg-musl.a(__sio_printf_deEfFgGnpxX.o)
 .debug_str     0x00003a8a      0x312 C:/Program Files/Microchip/xc32/v5.10/bin/bin/../../lib/gcc/pic32c/13.2.1/../../../../pic32c/lib/thumb/v7e-m+dp/hard\libg-musl.a(__fmt_d.o)
 .debug_str     0x00003a8a      0x363 C:/Program Files/Microchip/xc32/v5.10/bin/bin/../../lib/gcc/pic32c/13.2.1/../../../../pic32c/lib/thumb/v7e-m+dp/hard\libg-musl.a(__fmt_fp.o)
 .debug_str     0x00003a8a      0x312 C:/Program Files/Microchip/xc32/v5.10/bin/bin/../../lib/gcc/pic32c/13.2.1/../../../../pic32c/lib/thumb/v7e-m+dp/hard\libg-musl.a(__fmt_x.o)
 .debug_str     0x00003a8a      0x2dd C:/Program Files/Microchip/xc32/v5.10/bin/bin/../../lib/gcc/pic32c/13.2.1/../../../../pic32c/lib/thumb/v7e-m+dp/hard\libg-musl.a(__pop_float.o)
 .debug_str     0x00003a8a      0x2e8 C:/Program Files/Microchip/xc32/v5.10/bin/bin/../../lib/gcc/pic32c/13.2.1/../../../../pic32c/lib/thumb/v7e-m+dp/hard\libg-musl.a(__pop_int.o)
 .debug_str     0x00003a8a      0x2ea C:/Program Files/Microchip/xc32/v5.10/bin/bin/../../lib/gcc/pic32c/13.2.1/../../../../pic32c/lib/thumb/v7e-m+dp/hard\libg-musl.a(__pop_ptr.o)
 .debug_str     0x00003a8a      0x404 C:/Program Files/Microchip/xc32/v5.10/bin/bin/../../lib/gcc/pic32c/13.2.1/../../../../pic32c/lib/thumb/v7e-m+dp/hard\libg-musl.a(__printf_core.o)
 .debug_str     0x00003a8a      0x325 C:/Program Files/Microchip/xc32/v5.10/bin/bin/../../lib/gcc/pic32c/13.2.1/../../../../pic32c/lib/thumb/v7e-m+dp/hard\libg-musl.a(stdout.o)
 .debug_str     0x00003a8a      0x259 C:/Program Files/Microchip/xc32/v5.10/bin/bin/../../lib/gcc/pic32c/13.2.1/../../../../pic32c/lib/thumb/v7e-m+dp/hard\libg-musl.a(putchar.o)
 .debug_str     0x00003a8a      0x361 C:/Program Files/Microchip/xc32/v5.10/bin/bin/../../lib/gcc/pic32c/13.2.1/../../../../pic32c/lib/thumb/v7e-m+dp/hard\libg-musl.a(puts.o)
 .debug_str     0x00003a8a      0x239 C:/Program Files/Microchip/xc32/v5.10/bin/bin/../../lib/gcc/pic32c/13.2.1/../../../../pic32c/lib/thumb/v7e-m+dp/hard\libg-musl.a(atoi.o)
 .debug_str     0x00003a8a      0x27d C:/Program Files/Microchip/xc32/v5.10/bin/bin/../../lib/gcc/pic32c/13.2.1/../../../../pic32c/lib/thumb/v7e-m+dp/hard\libg-musl.a(tolower.o)
 .debug_str     0x00003a8a      0x27d C:/Program Files/Microchip/xc32/v5.10/bin/bin/../../lib/gcc/pic32c/13.2.1/../../../../pic32c/lib/thumb/v7e-m+dp/hard\libg-musl.a(toupper.o)
 .debug_str     0x00003a8a      0x252 C:/Program Files/Microchip/xc32/v5.10/bin/bin/../../lib/gcc/pic32c/13.2.1/../../../../pic32c/lib/thumb/v7e-m+dp/hard\libg-musl.a(__environ.o)
 .debug_str     0x00003a8a      0x246 C:/Program Files/Microchip/xc32/v5.10/bin/bin/../../lib/gcc/pic32c/13.2.1/../../../../pic32c/lib/thumb/v7e-m+dp/hard\libg-musl.a(__errno_location.o)
 .debug_str     0x00003a8a      0x306 C:/Program Files/Microchip/xc32/v5.10/bin/bin/../../lib/gcc/pic32c/13.2.1/../../../../pic32c/lib/thumb/v7e-m+dp/hard\libg-musl.a(__int_vfprintf.o)
 .debug_str     0x00003a8a      0x355 C:/Program Files/Microchip/xc32/v5.10/bin/bin/../../lib/gcc/pic32c/13.2.1/../../../../pic32c/lib/thumb/v7e-m+dp/hard\libg-musl.a(fputs.o)
 .debug_str     0x00003a8a      0x2df C:/Program Files/Microchip/xc32/v5.10/bin/bin/../../lib/gcc/pic32c/13.2.1/../../../../pic32c/lib/thumb/v7e-m+dp/hard\libg-musl.a(__cvt_u.o)
 .debug_str     0x00003a8a      0x2f8 C:/Program Files/Microchip/xc32/v5.10/bin/bin/../../lib/gcc/pic32c/13.2.1/../../../../pic32c/lib/thumb/v7e-m+dp/hard\libg-musl.a(fwrite.o)
 .debug_str     0x00003a8a      0x307 C:/Program Files/Microchip/xc32/v5.10/bin/bin/../../lib/gcc/pic32c/13.2.1/../../../../pic32c/lib/thumb/v7e-m+dp/hard\libg-musl.a(putc.o)
 .debug_str     0x00003a8a      0x2b7 C:/Program Files/Microchip/xc32/v5.10/bin/bin/../../lib/gcc/pic32c/13.2.1/../../../../pic32c/lib/thumb/v7e-m+dp/hard\libg-musl.a(__init_stdio.o)
 .debug_str     0x00003a8a      0x2ff C:/Program Files/Microchip/xc32/v5.10/bin/bin/../../lib/gcc/pic32c/13.2.1/../../../../pic32c/lib/thumb/v7e-m+dp/hard\libg-musl.a(__out.o)
 .debug_str     0x00003a8a      0x215 C:/Program Files/Microchip/xc32/v5.10/bin/bin/../../lib/gcc/pic32c/13.2.1/../../../../pic32c/lib/thumb/v7e-m+dp/hard\libpic32c.a(write.o)