Archive member included to satisfy reference by file (symbol)

C:/Program Files/Microchip/xc32/v5.10/bin/bin/../../lib/gcc/pic32c/13.2.1/../../../../pic32c/lib/thumb/v7e-m+dp/hard\libpic32c.a(data_init.o)
                              C:\Users\diogo\AppData\Local\Temp\cc4MjQ0u.o (__pic32c_data_initialization)
C:/Program Files/Microchip/xc32/v5.10/bin/bin/../../lib/gcc/pic32c/13.2.1/../../../../pic32c/lib/thumb/v7e-m+dp/hard\libg-musl.a(__libc_start_main.o)
                              C:\Users\diogo\AppData\Local\Temp\cc4MjQ0u.o (__libc_init_array)
C:/Program Files/Microchip/xc32/v5.10/bin/bin/../../lib/gcc/pic32c/13.2.1/../../../../pic32c/lib/thumb/v7e-m+dp/hard\libg-musl.a(libc.o)
                              C:/Program Files/Microchip/xc32/v5.10/bin/bin/../../lib/gcc/pic32c/13.2.1/../../../../pic32c/lib/thumb/v7e-m+dp/hard\libg-musl.a(__libc_start_main.o) (__progname_full)
C:/Program Files/Microchip/xc32/v5.10/bin/bin/../../lib/gcc/pic32c/13.2.1/../../../../pic32c/lib/thumb/v7e-m+dp/hard\libg-musl.a(rand.o)
                              build/default/debug/src/hal/hal_spi.o (rand)
C:/Program Files/Microchip/xc32/v5.10/bin/bin/../../lib/gcc/pic32c/13.2.1/../../../../pic32c/lib/thumb/v7e-m+dp/hard\libg-musl.a(__sio_printf_deEfFgGnpxX.o)
                              (_printf_deEfFgGnpxX)
C:/Program Files/Microchip/xc32/v5.10/bin/bin/../../lib/gcc/pic32c/13.2.1/../../../../pic32c/lib/thumb/v7e-m+dp/hard\libg-musl.a(__fmt_d.o)
                              C:/Program Files/Microchip/xc32/v5.10/bin/bin/../../lib/gcc/pic32c/13.2.1/../../../../pic32c/lib/thumb/v7e-m+dp/hard\libg-musl.a(__sio_printf_deEfFgGnpxX.o) (__fmt_d_needed)
C:/Program Files/Microchip/xc32/v5.10/bin/bin/../../lib/gcc/pic32c/13.2.1/../../../../pic32c/lib/thumb/v7e-m+dp/hard\libg-musl.a(__fmt_fp.o)
                              C:/Program Files/Microchip/xc32/v5.10/bin/bin/../../lib/gcc/pic32c/13.2.1/../../../../pic32c/lib/thumb/v7e-m+dp/hard\libg-musl.a(__sio_printf_deEfFgGnpxX.o) (__fmt_f_needed)
C:/Program Files/Microchip/xc32/v5.10/bin/bin/../../lib/gcc/pic32c/13.2.1/../../../../pic32c/lib/thumb/v7e-m+dp/hard\libg-musl.a(__fmt_x.o)
                              C:/Program Files/Microchip/xc32/v5.10/bin/bin/../../lib/gcc/pic32c/13.2.1/../../../../pic32c/lib/thumb/v7e-m+dp/hard\libg-musl.a(__sio_printf_deEfFgGnpxX.o) (__fmt_x_needed)
C:/Program Files/Microchip/xc32/v5.10/bin/bin/../../lib/gcc/pic32c/13.2.1/../../../../pic32c/lib/thumb/v7e-m+dp/hard\libg-musl.a(__pop_float.o)
                              C:/Program Files/Microchip/xc32/v5.10/bin/bin/../../lib/gcc/pic32c/13.2.1/../../../../pic32c/lib/thumb/v7e-m+dp/hard\libg-musl.a(__sio_printf_deEfFgGnpxX.o) (__pop_float_needed)
C:/Program Files/Microchip/xc32/v5.10/bin/bin/../../lib/gcc/pic32c/13.2.1/../../../../pic32c/lib/thumb/v7e-m+dp/hard\libg-musl.a(__pop_int.o)
                              C:/Program Files/Microchip/xc32/v5.10/bin/bin/../../lib/gcc/pic32c/13.2.1/../../../../pic32c/lib/thumb/v7e-m+dp/hard\libg-musl.a(__sio_printf_deEfFgGnpxX.o) (__pop_int_needed)
C:/Program Files/Microchip/xc32/v5.10/bin/bin/../../lib/gcc/pic32c/13.2.1/../../../../pic32c/lib/thumb/v7e-m+dp/hard\libg-musl.a(__pop_ptr.o)
                              C:/Program Files/Microchip/xc32/v5.10/bin/bin/../../lib/gcc/pic32c/13.2.1/../../../../pic32c/lib/thumb/v7e-m+dp/hard\libg-musl.a(__sio_printf_deEfFgGnpxX.o) (__pop_ptr_needed)
C:/Program Files/Microchip/xc32/v5.10/bin/bin/../../lib/gcc/pic32c/13.2.1/../../../../pic32c/lib/thumb/v7e-m+dp/hard\libg-musl.a(__printf_core.o)
                              C:/Program Files/Microchip/xc32/v5.10/bin/bin/../../lib/gcc/pic32c/13.2.1/../../../../pic32c/lib/thumb/v7e-m+dp/hard\libg-musl.a(__fmt_d.o) (__pad)
C:/Program Files/Microchip/xc32/v5.10/bin/bin/../../lib/gcc/pic32c/13.2.1/../../../../pic32c/lib/thumb/v7e-m+dp/hard\libg-musl.a(stdout.o)
                              C:/Program Files/Microchip/xc32/v5.10/bin/bin/../../lib/gcc/pic32c/13.2.1/../../../../pic32c/lib/thumb/v7e-m+dp/hard\libg-musl.a(__sio_printf_deEfFgGnpxX.o) (_stdout)
C:/Program Files/Microchip/xc32/v5.10/bin/bin/../../lib/gcc/pic32c/13.2.1/../../../../pic32c/lib/thumb/v7e-m+dp/hard\libg-musl.a(putchar.o)
                              build/default/debug/src/peripherals/gnss.o (putchar)
C:/Program Files/Microchip/xc32/v5.10/bin/bin/../../lib/gcc/pic32c/13.2.1/../../../../pic32c/lib/thumb/v7e-m+dp/hard\libg-musl.a(puts.o)
                              build/default/debug/src/app/sensors.o (puts)
C:/Program Files/Microchip/xc32/v5.10/bin/bin/../../lib/gcc/pic32c/13.2.1/../../../../pic32c/lib/thumb/v7e-m+dp/hard\libg-musl.a(atoi.o)
                              C:/Program Files/Microchip/xc32/v5.10/bin/bin/../../lib/gcc/pic32c/13.2.1/../../../../pic32c/lib/thumb/v7e-m+dp/hard\libg-musl.a(__printf_core.o) (atoi)
C:/Program Files/Microchip/xc32/v5.10/bin/bin/../../lib/gcc/pic32c/13.2.1/../../../../pic32c/lib/thumb/v7e-m+dp/hard\libg-musl.a(tolower.o)
[...]
Memory Configuration

Name             Origin             Length             Attributes
rom              0x00400000         0x00200000         xrl
ram              0x20400000         0x00060000         xw!r
itcm             0x00000000         0x00000000         xw
dtcm             0x20000000         0x00000000         xw!r
*default*        0x00000000         0xffffffff

Linker script and memory map

LOAD C:/Program Files/Microchip/xc32/v5.10/bin/bin/../../lib/gcc/pic32c/13.2.1/thumb/v7e-m+dp/hard/crti.o
LOAD C:/Program Files/Microchip/xc32/v5.10/bin/bin/../../lib/gcc/pic32c/13.2.1/thumb/v7e-m+dp/hard/crtbegin.o
LOAD build/default/debug/src/app/init.o
LOAD build/default/debug/src/app/mission.o
LOAD build/default/debug/src/app/modeSelecter.o
LOAD build/default/debug/src/app/sensors.o
LOAD build/default/debug/src/app/stateCheck.o
LOAD build/default/debug/src/drivers/i2c_driver.o
LOAD build/default/debug/src/drivers/qspi_driver.o
LOAD build/default/debug/src/drivers/spi_driver.o
LOAD build/default/debug/src/drivers/usart_driver.o
LOAD build/default/debug/src/hal/hal_gpio.o
LOAD build/default/debug/src/hal/hal_i2c.o
LOAD build/default/debug/src/hal/hal_peripherals_init.o
LOAD build/default/debug/src/hal/hal_qspi.o
LOAD build/default/debug/src/hal/hal_spi.o
LOAD build/default/debug/src/hal/hal_system.o
LOAD build/default/debug/src/hal/hal_usart.o
LOAD build/default/debug/src/hal/hal_debug_uart.o
LOAD build/default/debug/src/peripherals/eps.o
LOAD build/default/debug/src/peripherals/flexiforce.o
LOAD build/default/debug/src/peripherals/gnss.o
LOAD build/default/debug/src/peripherals/imu.o
LOAD build/default/debug/src/peripherals/pressure.o
LOAD build/default/debug/src/peripherals/propulsor.o
LOAD build/default/debug/src/peripherals/temperature.o
LOAD build/default/debug/src/peripherals/ttc.o
LOAD build/default/debug/src/main.o
LOAD build/default/debug/src/hal/hal_systick.o
                0x00000001                        __MPLAB_BUILD = 0x1
                0x00000001                        __ICD2RAM = 0x1
                0x00000001                        __MPLAB_DEBUG = 0x1
                0x00000001                        __DEBUG = 0x1
                0x00000000                        _min_heap_size = 0x0
LOAD C:\Users\diogo\AppData\Local\Temp\cc4MjQ0u.o
START GROUP
LOAD C:/Program Files/Microchip/xc32/v5.10/bin/bin/../../lib/gcc/pic32c/13.2.1/../../../../pic32c/lib/thumb/v7e-m+dp/hard\libpic32c.a
LOAD C:/Program Files/Microchip/xc32/v5.10/bin/bin/../../lib/gcc/pic32c/13.2.1/../../../../pic32c/lib/thumb/v7e-m+dp/hard\libc-size-musl.a
LOAD C:/Program Files/Microchip/xc32/v5.10/bin/bin/../../lib/gcc/pic32c/13.2.1/../../../../pic32c/lib/thumb/v7e-m+dp/hard\liblmalloc-musl.a
LOAD C:/Program Files/Microchip/xc32/v5.10/bin/bin/../../lib/gcc/pic32c/13.2.1/../../../../pic32c/lib/thumb/v7e-m+dp/hard\libg-musl.a
LOAD C:/Program Files/Microchip/xc32/v5.10/bin/bin/../../lib/gcc/pic32c/13.2.1/../../../../pic32c/lib/thumb/v7e-m+dp/hard\libc-musl.a
LOAD C:/Program Files/Microchip/xc32/v5.10/bin/bin/../../lib/gcc/pic32c/13.2.1/../../../../pic32c/lib/thumb/v7e-m+dp/hard\libm-fast-emfloat.a
LOAD C:/Program Files/Microchip/xc32/v5.10/bin/bin/../../lib/gcc/pic32c/13.2.1/../../../../pic32c/lib/thumb/v7e-m+dp/hard\libm-musl.a
END GROUP
LOAD C:/Program Files/Microchip/xc32/v5.10/bin/bin/../../lib/gcc/pic32c/13.2.1/thumb/v7e-m+dp/hard\libgcc.a
LOAD C:/Program Files/Microchip/xc32/v5.10/bin/bin/../../lib/gcc/pic32c/13.2.1/thumb/v7e-m+dp/hard/crtend.o
LOAD C:/Program Files/Microchip/xc32/v5.10/bin/bin/../../lib/gcc/pic32c/13.2.1/thumb/v7e-m+dp/hard/crtn.o
                0x00600000                        __rom_end = (ORIGIN (rom) + LENGTH (rom))
                0x20460000                        __ram_end = (ORIGIN (ram) + LENGTH (ram))

.vectors        0x00400000      0x168
                0x00400000                        . = ALIGN (0x4)
                0x00400000                        _sfixed = .
 *(.vectors .vectors.* .vectors_default .vectors_default.*)
 .vectors.default
                0x00400000      0x168 C:\Users\diogo\AppData\Local\Temp\cc4MjQ0u.o
                0x00400000                exception_table
 *(.isr_vector)
 *(.reset*)
 *(.after_vectors)

.text           0x00400168       0x20
                0x00400168                        . = ALIGN (0x4)
 *(.glue_7t)
 .glue_7t       0x00400168        0x0 linker stubs
 *(.glue_7)
 .glue_7        0x00400168        0x0 linker stubs
 *(.gnu.linkonce.r.*)
 *(.ARM.extab* .gnu.linkonce.armextab.*)
                0x00400168                        . = ALIGN (0x4)
 *(.init)
 .init          0x00400168        0x4 C:/Program Files/Microchip/xc32/v5.10/bin/bin/../../lib/gcc/pic32c/13.2.1/thumb/v7e-m+dp/hard/crti.o
                0x00400168                _init
 .init          0x0040016c        0x8 C:/Program Files/Microchip/xc32/v5.10/bin/bin/../../lib/gcc/pic32c/13.2.1/thumb/v7e-m+dp/hard/crtn.o
                0x00400174                        . = ALIGN (0x4)
                0x00400174                        __preinit_array_start = .
 *(.preinit_array)
                0x00400174                        __preinit_array_end = .
                0x00400174                        . = ALIGN (0x4)
                0x00400174                        __init_array_start = .
 *(SORT_BY_NAME(.init_array.*))
 *(.init_array)
 .init_array    0x00400174        0x4 C:/Program Files/Microchip/xc32/v5.10/bin/bin/../../lib/gcc/pic32c/13.2.1/thumb/v7e-m+dp/hard/crtbegin.o
                0x00400178                        __init_array_end = .
                0x00400178                        . = ALIGN (0x4)
 *crtbegin.o(.ctors)
 *(EXCLUDE_FILE(*crtend.o) .ctors)
 *(SORT_BY_NAME(.ctors.*))
 *crtend.o(.ctors)
                0x00400178                        . = ALIGN (0x4)
 *(.fini)
 .fini          0x00400178        0x4 C:/Program Files/Microchip/xc32/v5.10/bin/bin/../../lib/gcc/pic32c/13.2.1/thumb/v7e-m+dp/hard/crti.o
                0x00400178                _fini
 .fini          0x0040017c        0x8 C:/Program Files/Microchip/xc32/v5.10/bin/bin/../../lib/gcc/pic32c/13.2.1/thumb/v7e-m+dp/hard/crtn.o
                0x00400184                        . = ALIGN (0x4)
                0x00400184                        __fini_array_start = .
 *(.fini_array)
 .fini_array    0x00400184        0x4 C:/Program Files/Microchip/xc32/v5.10/bin/bin/../../lib/gcc/pic32c/13.2.1/thumb/v7e-m+dp/hard/crtbegin.o
 *(SORT_BY_NAME(.fini_array.*))
                0x00400188                        __fini_array_end = .
 *crtbegin.o(.dtors)
 *(EXCLUDE_FILE(*crtend.o) .dtors)
 *(SORT_BY_NAME(.dtors.*))
 *crtend.o(.dtors)
                0x00400188                        . = ALIGN (0x4)
                0x00400188                        _efixed = .
                [!provide]                        PROVIDE (__exidx_start = .)

.ARM.exidx      0x00400188        0x8
 *(.ARM.exidx* .gnu.linkonce.armexidx.*)
 .ARM.exidx     0x00400188        0x8 C:/Program Files/Microchip/xc32/v5.10/bin/bin/../../lib/gcc/pic32c/13.2.1/thumb/v7e-m+dp/hard\libgcc.a(_udivmoddi4.o)
                [!provide]                        PROVIDE (__exidx_end = .)
                0x00400190                        . = ALIGN (0x4)
                0x00400190                        _etext = .

.bss            0x20400000        0x0
                0x20400000                        . = ALIGN (0x4)
                0x20400000                        __bss_start__ = .
                0x20400000                        _sbss = .
                0x20400000                        _szero = .
 *(COMMON)
                0x20400000                        . = ALIGN (0x4)
                0x20400000                        __bss_end__ = .
                0x20400000                        _ebss = .
                0x20400000                        _ezero = .
                0x20400000                        . = ALIGN (0x4)
                0x20400000                        _end = .
                0x2045ffff                        _ram_end_ = ((ORIGIN (ram) + LENGTH (ram)) - 0x1)
OUTPUT(dist/default/debug/PS_OBC.X.debug.elf elf32-littlearm)
LOAD linker stubs
LOAD data_init

.note           0x00000000      0x6c0
 .note          0x00000000       0x18 C:/Program Files/Microchip/xc32/v5.10/bin/bin/../../lib/gcc/pic32c/13.2.1/thumb/v7e-m+dp/hard/crti.o
 .note          0x00000018       0x18 C:/Program Files/Microchip/xc32/v5.10/bin/bin/../../lib/gcc/pic32c/13.2.1/thumb/v7e-m+dp/hard/crtbegin.o
 .note          0x00000030       0x18 build/default/debug/src/app/init.o
 .note          0x00000048       0x18 build/default/debug/src/app/mission.o
 .note          0x00000060       0x18 build/default/debug/src/app/modeSelecter.o
 .note          0x00000078       0x18 build/default/debug/src/app/sensors.o
 .note          0x00000090       0x18 build/default/debug/src/app/stateCheck.o
 .note          0x000000a8       0x18 build/default/debug/src/drivers/i2c_driver.o
 .note          0x000000c0       0x18 build/default/debug/src/drivers/qspi_driver.o
 .note          0x000000d8       0x18 build/default/debug/src/drivers/spi_driver.o
 .note          0x000000f0       0x18 build/default/debug/src/drivers/usart_driver.o
 .note          0x00000108       0x18 build/default/debug/src/hal/hal_gpio.o
 .note          0x00000120       0x18 build/default/debug/src/hal/hal_i2c.o
 .note          0x00000138       0x18 build/default/debug/src/hal/hal_peripherals_init.o
 .note          0x00000150       0x18 build/default/debug/src/hal/hal_qspi.o
 .note          0x00000168       0x18 build/default/debug/src/hal/hal_spi.o
 .note          0x00000180       0x18 build/default/debug/src/hal/hal_system.o
 .note          0x00000198       0x18 build/default/debug/src/hal/hal_usart.o
 .note          0x000001b0       0x18 build/default/debug/src/hal/hal_debug_uart.o
 .note          0x000001c8       0x18 build/default/debug/src/peripherals/eps.o
 .note          0x000001e0       0x18 build/default/debug/src/peripherals/flexiforce.o
 .note          0x000001f8       0x18 build/default/debug/src/peripherals/gnss.o
 .note          0x00000210       0x18 build/default/debug/src/peripherals/imu.o
 .note          0x00000228       0x18 build/default/debug/src/peripherals/pressure.o
 .note          0x00000240       0x18 build/default/debug/src/peripherals/propulsor.o
 .note          0x00000258       0x18 build/default/debug/src/peripherals/temperature.o
 .note          0x00000270       0x18 build/default/debug/src/peripherals/ttc.o
 .note          0x00000288       0x18 build/default/debug/src/main.o
 .note          0x000002a0       0x18 build/default/debug/src/hal/hal_systick.o
 .note          0x000002b8       0x18 C:\Users\diogo\AppData\Local\Temp\cc4MjQ0u.o
 .note          0x000002d0       0x18 C:/Program Files/Microchip/xc32/v5.10/bin/bin/../../lib/gcc/pic32c/13.2.1/../../../../pic32c/lib/thumb/v7e-m+dp/hard\libpic32c.a(data_init.o)
 .note          0x000002e8       0x18 C:/Program Files/Microchip/xc32/v5.10/bin/bin/../../lib/gcc/pic32c/13.2.1/../../../../pic32c/lib/thumb/v7e-m+dp/hard\libg-musl.a(__libc_start_main.o)
 .note          0x00000300       0x18 C:/Program Files/Microchip/xc32/v5.10/bin/bin/../../lib/gcc/pic32c/13.2.1/../../../../pic32c/lib/thumb/v7e-m+dp/hard\libg-musl.a(libc.o)
 .note          0x00000318       0x18 C:/Program Files/Microchip/xc32/v5.10/bin/bin/../../lib/gcc/pic32c/13.2.1/../../../../pic32c/lib/thumb/v7e-m+dp/hard\libg-musl.a(rand.o)
 .note          0x00000330       0x18 C:/Program Files/Microchip/xc32/v5.10/bin/bin/../../lib/gcc/pic32c/13.2.1/../../../../pic32c/lib/thumb/v7e-m+dp/hard\libg-musl.a(__sio_printf_deEfFgGnpxX.o)
 .note          0x00000348       0x18 C:/Program Files/Microchip/xc32/v5.10/bin/bin/../../lib/gcc/pic32c/13.2.1/../../../../pic32c/lib/thumb/v7e-m+dp/hard\libg-musl.a(__fmt_d.o)
 .note          0x00000360       0x18 C:/Program Files/Microchip/xc32/v5.10/bin/bin/../../lib/gcc/pic32c/13.2.1/../../../../pic32c/lib/thumb/v7e-m+dp/hard\libg-musl.a(__fmt_fp.o)
 .note          0x00000378       0x18 C:/Program Files/Microchip/xc32/v5.10/bin/bin/../../lib/gcc/pic32c/13.2.1/../../../../pic32c/lib/thumb/v7e-m+dp/hard\libg-musl.a(__fmt_x.o)
 .note          0x00000390       0x18 C:/Program Files/Microchip/xc32/v5.10/bin/bin/../../lib/gcc/pic32c/13.2.1/../../../../pic32c/lib/thumb/v7e-m+dp/hard\libg-musl.a(__pop_float.o)
 .note          0x000003a8       0x18 C:/Program Files/Microchip/xc32/v5.10/bin/bin/../../lib/gcc/pic32c/13.2.1/../../../../pic32c/lib/thumb/v7e-m+dp/hard\libg-musl.a(__pop_int.o)
 .note          0x000003c0       0x18 C:/Program Files/Microchip/xc32/v5.10/bin/bin/../../lib/gcc/pic32c/13.2.1/../../../../pic32c/lib/thumb/v7e-m+dp/hard\libg-musl.a(__pop_ptr.o)
 .note          0x000003d8       0x18 C:/Program Files/Microchip/xc32/v5.10/bin/bin/../../lib/gcc/pic32c/13.2.1/../../../../pic32c/lib/thumb/v7e-m+dp/hard\libg-musl.a(__printf_core.o)
 .note          0x000003f0       0x18 C:/Program Files/Microchip/xc32/v5.10/bin/bin/../../lib/gcc/pic32c/13.2.1/../../../../pic32c/lib/thumb/v7e-m+dp/hard\libg-musl.a(stdout.o)
 .note          0x00000408       0x18 C:/Program Files/Microchip/xc32/v5.10/bin/bin/../../lib/gcc/pic32c/13.2.1/../../../../pic32c/lib/thumb/v7e-m+dp/hard\libg-musl.a(putchar.o)
 .note          0x00000420       0x18 C:/Program Files/Microchip/xc32/v5.10/bin/bin/../../lib/gcc/pic32c/13.2.1/../../../../pic32c/lib/thumb/v7e-m+dp/hard\libg-musl.a(puts.o)
 .note          0x00000438       0x18 C:/Program Files/Microchip/xc32/v5.10/bin/bin/../../lib/gcc/pic32c/13.2.1/../../../../pic32c/lib/thumb/v7e-m+dp/hard\libg-musl.a(atoi.o)
 .note          0x00000450       0x18 C:/Program Files/Microchip/xc32/v5.10/bin/bin/../../lib/gcc/pic32c/13.2.1/../../../../pic32c/lib/thumb/v7e-m+dp/hard\libg-musl.a(tolower.o)
 .note          0x00000468       0x18 C:/Program Files/Microchip/xc32/v5.10/bin/bin/../../lib/gcc/pic32c/13.2.1/../../../../pic32c/lib/thumb/v7e-m+dp/hard\libg-musl.a(toupper.o)
 .note          0x00000480       0x18 C:/Program Files/Microchip/xc32/v5.10/bin/bin/../../lib/gcc/pic32c/13.2.1/../../../../pic32c/lib/thumb/v7e-m+dp/hard\libg-musl.a(__environ.o)
 .note          0x00000498       0x18 C:/Program Files/Microchip/xc32/v5.10/bin/bin/../../lib/gcc/pic32c/13.2.1/../../../../pic32c/lib/thumb/v7e-m+dp/hard\libg-musl.a(__errno_location.o)
 .note          0x000004b0       0x18 C:/Program Files/Microchip/xc32/v5.10/bin/bin/../../lib/gcc/pic32c/13.2.1/../../../../pic32c/lib/thumb/v7e-m+dp/hard\libg-musl.a(__int_vfprintf.o)
 .note          0x000004c8       0x18 C:/Program Files/Microchip/xc32/v5.10/bin/bin/../../lib/gcc/pic32c/13.2.1/../../../../pic32c/lib/thumb/v7e-m+dp/hard\libg-musl.a(fputs.o)
 .note          0x000004e0       0x18 C:/Program Files/Microchip/xc32/v5.10/bin/bin/../../lib/gcc/pic32c/13.2.1/../../../../pic32c/lib/thumb/v7e-m+dp/hard\libg-musl.a(__cvt_u.o)
 .note          0x000004f8       0x18 C:/Program Files/Microchip/xc32/v5.10/bin/bin/../../lib/gcc/pic32c/13.2.1/../../../../pic32c/lib/thumb/v7e-m+dp/hard\libg-musl.a(__io_init_needed.o)
 .note          0x00000510       0x18 C:/Program Files/Microchip/xc32/v5.10/bin/bin/../../lib/gcc/pic32c/13.2.1/../../../../pic32c/lib/thumb/v7e-m+dp/hard\libg-musl.a(fwrite.o)
 .note          0x00000528       0x18 C:/Program Files/Microchip/xc32/v5.10/bin/bin/../../lib/gcc/pic32c/13.2.1/../../../../pic32c/lib/thumb/v7e-m+dp/hard\libg-musl.a(putc.o)
 .note          0x00000540       0x18 C:/Program Files/Microchip/xc32/v5.10/bin/bin/../../lib/gcc/pic32c/13.2.1/../../../../pic32c/lib/thumb/v7e-m+dp/hard\libg-musl.a(__init_stdio.o)
 .note          0x00000558       0x18 C:/Program Files/Microchip/xc32/v5.10/bin/bin/../../lib/gcc/pic32c/13.2.1/../../../../pic32c/lib/thumb/v7e-m+dp/hard\libg-musl.a(__io_file_needed.o)
 .note          0x00000570       0x18 C:/Program Files/Microchip/xc32/v5.10/bin/bin/../../lib/gcc/pic32c/13.2.1/../../../../pic32c/lib/thumb/v7e-m+dp/hard\libg-musl.a(__out.o)
 .note          0x00000588       0x18 C:/Program Files/Microchip/xc32/v5.10/bin/bin/../../lib/gcc/pic32c/13.2.1/../../../../pic32c/lib/thumb/v7e-m+dp/hard\libpic32c.a(write.o)
 .note          0x000005a0       0x18 C:/Program Files/Microchip/xc32/v5.10/bin/bin/../../lib/gcc/pic32c/13.2.1/../../../../pic32c/lib/thumb/v7e-m+dp/hard\libc-size-musl.a(memcpy.o)
 .note          0x000005b8       0x18 C:/Program Files/Microchip/xc32/v5.10/bin/bin/../../lib/gcc/pic32c/13.2.1/../../../../pic32c/lib/thumb/v7e-m+dp/hard\libc-size-musl.a(memset.o)
 .note          0x000005d0       0x18 C:/Program Files/Microchip/xc32/v5.10/bin/bin/../../lib/gcc/pic32c/13.2.1/../../../../pic32c/lib/thumb/v7e-m+dp/hard\libc-size-musl.a(strlen.o)
 .note          0x000005e8       0x18 C:/Program Files/Microchip/xc32/v5.10/bin/bin/../../lib/gcc/pic32c/13.2.1/../../../../pic32c/lib/thumb/v7e-m+dp/hard\libc-size-musl.a(strcpy.o)
 .note          0x00000600       0x18 C:/Program Files/Microchip/xc32/v5.10/bin/bin/../../lib/gcc/pic32c/13.2.1/../../../../pic32c/lib/thumb/v7e-m+dp/hard\libc-size-musl.a(stpcpy.o)
 .note          0x00000618       0x18 C:/Program Files/Microchip/xc32/v5.10/bin/bin/../../lib/gcc/pic32c/13.2.1/thumb/v7e-m+dp/hard\libgcc.a(_aeabi_uldivmod.o)
 .note          0x00000630       0x18 C:/Program Files/Microchip/xc32/v5.10/bin/bin/../../lib/gcc/pic32c/13.2.1/thumb/v7e-m+dp/hard\libgcc.a(_udivmoddi4.o)
 .note          0x00000648       0x18 C:/Program Files/Microchip/xc32/v5.10/bin/bin/../../lib/gcc/pic32c/13.2.1/thumb/v7e-m+dp/hard\libgcc.a(_dvmd_tls.o)
 .note          0x00000660       0x18 C:/Program Files/Microchip/xc32/v5.10/bin/bin/../../lib/gcc/pic32c/13.2.1/thumb/v7e-m+dp/hard/crtend.o
 .note          0x00000678       0x18 C:/Program Files/Microchip/xc32/v5.10/bin/bin/../../lib/gcc/pic32c/13.2.1/thumb/v7e-m+dp/hard/crtn.o
 .note          0x00000690       0x18 C:/Program Files/Microchip/xc32/v5.10/bin/bin/../../lib/gcc/pic32c/13.2.1/../../../../pic32c/lib/thumb/v7e-m+dp/hard\libpic32c.a(pic32_data_init_clear.o)
 .note          0x000006a8       0x18 C:/Program Files/Microchip/xc32/v5.10/bin/bin/../../lib/gcc/pic32c/13.2.1/../../../../pic32c/lib/thumb/v7e-m+dp/hard\libpic32c.a(pic32_data_init_copy.o)

.ARM.attributes
                0x00000000       0x32
 .ARM.attributes
                0x00000000       0x20 C:/Program Files/Microchip/xc32/v5.10/bin/bin/../../lib/gcc/pic32c/13.2.1/thumb/v7e-m+dp/hard/crti.o
 .ARM.attributes
                0x00000020       0x32 C:/Program Files/Microchip/xc32/v5.10/bin/bin/../../lib/gcc/pic32c/13.2.1/thumb/v7e-m+dp/hard/crtbegin.o
 .ARM.attributes
                0x00000052       0x32 build/default/debug/src/app/init.o
 .ARM.attributes
                0x00000084       0x32 build/default/debug/src/app/mission.o
 .ARM.attributes
                0x000000b6       0x32 build/default/debug/src/app/modeSelecter.o
 .ARM.attributes
                0x000000e8       0x32 build/default/debug/src/app/sensors.o
 .ARM.attributes
                0x0000011a       0x32 build/default/debug/src/drivers/i2c_driver.o
 .ARM.attributes
                0x0000014c       0x32 build/default/debug/src/drivers/usart_driver.o
 .ARM.attributes
                0x0000017e       0x32 build/default/debug/src/hal/hal_gpio.o
 .ARM.attributes
                0x000001b0       0x32 build/default/debug/src/hal/hal_i2c.o
 .ARM.attributes
                0x000001e2       0x32 build/default/debug/src/hal/hal_peripherals_init.o
 .ARM.attributes
                0x00000214       0x32 build/default/debug/src/hal/hal_qspi.o
 .ARM.attributes
                0x00000246       0x32 build/default/debug/src/hal/hal_spi.o
 .ARM.attributes
                0x00000278       0x32 build/default/debug/src/hal/hal_system.o
 .ARM.attributes
                0x000002aa       0x32 build/default/debug/src/hal/hal_usart.o
 .ARM.attributes
                0x000002dc       0x32 build/default/debug/src/hal/hal_debug_uart.o
 .ARM.attributes
                0x0000030e       0x32 build/default/debug/src/peripherals/eps.o
 .ARM.attributes
                0x00000340       0x32 build/default/debug/src/peripherals/gnss.o
 .ARM.attributes
                0x00000372       0x32 build/default/debug/src/peripherals/imu.o
 .ARM.attributes
                0x000003a4       0x32 build/default/debug/src/peripherals/pressure.o
 .ARM.attributes
                0x000003d6       0x32 build/default/debug/src/peripherals/temperature.o
 .ARM.attributes
                0x00000408       0x32 build/default/debug/src/peripherals/ttc.o
 .ARM.attributes
                0x0000043a       0x32 build/default/debug/src/main.o
 .ARM.attributes
                0x0000046c       0x32 build/default/debug/src/hal/hal_systick.o
 .ARM.attributes
                0x0000049e       0x32 C:\Users\diogo\AppData\Local\Temp\cc4MjQ0u.o
 .ARM.attributes
                0x000004d0       0x32 C:/Program Files/Microchip/xc32/v5.10/bin/bin/../../lib/gcc/pic32c/13.2.1/../../../../pic32c/lib/thumb/v7e-m+dp/hard\libpic32c.a(data_init.o)
 .ARM.attributes
                0x00000502       0x34 C:/Program Files/Microchip/xc32/v5.10/bin/bin/../../lib/gcc/pic32c/13.2.1/../../../../pic32c/lib/thumb/v7e-m+dp/hard\libg-musl.a(__libc_start_main.o)
 .ARM.attributes
                0x00000536       0x34 C:/Program Files/Microchip/xc32/v5.10/bin/bin/../../lib/gcc/pic32c/13.2.1/../../../../pic32c/lib/thumb/v7e-m+dp/hard\libg-musl.a(libc.o)
 .ARM.attributes
                0x0000056a       0x34 C:/Program Files/Microchip/xc32/v5.10/bin/bin/../../lib/gcc/pic32c/13.2.1/../../../../pic32c/lib/thumb/v7e-m+dp/hard\libg-musl.a(rand.o)
 .ARM.attributes
                0x0000059e       0x34 C:/Program Files/Microchip/xc32/v5.10/bin/bin/../../lib/gcc/pic32c/13.2.1/../../../../pic32c/lib/thumb/v7e-m+dp/hard\libg-musl.a(__sio_printf_deEfFgGnpxX.o)
 .ARM.attributes
                0x000005d2       0x34 C:/Program Files/Microchip/xc32/v5.10/bin/bin/../../lib/gcc/pic32c/13.2.1/../../../../pic32c/lib/thumb/v7e-m+dp/hard\libg-musl.a(__fmt_d.o)
 .ARM.attributes
                0x00000606       0x34 C:/Program Files/Microchip/xc32/v5.10/bin/bin/../../lib/gcc/pic32c/13.2.1/../../../../pic32c/lib/thumb/v7e-m+dp/hard\libg-musl.a(__fmt_fp.o)
 .ARM.attributes
                0x0000063a       0x34 C:/Program Files/Microchip/xc32/v5.10/bin/bin/../../lib/gcc/pic32c/13.2.1/../../../../pic32c/lib/thumb/v7e-m+dp/hard\libg-musl.a(__fmt_x.o)
 .ARM.attributes
                0x0000066e       0x34 C:/Program Files/Microchip/xc32/v5.10/bin/bin/../../lib/gcc/pic32c/13.2.1/../../../../pic32c/lib/thumb/v7e-m+dp/hard\libg-musl.a(__pop_float.o)
 .ARM.attributes
                0x000006a2       0x34 C:/Program Files/Microchip/xc32/v5.10/bin/bin/../../lib/gcc/pic32c/13.2.1/../../../../pic32c/lib/thumb/v7e-m+dp/hard\libg-musl.a(__pop_int.o)
 .ARM.attributes
                0x000006d6       0x34 C:/Program Files/Microchip/xc32/v5.10/bin/bin/../../lib/gcc/pic32c/13.2.1/../../../../pic32c/lib/thumb/v7e-m+dp/hard\libg-musl.a(__pop_ptr.o)
 .ARM.attributes
                0x0000070a       0x34 C:/Program Files/Microchip/xc32/v5.10/bin/bin/../../lib/gcc/pic32c/13.2.1/../../../../pic32c/lib/thumb/v7e-m+dp/hard\libg-musl.a(__printf_core.o)
 .ARM.attributes
                0x0000073e       0x34 C:/Program Files/Microchip/xc32/v5.10/bin/bin/../../lib/gcc/pic32c/13.2.1/../../../../pic32c/lib/thumb/v7e-m+dp/hard\libg-musl.a(stdout.o)
 .ARM.attributes
                0x00000772       0x34 C:/Program Files/Microchip/xc32/v5.10/bin/bin/../../lib/gcc/pic32c/13.2.1/../../../../pic32c/lib/thumb/v7e-m+dp/hard\libg-musl.a(putchar.o)
 .ARM.attributes
                0x000007a6       0x34 C:/Program Files/Microchip/xc32/v5.10/bin/bin/../../lib/gcc/pic32c/13.2.1/../../../../pic32c/lib/thumb/v7e-m+dp/hard\libg-musl.a(puts.o)
 .ARM.attributes
                0x000007da       0x34 C:/Program Files/Microchip/xc32/v5.10/bin/bin/../../lib/gcc/pic32c/13.2.1/../../../../pic32c/lib/thumb/v7e-m+dp/hard\libg-musl.a(atoi.o)
 .ARM.attributes
                0x0000080e       0x34 C:/Program Files/Microchip/xc32/v5.10/bin/bin/../../lib/gcc/pic32c/13.2.1/../../../../pic32c/lib/thumb/v7e-m+dp/hard\libg-musl.a(tolower.o)
 .ARM.attributes
                0x00000842       0x34 C:/Program Files/Microchip/xc32/v5.10/bin/bin/../../lib/gcc/pic32c/13.2.1/../../../../pic32c/lib/thumb/v7e-m+dp/hard\libg-musl.a(toupper.o)
 .ARM.attributes
                0x00000876       0x34 C:/Program Files/Microchip/xc32/v5.10/bin/bin/../../lib/gcc/pic32c/13.2.1/../../../../pic32c/lib/thumb/v7e-m+dp/hard\libg-musl.a(__environ.o)
 .ARM.attributes
                0x000008aa       0x34 C:/Program Files/Microchip/xc32/v5.10/bin/bin/../../lib/gcc/pic32c/13.2.1/../../../../pic32c/lib/thumb/v7e-m+dp/hard\libg-musl.a(__errno_location.o)
 .ARM.attributes
                0x000008de       0x34 C:/Program Files/Microchip/xc32/v5.10/bin/bin/../../lib/gcc/pic32c/13.2.1/../../../../pic32c/lib/thumb/v7e-m+dp/hard\libg-musl.a(__int_vfprintf.o)
 .ARM.attributes
                0x00000912       0x34 C:/Program Files/Microchip/xc32/v5.10/bin/bin/../../lib/gcc/pic32c/13.2.1/../../../../pic32c/lib/thumb/v7e-m+dp/hard\libg-musl.a(fputs.o)
 .ARM.attributes
                0x00000946       0x34 C:/Program Files/Microchip/xc32/v5.10/bin/bin/../../lib/gcc/pic32c/13.2.1/../../../../pic32c/lib/thumb/v7e-m+dp/hard\libg-musl.a(__cvt_u.o)
 .ARM.attributes
                0x0000097a       0x34 C:/Program Files/Microchip/xc32/v5.10/bin/bin/../../lib/gcc/pic32c/13.2.1/../../../../pic32c/lib/thumb/v7e-m+dp/hard\libg-musl.a(fwrite.o)
 .ARM.attributes
                0x000009ae       0x34 C:/Program Files/Microchip/xc32/v5.10/bin/bin/../../lib/gcc/pic32c/13.2.1/../../../../pic32c/lib/thumb/v7e-m+dp/hard\libg-musl.a(putc.o)
 .ARM.attributes
                0x000009e2       0x34 C:/Program Files/Microchip/xc32/v5.10/bin/bin/../../lib/gcc/pic32c/13.2.1/../../../../pic32c/lib/thumb/v7e-m+dp/hard\libg-musl.a(__init_stdio.o)
 .ARM.attributes
                0x00000a16       0x34 C:/Program Files/Microchip/xc32/v5.10/bin/bin/../../lib/gcc/pic32c/13.2.1/../../../../pic32c/lib/thumb/v7e-m+dp/hard\libg-musl.a(__out.o)
 .ARM.attributes
                0x00000a4a       0x32 C:/Program Files/Microchip/xc32/v5.10/bin/bin/../../lib/gcc/pic32c/13.2.1/../../../../pic32c/lib/thumb/v7e-m+dp/hard\libm-fast-emfloat.a(floor.o)
 .ARM.attributes
                0x00000a7c       0x32 C:/Program Files/Microchip/xc32/v5.10/bin/bin/../../lib/gcc/pic32c/13.2.1/../../../../pic32c/lib/thumb/v7e-m+dp/hard\libpic32c.a(write.o)
 .ARM.attributes
                0x00000aae       0x34 C:/Program Files/Microchip/xc32/v5.10/bin/bin/../../lib/gcc/pic32c/13.2.1/../../../../pic32c/lib/thumb/v7e-m+dp/hard\libc-size-musl.a(memcpy.o)
 .ARM.attributes
                0x00000ae2       0x34 C:/Program Files/Microchip/xc32/v5.10/bin/bin/../../lib/gcc/pic32c/13.2.1/../../../../pic32c/lib/thumb/v7e-m+dp/hard\libc-size-musl.a(memset.o)
 .ARM.attributes
                0x00000b16       0x34 C:/Program Files/Microchip/xc32/v5.10/bin/bin/../../lib/gcc/pic32c/13.2.1/../../../../pic32c/lib/thumb/v7e-m+dp/hard\libc-size-musl.a(strlen.o)
 .ARM.attributes
                0x00000b4a       0x34 C:/Program Files/Microchip/xc32/v5.10/bin/bin/../../lib/gcc/pic32c/13.2.1/../../../../pic32c/lib/thumb/v7e-m+dp/hard\libc-size-musl.a(strcpy.o)
 .ARM.attributes
                0x00000b7e       0x34 C:/Program Files/Microchip/xc32/v5.10/bin/bin/../../lib/gcc/pic32c/13.2.1/../../../../pic32c/lib/thumb/v7e-m+dp/hard\libc-size-musl.a(stpcpy.o)
 .ARM.attributes
                0x00000bb2       0x20 C:/Program Files/Microchip/xc32/v5.10/bin/bin/../../lib/gcc/pic32c/13.2.1/thumb/v7e-m+dp/hard\libgcc.a(_aeabi_uldivmod.o)
 .ARM.attributes
                0x00000bd2       0x32 C:/Program Files/Microchip/xc32/v5.10/bin/bin/../../lib/gcc/pic32c/13.2.1/thumb/v7e-m+dp/hard\libgcc.a(_udivmoddi4.o)
 .ARM.attributes
                0x00000c04       0x20 C:/Program Files/Microchip/xc32/v5.10/bin/bin/../../lib/gcc/pic32c/13.2.1/thumb/v7e-m+dp/hard\libgcc.a(_dvmd_tls.o)
 .ARM.attributes
                0x00000c24       0x20 C:/Program Files/Microchip/xc32/v5.10/bin/bin/../../lib/gcc/pic32c/13.2.1/thumb/v7e-m+dp/hard/crtn.o
 .ARM.attributes
                0x00000c44       0x32 C:/Program Files/Microchip/xc32/v5.10/bin/bin/../../lib/gcc/pic32c/13.2.1/../../../../pic32c/lib/thumb/v7e-m+dp/hard\libpic32c.a(pic32_data_init_clear.o)
 .ARM.attributes
                0x00000c76       0x32 C:/Program Files/Microchip/xc32/v5.10/bin/bin/../../lib/gcc/pic32c/13.2.1/../../../../pic32c/lib/thumb/v7e-m+dp/hard\libpic32c.a(pic32_data_init_copy.o)

.comment        0x00000000       0x35
 .comment       0x00000000       0x35 C:/Program Files/Microchip/xc32/v5.10/bin/bin/../../lib/gcc/pic32c/13.2.1/thumb/v7e-m+dp/hard/crtbegin.o
                                 0x36 (size before relaxing)
 .comment       0x00000035       0x36 build/default/debug/src/app/init.o
 .comment       0x00000035       0x36 build/default/debug/src/app/mission.o
 .comment       0x00000035       0x36 build/default/debug/src/app/modeSelecter.o
 .comment       0x00000035       0x36 build/default/debug/src/app/sensors.o
 .comment       0x00000035       0x36 build/default/debug/src/drivers/i2c_driver.o
 .comment       0x00000035       0x36 build/default/debug/src/drivers/usart_driver.o
 .comment       0x00000035       0x36 build/default/debug/src/hal/hal_gpio.o
 .comment       0x00000035       0x36 build/default/debug/src/hal/hal_i2c.o
 .comment       0x00000035       0x36 build/default/debug/src/hal/hal_peripherals_init.o
 .comment       0x00000035       0x36 build/default/debug/src/hal/hal_qspi.o
 .comment       0x00000035       0x36 build/default/debug/src/hal/hal_spi.o
 .comment       0x00000035       0x36 build/default/debug/src/hal/hal_system.o
 .comment       0x00000035       0x36 build/default/debug/src/hal/hal_usart.o
 .comment       0x00000035       0x36 build/default/debug/src/hal/hal_debug_uart.o
 .comment       0x00000035       0x36 build/default/debug/src/peripherals/eps.o
 .comment       0x00000035       0x36 build/default/debug/src/peripherals/gnss.o
 .comment       0x00000035       0x36 build/default/debug/src/peripherals/imu.o
 .comment       0x00000035       0x36 build/default/debug/src/peripherals/pressure.o
 .comment       0x00000035       0x36 build/default/debug/src/peripherals/temperature.o
 .comment       0x00000035       0x36 build/default/debug/src/peripherals/ttc.o
 .comment       0x00000035       0x36 build/default/debug/src/main.o
 .comment       0x00000035       0x36 build/default/debug/src/hal/hal_systick.o
 .comment       0x00000035       0x36 C:\Users\diogo\AppData\Local\Temp\cc4MjQ0u.o
 .comment       0x00000035       0x36 C:/Program Files/Microchip/xc32/v5.10/bin/bin/../../lib/gcc/pic32c/13.2.1/../../../../pic32c/lib/thumb/v7e-m+dp/hard\libpic32c.a(data_init.o)
 .comment       0x00000035       0x36 C:/Program Files/Microchip/xc32/v5.10/bin/bin/../../lib/gcc/pic32c/13.2.1/../../../../pic32c/lib/thumb/v7e-m+dp/hard\libg-musl.a(__libc_start_main.o)
 .comment       0x00000035       0x36 C:/Program Files/Microchip/xc32/v5.10/bin/bin/../../lib/gcc/pic32c/13.2.1/../../../../pic32c/lib/thumb/v7e-m+dp/hard\libg-musl.a(libc.o)
 .comment       0x00000035       0x36 C:/Program Files/Microchip/xc32/v5.10/bin/bin/../../lib/gcc/pic32c/13.2.1/../../../../pic32c/lib/thumb/v7e-m+dp/hard\libg-musl.a(rand.o)
 .comment       0x00000035       0x36 C:/Program Files/Microchip/xc32/v5.10/bin/bin/../../lib/gcc/pic32c/13.2.1/../../../../pic32c/lib/thumb/v7e-m+dp/hard\libg-musl.a(__sio_printf_deEfFgGnpxX.o)
 .comment       0x00000035       0x36 C:/Program Files/Microchip/xc32/v5.10/bin/bin/../../lib/gcc/pic32c/13.2.1/../../../../pic32c/lib/thumb/v7e-m+dp/hard\libg-musl.a(__fmt_d.o)
 .comment       0x00000035       0x36 C:/Program Files/Microchip/xc32/v5.10/bin/bin/../../lib/gcc/pic32c/13.2.1/../../../../pic32c/lib/thumb/v7e-m+dp/hard\libg-musl.a(__fmt_fp.o)
 .comment       0x00000035       0x36 C:/Program Files/Microchip/xc32/v5.10/bin/bin/../../lib/gcc/pic32c/13.2.1/../../../../pic32c/lib/thumb/v7e-m+dp/hard\libg-musl.a(__fmt_x.o)
 .comment       0x00000035       0x36 C:/Program Files/Microchip/xc32/v5.10/bin/bin/../../lib/gcc/pic32c/13.2.1/../../../../pic32c/lib/thumb/v7e-m+dp/hard\libg-musl.a(__pop_float.o)
 .comment       0x00000035       0x36 C:/Program Files/Microchip/xc32/v5.10/bin/bin/../../lib/gcc/pic32c/13.2.1/../../../../pic32c/lib/thumb/v7e-m+dp/hard\libg-musl.a(__pop_int.o)
 .comment       0x00000035       0x36 C:/Program Files/Microchip/xc32/v5.10/bin/bin/../../lib/gcc/pic32c/13.2.1/../../../../pic32c/lib/thumb/v7e-m+dp/hard\libg-musl.a(__pop_ptr.o)
 .comment       0x00000035       0x36 C:/Program Files/Microchip/xc32/v5.10/bin/bin/../../lib/gcc/pic32c/13.2.1/../../../../pic32c/lib/thumb/v7e-m+dp/hard\libg-musl.a(__printf_core.o)
 .comment       0x00000035       0x36 C:/Program Files/Microchip/xc32/v5.10/bin/bin/../../lib/gcc/pic32c/13.2.1/../../../../pic32c/lib/thumb/v7e-m+dp/hard\libg-musl.a(stdout.o)
 .comment       0x00000035       0x36 C:/Program Files/Microchip/xc32/v5.10/bin/bin/../../lib/gcc/pic32c/13.2.1/../../../../pic32c/lib/thumb/v7e-m+dp/hard\libg-musl.a(putchar.o)
 .comment       0x00000035       0x36 C:/Program Files/Microchip/xc32/v5.10/bin/bin/../../lib/gcc/pic32c/13.2.1/../../../../pic32c/lib/thumb/v7e-m+dp/hard\libg-musl.a(puts.o)
 .comment       0x00000035       0x36 C:/Program Files/Microchip/xc32/v5.10/bin/bin/../../lib/gcc/pic32c/13.2.1/../../../../pic32c/lib/thumb/v7e-m+dp/hard\libg-musl.a(atoi.o)
 .comment       0x00000035       0x36 C:/Program Files/Microchip/xc32/v5.10/bin/bin/../../lib/gcc/pic32c/13.2.1/../../../../pic32c/lib/thumb/v7e-m+dp/hard\libg-musl.a(tolower.o)
 .comment       0x00000035       0x36 C:/Program Files/Microchip/xc32/v5.10/bin/bin/../../lib/gcc/pic32c/13.2.1/../../../../pic32c/lib/thumb/v7e-m+dp/hard\libg-musl.a(toupper.o)
 .comment       0x00000035       0x36 C:/Program Files/Microchip/xc32/v5.10/bin/bin/../../lib/gcc/pic32c/13.2.1/../../../../pic32c/lib/thumb/v7e-m+dp/hard\libg-musl.a(__environ.o)
 .comment       0x00000035       0x36 C:/Program Files/Microchip/xc32/v5.10/bin/bin/../../lib/gcc/pic32c/13.2.1/../../../../pic32c/lib/thumb/v7e-m+dp/hard\libg-musl.a(__errno_location.o)
 .comment       0x00000035       0x36 C:/Program Files/Microchip/xc32/v5.10/bin/bin/../../lib/gcc/pic32c/13.2.1/../../../../pic32c/lib/thumb/v7e-m+dp/hard\libg-musl.a(__int_vfprintf.o)
 .comment       0x00000035       0x36 C:/Program Files/Microchip/xc32/v5.10/bin/bin/../../lib/gcc/pic32c/13.2.1/../../../../pic32c/lib/thumb/v7e-m+dp/hard\libg-musl.a(fputs.o)
 .comment       0x00000035       0x36 C:/Program Files/Microchip/xc32/v5.10/bin/bin/../../lib/gcc/pic32c/13.2.1/../../../../pic32c/lib/thumb/v7e-m+dp/hard\libg-musl.a(__cvt_u.o)
 .comment       0x00000035       0x36 C:/Program Files/Microchip/xc32/v5.10/bin/bin/../../lib/gcc/pic32c/13.2.1/../../../../pic32c/lib/thumb/v7e-m+dp/hard\libg-musl.a(fwrite.o)
 .comment       0x00000035       0x36 C:/Program Files/Microchip/xc32/v5.10/bin/bin/../../lib/gcc/pic32c/13.2.1/../../../../pic32c/lib/thumb/v7e-m+dp/hard\libg-musl.a(putc.o)
 .comment       0x00000035       0x36 C:/Program Files/Microchip/xc32/v5.10/bin/bin/../../lib/gcc/pic32c/13.2.1/../../../../pic32c/lib/thumb/v7e-m+dp/hard\libg-musl.a(__init_stdio.o)
 .comment       0x00000035       0x36 C:/Program Files/Microchip/xc32/v5.10/bin/bin/../../lib/gcc/pic32c/13.2.1/../../../../pic32c/lib/thumb/v7e-m+dp/hard\libg-musl.a(__out.o)
 .comment       0x00000035       0x36 C:/Program Files/Microchip/xc32/v5.10/bin/bin/../../lib/gcc/pic32c/13.2.1/../../../../pic32c/lib/thumb/v7e-m+dp/hard\libm-fast-emfloat.a(floor.o)
 .comment       0x00000035       0x36 C:/Program Files/Microchip/xc32/v5.10/bin/bin/../../lib/gcc/pic32c/13.2.1/../../../../pic32c/lib/thumb/v7e-m+dp/hard\libpic32c.a(write.o)
 .comment       0x00000035       0x36 C:/Program Files/Microchip/xc32/v5.10/bin/bin/../../lib/gcc/pic32c/13.2.1/../../../../pic32c/lib/thumb/v7e-m+dp/hard\libc-size-musl.a(memcpy.o)
 .comment       0x00000035       0x36 C:/Program Files/Microchip/xc32/v5.10/bin/bin/../../lib/gcc/pic32c/13.2.1/../../../../pic32c/lib/thumb/v7e-m+dp/hard\libc-size-musl.a(memset.o)
 .comment       0x00000035       0x36 C:/Program Files/Microchip/xc32/v5.10/bin/bin/../../lib/gcc/pic32c/13.2.1/../../../../pic32c/lib/thumb/v7e-m+dp/hard\libc-size-musl.a(strlen.o)
 .comment       0x00000035       0x36 C:/Program Files/Microchip/xc32/v5.10/bin/bin/../../lib/gcc/pic32c/13.2.1/../../../../pic32c/lib/thumb/v7e-m+dp/hard\libc-size-musl.a(strcpy.o)
 .comment       0x00000035       0x36 C:/Program Files/Microchip/xc32/v5.10/bin/bin/../../lib/gcc/pic32c/13.2.1/../../../../pic32c/lib/thumb/v7e-m+dp/hard\libc-size-musl.a(stpcpy.o)
 .comment       0x00000035       0x36 C:/Program Files/Microchip/xc32/v5.10/bin/bin/../../lib/gcc/pic32c/13.2.1/thumb/v7e-m+dp/hard\libgcc.a(_udivmoddi4.o)
 .comment       0x00000035       0x36 C:/Program Files/Microchip/xc32/v5.10/bin/bin/../../lib/gcc/pic32c/13.2.1/../../../../pic32c/lib/thumb/v7e-m+dp/hard\libpic32c.a(pic32_data_init_clear.o)
 .comment       0x00000035       0x36 C:/Program Files/Microchip/xc32/v5.10/bin/bin/../../lib/gcc/pic32c/13.2.1/../../../../pic32c/lib/thumb/v7e-m+dp/hard\libpic32c.a(pic32_data_init_copy.o)

.debug_info     0x00000000     0xa7b5
 .debug_info    0x00000000      0x39d build/default/debug/src/app/init.o
 .debug_info    0x0000039d       0xe8 build/default/debug/src/app/mission.o
 .debug_info    0x00000485      0x3e4 build/default/debug/src/app/modeSelecter.o
 .debug_info    0x00000869      0x80a build/default/debug/src/app/sensors.o
 .debug_info    0x00001073      0x6d6 build/default/debug/src/drivers/i2c_driver.o
 .debug_info    0x00001749      0x374 build/default/debug/src/drivers/usart_driver.o
 .debug_info    0x00001abd       0x9d build/default/debug/src/hal/hal_gpio.o
 .debug_info    0x00001b5a      0x2fa build/default/debug/src/hal/hal_i2c.o
 .debug_info    0x00001e54      0x139 build/default/debug/src/hal/hal_peripherals_init.o
 .debug_info    0x00001f8d       0x9d build/default/debug/src/hal/hal_qspi.o
 .debug_info    0x0000202a      0x2ce build/default/debug/src/hal/hal_spi.o
 .debug_info    0x000022f8       0xf9 build/default/debug/src/hal/hal_system.o
 .debug_info    0x000023f1      0x26d build/default/debug/src/hal/hal_usart.o
 .debug_info    0x0000265e      0x13c build/default/debug/src/hal/hal_debug_uart.o
 .debug_info    0x0000279a      0x3af build/default/debug/src/peripherals/eps.o
 .debug_info    0x00002b49      0x505 build/default/debug/src/peripherals/gnss.o
 .debug_info    0x0000304e      0x3be build/default/debug/src/peripherals/imu.o
 .debug_info    0x0000340c      0x368 build/default/debug/src/peripherals/pressure.o
 .debug_info    0x00003774      0x36d build/default/debug/src/peripherals/temperature.o
 .debug_info    0x00003ae1      0x72a build/default/debug/src/peripherals/ttc.o
 .debug_info    0x0000420b      0x288 build/default/debug/src/main.o
 .debug_info    0x00004493       0xf4 build/default/debug/src/hal/hal_systick.o
 .debug_info    0x00004587     0x107c C:\Users\diogo\AppData\Local\Temp\cc4MjQ0u.o
 .debug_info    0x00005603      0x212 C:/Program Files/Microchip/xc32/v5.10/bin/bin/../../lib/gcc/pic32c/13.2.1/../../../../pic32c/lib/thumb/v7e-m+dp/hard\libpic32c.a(data_init.o)
 .debug_info    0x00005815      0x2fb C:/Program Files/Microchip/xc32/v5.10/bin/bin/../../lib/gcc/pic32c/13.2.1/../../../../pic32c/lib/thumb/v7e-m+dp/hard\libg-musl.a(__libc_start_main.o)
 .debug_info    0x00005b10      0x276 C:/Program Files/Microchip/xc32/v5.10/bin/bin/../../lib/gcc/pic32c/13.2.1/../../../../pic32c/lib/thumb/v7e-m+dp/hard\libg-musl.a(libc.o)
 .debug_info    0x00005d86       0xd9 C:/Program Files/Microchip/xc32/v5.10/bin/bin/../../lib/gcc/pic32c/13.2.1/../../../../pic32c/lib/thumb/v7e-m+dp/hard\libg-musl.a(rand.o)
 .debug_info    0x00005e5f      0x20b C:/Program Files/Microchip/xc32/v5.10/bin/bin/../../lib/gcc/pic32c/13.2.1/../../../../pic32c/lib/thumb/v7e-m+dp/hard\libg-musl.a(__sio_printf_deEfFgGnpxX.o)
 .debug_info    0x0000606a      0x36e C:/Program Files/Microchip/xc32/v5.10/bin/bin/../../lib/gcc/pic32c/13.2.1/../../../../pic32c/lib/thumb/v7e-m+dp/hard\libg-musl.a(__fmt_d.o)
 .debug_info    0x000063d8      0x671 C:/Program Files/Microchip/xc32/v5.10/bin/bin/../../lib/gcc/pic32c/13.2.1/../../../../pic32c/lib/thumb/v7e-m+dp/hard\libg-musl.a(__fmt_fp.o)
 .debug_info    0x00006a49      0x3a1 C:/Program Files/Microchip/xc32/v5.10/bin/bin/../../lib/gcc/pic32c/13.2.1/../../../../pic32c/lib/thumb/v7e-m+dp/hard\libg-musl.a(__fmt_x.o)
 .debug_info    0x00006dea      0x162 C:/Program Files/Microchip/xc32/v5.10/bin/bin/../../lib/gcc/pic32c/13.2.1/../../../../pic32c/lib/thumb/v7e-m+dp/hard\libg-musl.a(__pop_float.o)
 .debug_info    0x00006f4c      0x183 C:/Program Files/Microchip/xc32/v5.10/bin/bin/../../lib/gcc/pic32c/13.2.1/../../../../pic32c/lib/thumb/v7e-m+dp/hard\libg-musl.a(__pop_int.o)
 .debug_info    0x000070cf      0x187 C:/Program Files/Microchip/xc32/v5.10/bin/bin/../../lib/gcc/pic32c/13.2.1/../../../../pic32c/lib/thumb/v7e-m+dp/hard\libg-musl.a(__pop_ptr.o)
 .debug_info    0x00007256      0xaff C:/Program Files/Microchip/xc32/v5.10/bin/bin/../../lib/gcc/pic32c/13.2.1/../../../../pic32c/lib/thumb/v7e-m+dp/hard\libg-musl.a(__printf_core.o)
 .debug_info    0x00007d55      0x1e6 C:/Program Files/Microchip/xc32/v5.10/bin/bin/../../lib/gcc/pic32c/13.2.1/../../../../pic32c/lib/thumb/v7e-m+dp/hard\libg-musl.a(stdout.o)
 .debug_info    0x00007f3b       0xe9 C:/Program Files/Microchip/xc32/v5.10/bin/bin/../../lib/gcc/pic32c/13.2.1/../../../../pic32c/lib/thumb/v7e-m+dp/hard\libg-musl.a(putchar.o)
 .debug_info    0x00008024      0x3ce C:/Program Files/Microchip/xc32/v5.10/bin/bin/../../lib/gcc/pic32c/13.2.1/../../../../pic32c/lib/thumb/v7e-m+dp/hard\libg-musl.a(puts.o)
 .debug_info    0x000083f2       0xef C:/Program Files/Microchip/xc32/v5.10/bin/bin/../../lib/gcc/pic32c/13.2.1/../../../../pic32c/lib/thumb/v7e-m+dp/hard\libg-musl.a(atoi.o)
 .debug_info    0x000084e1      0x138 C:/Program Files/Microchip/xc32/v5.10/bin/bin/../../lib/gcc/pic32c/13.2.1/../../../../pic32c/lib/thumb/v7e-m+dp/hard\libg-musl.a(tolower.o)
 .debug_info    0x00008619      0x138 C:/Program Files/Microchip/xc32/v5.10/bin/bin/../../lib/gcc/pic32c/13.2.1/../../../../pic32c/lib/thumb/v7e-m+dp/hard\libg-musl.a(toupper.o)
 .debug_info    0x00008751       0x97 C:/Program Files/Microchip/xc32/v5.10/bin/bin/../../lib/gcc/pic32c/13.2.1/../../../../pic32c/lib/thumb/v7e-m+dp/hard\libg-musl.a(__environ.o)
 .debug_info    0x000087e8       0x5b C:/Program Files/Microchip/xc32/v5.10/bin/bin/../../lib/gcc/pic32c/13.2.1/../../../../pic32c/lib/thumb/v7e-m+dp/hard\libg-musl.a(__errno_location.o)
 .debug_info    0x00008843      0x21c C:/Program Files/Microchip/xc32/v5.10/bin/bin/../../lib/gcc/pic32c/13.2.1/../../../../pic32c/lib/thumb/v7e-m+dp/hard\libg-musl.a(__int_vfprintf.o)
 .debug_info    0x00008a5f      0x3de C:/Program Files/Microchip/xc32/v5.10/bin/bin/../../lib/gcc/pic32c/13.2.1/../../../../pic32c/lib/thumb/v7e-m+dp/hard\libg-musl.a(fputs.o)
 .debug_info    0x00008e3d      0x1ed C:/Program Files/Microchip/xc32/v5.10/bin/bin/../../lib/gcc/pic32c/13.2.1/../../../../pic32c/lib/thumb/v7e-m+dp/hard\libg-musl.a(__cvt_u.o)
 .debug_info    0x0000902a      0x290 C:/Program Files/Microchip/xc32/v5.10/bin/bin/../../lib/gcc/pic32c/13.2.1/../../../../pic32c/lib/thumb/v7e-m+dp/hard\libg-musl.a(fwrite.o)
 .debug_info    0x000092ba      0x247 C:/Program Files/Microchip/xc32/v5.10/bin/bin/../../lib/gcc/pic32c/13.2.1/../../../../pic32c/lib/thumb/v7e-m+dp/hard\libg-musl.a(putc.o)
 .debug_info    0x00009501       0xc3 C:/Program Files/Microchip/xc32/v5.10/bin/bin/../../lib/gcc/pic32c/13.2.1/../../../../pic32c/lib/thumb/v7e-m+dp/hard\libg-musl.a(__init_stdio.o)
 .debug_info    0x000095c4      0x301 C:/Program Files/Microchip/xc32/v5.10/bin/bin/../../lib/gcc/pic32c/13.2.1/../../../../pic32c/lib/thumb/v7e-m+dp/hard\libg-musl.a(__out.o)
 .debug_info    0x000098c5      0x113 C:/Program Files/Microchip/xc32/v5.10/bin/bin/../../lib/gcc/pic32c/13.2.1/../../../../pic32c/lib/thumb/v7e-m+dp/hard\libpic32c.a(write.o)
 .debug_info    0x000099d8       0xff C:/Program Files/Microchip/xc32/v5.10/bin/bin/../../lib/gcc/pic32c/13.2.1/../../../../pic32c/lib/thumb/v7e-m+dp/hard\libc-size-musl.a(memcpy.o)
 .debug_info    0x00009ad7       0xc2 C:/Program Files/Microchip/xc32/v5.10/bin/bin/../../lib/gcc/pic32c/13.2.1/../../../../pic32c/lib/thumb/v7e-m+dp/hard\libc-size-musl.a(memset.o)
 .debug_info    0x00009b99       0xab C:/Program Files/Microchip/xc32/v5.10/bin/bin/../../lib/gcc/pic32c/13.2.1/../../../../pic32c/lib/thumb/v7e-m+dp/hard\libc-size-musl.a(strlen.o)
 .debug_info    0x00009c44       0xdd C:/Program Files/Microchip/xc32/v5.10/bin/bin/../../lib/gcc/pic32c/13.2.1/../../../../pic32c/lib/thumb/v7e-m+dp/hard\libc-size-musl.a(strcpy.o)
 .debug_info    0x00009d21       0xac C:/Program Files/Microchip/xc32/v5.10/bin/bin/../../lib/gcc/pic32c/13.2.1/../../../../pic32c/lib/thumb/v7e-m+dp/hard\libc-size-musl.a(stpcpy.o)
 .debug_info    0x00009dcd       0x35 C:/Program Files/Microchip/xc32/v5.10/bin/bin/../../lib/gcc/pic32c/13.2.1/thumb/v7e-m+dp/hard\libgcc.a(_aeabi_uldivmod.o)
 .debug_info    0x00009e02      0x73c C:/Program Files/Microchip/xc32/v5.10/bin/bin/../../lib/gcc/pic32c/13.2.1/thumb/v7e-m+dp/hard\libgcc.a(_udivmoddi4.o)
 .debug_info    0x0000a53e       0x41 C:/Program Files/Microchip/xc32/v5.10/bin/bin/../../lib/gcc/pic32c/13.2.1/thumb/v7e-m+dp/hard\libgcc.a(_dvmd_tls.o)
 .debug_info    0x0000a57f      0x110 C:/Program Files/Microchip/xc32/v5.10/bin/bin/../../lib/gcc/pic32c/13.2.1/../../../../pic32c/lib/thumb/v7e-m+dp/hard\libpic32c.a(pic32_data_init_clear.o)
 .debug_info    0x0000a68f      0x126 C:/Program Files/Microchip/xc32/v5.10/bin/bin/../../lib/gcc/pic32c/13.2.1/../../../../pic32c/lib/thumb/v7e-m+dp/hard\libpic32c.a(pic32_data_init_copy.o)

.debug_abbrev   0x00000000     0x470a
 .debug_abbrev  0x00000000      0x132 build/default/debug/src/app/init.o
 .debug_abbrev  0x00000132       0x57 build/default/debug/src/app/mission.o
 .debug_abbrev  0x00000189      0x1a6 build/default/debug/src/app/modeSelecter.o
 .debug_abbrev  0x0000032f      0x18e build/default/debug/src/app/sensors.o
 .debug_abbrev  0x000004bd      0x22e build/default/debug/src/drivers/i2c_driver.o
 .debug_abbrev  0x000006eb      0x16b build/default/debug/src/drivers/usart_driver.o
 .debug_abbrev  0x00000856       0x57 build/default/debug/src/hal/hal_gpio.o
 .debug_abbrev  0x000008ad      0x1ce build/default/debug/src/hal/hal_i2c.o
 .debug_abbrev  0x00000a7b       0x57 build/default/debug/src/hal/hal_peripherals_init.o
 .debug_abbrev  0x00000ad2       0x57 build/default/debug/src/hal/hal_qspi.o
 .debug_abbrev  0x00000b29      0x195 build/default/debug/src/hal/hal_spi.o
 .debug_abbrev  0x00000cbe       0x57 build/default/debug/src/hal/hal_system.o
 .debug_abbrev  0x00000d15      0x1a3 build/default/debug/src/hal/hal_usart.o
 .debug_abbrev  0x00000eb8      0x100 build/default/debug/src/hal/hal_debug_uart.o
 .debug_abbrev  0x00000fb8      0x1e0 build/default/debug/src/peripherals/eps.o
 .debug_abbrev  0x00001198      0x2a7 build/default/debug/src/peripherals/gnss.o
 .debug_abbrev  0x0000143f      0x1ed build/default/debug/src/peripherals/imu.o
 .debug_abbrev  0x0000162c      0x208 build/default/debug/src/peripherals/pressure.o
 .debug_abbrev  0x00001834      0x1ed build/default/debug/src/peripherals/temperature.o
 .debug_abbrev  0x00001a21      0x217 build/default/debug/src/peripherals/ttc.o
 .debug_abbrev  0x00001c38      0x14a build/default/debug/src/main.o
 .debug_abbrev  0x00001d82       0xb6 build/default/debug/src/hal/hal_systick.o
 .debug_abbrev  0x00001e38      0x2bf C:\Users\diogo\AppData\Local\Temp\cc4MjQ0u.o
 .debug_abbrev  0x000020f7      0x156 C:/Program Files/Microchip/xc32/v5.10/bin/bin/../../lib/gcc/pic32c/13.2.1/../../../../pic32c/lib/thumb/v7e-m+dp/hard\libpic32c.a(data_init.o)
 .debug_abbrev  0x0000224d      0x133 C:/Program Files/Microchip/xc32/v5.10/bin/bin/../../lib/gcc/pic32c/13.2.1/../../../../pic32c/lib/thumb/v7e-m+dp/hard\libg-musl.a(__libc_start_main.o)
 .debug_abbrev  0x00002380       0xd4 C:/Program Files/Microchip/xc32/v5.10/bin/bin/../../lib/gcc/pic32c/13.2.1/../../../../pic32c/lib/thumb/v7e-m+dp/hard\libg-musl.a(libc.o)
 .debug_abbrev  0x00002454       0x96 C:/Program Files/Microchip/xc32/v5.10/bin/bin/../../lib/gcc/pic32c/13.2.1/../../../../pic32c/lib/thumb/v7e-m+dp/hard\libg-musl.a(rand.o)
 .debug_abbrev  0x000024ea      0x16b C:/Program Files/Microchip/xc32/v5.10/bin/bin/../../lib/gcc/pic32c/13.2.1/../../../../pic32c/lib/thumb/v7e-m+dp/hard\libg-musl.a(__sio_printf_deEfFgGnpxX.o)
 .debug_abbrev  0x00002655      0x17c C:/Program Files/Microchip/xc32/v5.10/bin/bin/../../lib/gcc/pic32c/13.2.1/../../../../pic32c/lib/thumb/v7e-m+dp/hard\libg-musl.a(__fmt_d.o)
 .debug_abbrev  0x000027d1      0x1e8 C:/Program Files/Microchip/xc32/v5.10/bin/bin/../../lib/gcc/pic32c/13.2.1/../../../../pic32c/lib/thumb/v7e-m+dp/hard\libg-musl.a(__fmt_fp.o)
 .debug_abbrev  0x000029b9      0x15a C:/Program Files/Microchip/xc32/v5.10/bin/bin/../../lib/gcc/pic32c/13.2.1/../../../../pic32c/lib/thumb/v7e-m+dp/hard\libg-musl.a(__fmt_x.o)
 .debug_abbrev  0x00002b13       0xdc C:/Program Files/Microchip/xc32/v5.10/bin/bin/../../lib/gcc/pic32c/13.2.1/../../../../pic32c/lib/thumb/v7e-m+dp/hard\libg-musl.a(__pop_float.o)
 .debug_abbrev  0x00002bef       0xdc C:/Program Files/Microchip/xc32/v5.10/bin/bin/../../lib/gcc/pic32c/13.2.1/../../../../pic32c/lib/thumb/v7e-m+dp/hard\libg-musl.a(__pop_int.o)
 .debug_abbrev  0x00002ccb       0xed C:/Program Files/Microchip/xc32/v5.10/bin/bin/../../lib/gcc/pic32c/13.2.1/../../../../pic32c/lib/thumb/v7e-m+dp/hard\libg-musl.a(__pop_ptr.o)
 .debug_abbrev  0x00002db8      0x33f C:/Program Files/Microchip/xc32/v5.10/bin/bin/../../lib/gcc/pic32c/13.2.1/../../../../pic32c/lib/thumb/v7e-m+dp/hard\libg-musl.a(__printf_core.o)
 .debug_abbrev  0x000030f7      0x161 C:/Program Files/Microchip/xc32/v5.10/bin/bin/../../lib/gcc/pic32c/13.2.1/../../../../pic32c/lib/thumb/v7e-m+dp/hard\libg-musl.a(stdout.o)
 .debug_abbrev  0x00003258       0xcf C:/Program Files/Microchip/xc32/v5.10/bin/bin/../../lib/gcc/pic32c/13.2.1/../../../../pic32c/lib/thumb/v7e-m+dp/hard\libg-musl.a(putchar.o)
 .debug_abbrev  0x00003327      0x15a C:/Program Files/Microchip/xc32/v5.10/bin/bin/../../lib/gcc/pic32c/13.2.1/../../../../pic32c/lib/thumb/v7e-m+dp/hard\libg-musl.a(puts.o)
 .debug_abbrev  0x00003481       0xc4 C:/Program Files/Microchip/xc32/v5.10/bin/bin/../../lib/gcc/pic32c/13.2.1/../../../../pic32c/lib/thumb/v7e-m+dp/hard\libg-musl.a(atoi.o)
 .debug_abbrev  0x00003545      0x108 C:/Program Files/Microchip/xc32/v5.10/bin/bin/../../lib/gcc/pic32c/13.2.1/../../../../pic32c/lib/thumb/v7e-m+dp/hard\libg-musl.a(tolower.o)
 .debug_abbrev  0x0000364d      0x108 C:/Program Files/Microchip/xc32/v5.10/bin/bin/../../lib/gcc/pic32c/13.2.1/../../../../pic32c/lib/thumb/v7e-m+dp/hard\libg-musl.a(toupper.o)
 .debug_abbrev  0x00003755       0x62 C:/Program Files/Microchip/xc32/v5.10/bin/bin/../../lib/gcc/pic32c/13.2.1/../../../../pic32c/lib/thumb/v7e-m+dp/hard\libg-musl.a(__environ.o)
 .debug_abbrev  0x000037b7       0x39 C:/Program Files/Microchip/xc32/v5.10/bin/bin/../../lib/gcc/pic32c/13.2.1/../../../../pic32c/lib/thumb/v7e-m+dp/hard\libg-musl.a(__errno_location.o)
 .debug_abbrev  0x000037f0      0x13a C:/Program Files/Microchip/xc32/v5.10/bin/bin/../../lib/gcc/pic32c/13.2.1/../../../../pic32c/lib/thumb/v7e-m+dp/hard\libg-musl.a(__int_vfprintf.o)
 .debug_abbrev  0x0000392a      0x14c C:/Program Files/Microchip/xc32/v5.10/bin/bin/../../lib/gcc/pic32c/13.2.1/../../../../pic32c/lib/thumb/v7e-m+dp/hard\libg-musl.a(fputs.o)
 .debug_abbrev  0x00003a76       0xfe C:/Program Files/Microchip/xc32/v5.10/bin/bin/../../lib/gcc/pic32c/13.2.1/../../../../pic32c/lib/thumb/v7e-m+dp/hard\libg-musl.a(__cvt_u.o)
 .debug_abbrev  0x00003b74      0x149 C:/Program Files/Microchip/xc32/v5.10/bin/bin/../../lib/gcc/pic32c/13.2.1/../../../../pic32c/lib/thumb/v7e-m+dp/hard\libg-musl.a(fwrite.o)
 .debug_abbrev  0x00003cbd      0x16a C:/Program Files/Microchip/xc32/v5.10/bin/bin/../../lib/gcc/pic32c/13.2.1/../../../../pic32c/lib/thumb/v7e-m+dp/hard\libg-musl.a(putc.o)
 .debug_abbrev  0x00003e27       0x65 C:/Program Files/Microchip/xc32/v5.10/bin/bin/../../lib/gcc/pic32c/13.2.1/../../../../pic32c/lib/thumb/v7e-m+dp/hard\libg-musl.a(__init_stdio.o)
 .debug_abbrev  0x00003e8c      0x192 C:/Program Files/Microchip/xc32/v5.10/bin/bin/../../lib/gcc/pic32c/13.2.1/../../../../pic32c/lib/thumb/v7e-m+dp/hard\libg-musl.a(__out.o)
 .debug_abbrev  0x0000401e       0xdd C:/Program Files/Microchip/xc32/v5.10/bin/bin/../../lib/gcc/pic32c/13.2.1/../../../../pic32c/lib/thumb/v7e-m+dp/hard\libpic32c.a(write.o)
 .debug_abbrev  0x000040fb       0xaa C:/Program Files/Microchip/xc32/v5.10/bin/bin/../../lib/gcc/pic32c/13.2.1/../../../../pic32c/lib/thumb/v7e-m+dp/hard\libc-size-musl.a(memcpy.o)
 .debug_abbrev  0x000041a5       0xa2 C:/Program Files/Microchip/xc32/v5.10/bin/bin/../../lib/gcc/pic32c/13.2.1/../../../../pic32c/lib/thumb/v7e-m+dp/hard\libc-size-musl.a(memset.o)
 .debug_abbrev  0x00004247       0x91 C:/Program Files/Microchip/xc32/v5.10/bin/bin/../../lib/gcc/pic32c/13.2.1/../../../../pic32c/lib/thumb/v7e-m+dp/hard\libc-size-musl.a(strlen.o)
 .debug_abbrev  0x000042d8       0xb5 C:/Program Files/Microchip/xc32/v5.10/bin/bin/../../lib/gcc/pic32c/13.2.1/../../../../pic32c/lib/thumb/v7e-m+dp/hard\libc-size-musl.a(strcpy.o)
 .debug_abbrev  0x0000438d       0x6e C:/Program Files/Microchip/xc32/v5.10/bin/bin/../../lib/gcc/pic32c/13.2.1/../../../../pic32c/lib/thumb/v7e-m+dp/hard\libc-size-musl.a(stpcpy.o)
 .debug_abbrev  0x000043fb       0x21 C:/Program Files/Microchip/xc32/v5.10/bin/bin/../../lib/gcc/pic32c/13.2.1/thumb/v7e-m+dp/hard\libgcc.a(_aeabi_uldivmod.o)
 .debug_abbrev  0x0000441c      0x163 C:/Program Files/Microchip/xc32/v5.10/bin/bin/../../lib/gcc/pic32c/13.2.1/thumb/v7e-m+dp/hard\libgcc.a(_udivmoddi4.o)
 .debug_abbrev  0x0000457f       0x1f C:/Program Files/Microchip/xc32/v5.10/bin/bin/../../lib/gcc/pic32c/13.2.1/thumb/v7e-m+dp/hard\libgcc.a(_dvmd_tls.o)
 .debug_abbrev  0x0000459e       0xa2 C:/Program Files/Microchip/xc32/v5.10/bin/bin/../../lib/gcc/pic32c/13.2.1/../../../../pic32c/lib/thumb/v7e-m+dp/hard\libpic32c.a(pic32_data_init_clear.o)
 .debug_abbrev  0x00004640       0xca C:/Program Files/Microchip/xc32/v5.10/bin/bin/../../lib/gcc/pic32c/13.2.1/../../../../pic32c/lib/thumb/v7e-m+dp/hard\libpic32c.a(pic32_data_init_copy.o)

.debug_loc      0x00000000     0x4d78
 .debug_loc     0x00000000       0x8b build/default/debug/src/app/init.o
 .debug_loc     0x0000008b      0x24a build/default/debug/src/app/modeSelecter.o
 .debug_loc     0x000002d5       0x78 build/default/debug/src/app/sensors.o
 .debug_loc     0x0000034d      0x286 build/default/debug/src/drivers/i2c_driver.o
 .debug_loc     0x000005d3      0x17d build/default/debug/src/drivers/usart_driver.o
 .debug_loc     0x00000750      0x199 build/default/debug/src/hal/hal_i2c.o
 .debug_loc     0x000008e9      0x124 build/default/debug/src/hal/hal_spi.o
 .debug_loc     0x00000a0d      0x1b3 build/default/debug/src/hal/hal_usart.o
 .debug_loc     0x00000bc0       0x15 build/default/debug/src/hal/hal_debug_uart.o
 .debug_loc     0x00000bd5       0xa9 build/default/debug/src/peripherals/eps.o
 .debug_loc     0x00000c7e      0x15b build/default/debug/src/peripherals/gnss.o
 .debug_loc     0x00000dd9       0xad build/default/debug/src/peripherals/imu.o
 .debug_loc     0x00000e86      0x106 build/default/debug/src/peripherals/pressure.o
 .debug_loc     0x00000f8c       0xc2 build/default/debug/src/peripherals/temperature.o
 .debug_loc     0x0000104e      0x34b build/default/debug/src/peripherals/ttc.o
 .debug_loc     0x00001399       0x51 build/default/debug/src/main.o
 .debug_loc     0x000013ea       0x86 C:\Users\diogo\AppData\Local\Temp\cc4MjQ0u.o
 .debug_loc     0x00001470      0x113 C:/Program Files/Microchip/xc32/v5.10/bin/bin/../../lib/gcc/pic32c/13.2.1/../../../../pic32c/lib/thumb/v7e-m+dp/hard\libpic32c.a(data_init.o)
 .debug_loc     0x00001583       0x51 C:/Program Files/Microchip/xc32/v5.10/bin/bin/../../lib/gcc/pic32c/13.2.1/../../../../pic32c/lib/thumb/v7e-m+dp/hard\libg-musl.a(__libc_start_main.o)
 .debug_loc     0x000015d4       0x24 C:/Program Files/Microchip/xc32/v5.10/bin/bin/../../lib/gcc/pic32c/13.2.1/../../../../pic32c/lib/thumb/v7e-m+dp/hard\libg-musl.a(rand.o)
 .debug_loc     0x000015f8       0x91 C:/Program Files/Microchip/xc32/v5.10/bin/bin/../../lib/gcc/pic32c/13.2.1/../../../../pic32c/lib/thumb/v7e-m+dp/hard\libg-musl.a(__sio_printf_deEfFgGnpxX.o)
 .debug_loc     0x00001689      0x196 C:/Program Files/Microchip/xc32/v5.10/bin/bin/../../lib/gcc/pic32c/13.2.1/../../../../pic32c/lib/thumb/v7e-m+dp/hard\libg-musl.a(__fmt_d.o)
 .debug_loc     0x0000181f      0xb88 C:/Program Files/Microchip/xc32/v5.10/bin/bin/../../lib/gcc/pic32c/13.2.1/../../../../pic32c/lib/thumb/v7e-m+dp/hard\libg-musl.a(__fmt_fp.o)
 .debug_loc     0x000023a7      0x2c6 C:/Program Files/Microchip/xc32/v5.10/bin/bin/../../lib/gcc/pic32c/13.2.1/../../../../pic32c/lib/thumb/v7e-m+dp/hard\libg-musl.a(__fmt_x.o)
 .debug_loc     0x0000266d       0xa4 C:/Program Files/Microchip/xc32/v5.10/bin/bin/../../lib/gcc/pic32c/13.2.1/../../../../pic32c/lib/thumb/v7e-m+dp/hard\libg-musl.a(__pop_float.o)
 .debug_loc     0x00002711      0x36f C:/Program Files/Microchip/xc32/v5.10/bin/bin/../../lib/gcc/pic32c/13.2.1/../../../../pic32c/lib/thumb/v7e-m+dp/hard\libg-musl.a(__pop_int.o)
 .debug_loc     0x00002a80      0x157 C:/Program Files/Microchip/xc32/v5.10/bin/bin/../../lib/gcc/pic32c/13.2.1/../../../../pic32c/lib/thumb/v7e-m+dp/hard\libg-musl.a(__pop_ptr.o)
 .debug_loc     0x00002bd7      0x5f4 C:/Program Files/Microchip/xc32/v5.10/bin/bin/../../lib/gcc/pic32c/13.2.1/../../../../pic32c/lib/thumb/v7e-m+dp/hard\libg-musl.a(__printf_core.o)
 .debug_loc     0x000031cb       0x20 C:/Program Files/Microchip/xc32/v5.10/bin/bin/../../lib/gcc/pic32c/13.2.1/../../../../pic32c/lib/thumb/v7e-m+dp/hard\libg-musl.a(stdout.o)
 .debug_loc     0x000031eb       0x2b C:/Program Files/Microchip/xc32/v5.10/bin/bin/../../lib/gcc/pic32c/13.2.1/../../../../pic32c/lib/thumb/v7e-m+dp/hard\libg-musl.a(putchar.o)
 .debug_loc     0x00003216       0x70 C:/Program Files/Microchip/xc32/v5.10/bin/bin/../../lib/gcc/pic32c/13.2.1/../../../../pic32c/lib/thumb/v7e-m+dp/hard\libg-musl.a(puts.o)
 .debug_loc     0x00003286       0x9e C:/Program Files/Microchip/xc32/v5.10/bin/bin/../../lib/gcc/pic32c/13.2.1/../../../../pic32c/lib/thumb/v7e-m+dp/hard\libg-musl.a(atoi.o)
 .debug_loc     0x00003324       0x50 C:/Program Files/Microchip/xc32/v5.10/bin/bin/../../lib/gcc/pic32c/13.2.1/../../../../pic32c/lib/thumb/v7e-m+dp/hard\libg-musl.a(tolower.o)
 .debug_loc     0x00003374       0x50 C:/Program Files/Microchip/xc32/v5.10/bin/bin/../../lib/gcc/pic32c/13.2.1/../../../../pic32c/lib/thumb/v7e-m+dp/hard\libg-musl.a(toupper.o)
 .debug_loc     0x000033c4       0xa3 C:/Program Files/Microchip/xc32/v5.10/bin/bin/../../lib/gcc/pic32c/13.2.1/../../../../pic32c/lib/thumb/v7e-m+dp/hard\libg-musl.a(__int_vfprintf.o)
 .debug_loc     0x00003467       0x93 C:/Program Files/Microchip/xc32/v5.10/bin/bin/../../lib/gcc/pic32c/13.2.1/../../../../pic32c/lib/thumb/v7e-m+dp/hard\libg-musl.a(fputs.o)
 .debug_loc     0x000034fa      0x18a C:/Program Files/Microchip/xc32/v5.10/bin/bin/../../lib/gcc/pic32c/13.2.1/../../../../pic32c/lib/thumb/v7e-m+dp/hard\libg-musl.a(__cvt_u.o)
 .debug_loc     0x00003684      0x192 C:/Program Files/Microchip/xc32/v5.10/bin/bin/../../lib/gcc/pic32c/13.2.1/../../../../pic32c/lib/thumb/v7e-m+dp/hard\libg-musl.a(fwrite.o)
 .debug_loc     0x00003816      0x134 C:/Program Files/Microchip/xc32/v5.10/bin/bin/../../lib/gcc/pic32c/13.2.1/../../../../pic32c/lib/thumb/v7e-m+dp/hard\libg-musl.a(putc.o)
 .debug_loc     0x0000394a       0x20 C:/Program Files/Microchip/xc32/v5.10/bin/bin/../../lib/gcc/pic32c/13.2.1/../../../../pic32c/lib/thumb/v7e-m+dp/hard\libg-musl.a(__init_stdio.o)
 .debug_loc     0x0000396a      0x1fd C:/Program Files/Microchip/xc32/v5.10/bin/bin/../../lib/gcc/pic32c/13.2.1/../../../../pic32c/lib/thumb/v7e-m+dp/hard\libg-musl.a(__out.o)
 .debug_loc     0x00003b67      0x1ab C:/Program Files/Microchip/xc32/v5.10/bin/bin/../../lib/gcc/pic32c/13.2.1/../../../../pic32c/lib/thumb/v7e-m+dp/hard\libpic32c.a(write.o)
 .debug_loc     0x00003d12      0x10b C:/Program Files/Microchip/xc32/v5.10/bin/bin/../../lib/gcc/pic32c/13.2.1/../../../../pic32c/lib/thumb/v7e-m+dp/hard\libc-size-musl.a(memcpy.o)
 .debug_loc     0x00003e1d       0xa5 C:/Program Files/Microchip/xc32/v5.10/bin/bin/../../lib/gcc/pic32c/13.2.1/../../../../pic32c/lib/thumb/v7e-m+dp/hard\libc-size-musl.a(memset.o)
 .debug_loc     0x00003ec2       0xaf C:/Program Files/Microchip/xc32/v5.10/bin/bin/../../lib/gcc/pic32c/13.2.1/../../../../pic32c/lib/thumb/v7e-m+dp/hard\libc-size-musl.a(strlen.o)
 .debug_loc     0x00003f71       0x6d C:/Program Files/Microchip/xc32/v5.10/bin/bin/../../lib/gcc/pic32c/13.2.1/../../../../pic32c/lib/thumb/v7e-m+dp/hard\libc-size-musl.a(strcpy.o)
 .debug_loc     0x00003fde       0x6d C:/Program Files/Microchip/xc32/v5.10/bin/bin/../../lib/gcc/pic32c/13.2.1/../../../../pic32c/lib/thumb/v7e-m+dp/hard\libc-size-musl.a(stpcpy.o)
 .debug_loc     0x0000404b      0xba8 C:/Program Files/Microchip/xc32/v5.10/bin/bin/../../lib/gcc/pic32c/13.2.1/thumb/v7e-m+dp/hard\libgcc.a(_udivmoddi4.o)
 .debug_loc     0x00004bf3       0x94 C:/Program Files/Microchip/xc32/v5.10/bin/bin/../../lib/gcc/pic32c/13.2.1/../../../../pic32c/lib/thumb/v7e-m+dp/hard\libpic32c.a(pic32_data_init_clear.o)
 .debug_loc     0x00004c87       0xf1 C:/Program Files/Microchip/xc32/v5.10/bin/bin/../../lib/gcc/pic32c/13.2.1/../../../../pic32c/lib/thumb/v7e-m+dp/hard\libpic32c.a(pic32_data_init_copy.o)

.debug_aranges  0x00000000      0xa60
 .debug_aranges
                0x00000000       0x20 build/default/debug/src/app/init.o
 .debug_aranges
                0x00000020       0x18 build/default/debug/src/app/mission.o
 .debug_aranges
                0x00000038       0x58 build/default/debug/src/app/modeSelecter.o
 .debug_aranges
                0x00000090       0x30 build/default/debug/src/app/sensors.o
 .debug_aranges
                0x000000c0       0x28 build/default/debug/src/drivers/i2c_driver.o
 .debug_aranges
                0x000000e8       0x38 build/default/debug/src/drivers/usart_driver.o
 .debug_aranges
                0x00000120       0x20 build/default/debug/src/hal/hal_gpio.o
 .debug_aranges
                0x00000140       0x90 build/default/debug/src/hal/hal_i2c.o
 .debug_aranges
                0x000001d0       0x50 build/default/debug/src/hal/hal_peripherals_init.o
 .debug_aranges
                0x00000220       0x20 build/default/debug/src/hal/hal_qspi.o
 .debug_aranges
                0x00000240       0x58 build/default/debug/src/hal/hal_spi.o
 .debug_aranges
                0x00000298       0x58 build/default/debug/src/hal/hal_system.o
 .debug_aranges
                0x000002f0       0x50 build/default/debug/src/hal/hal_usart.o
 .debug_aranges
                0x00000340       0x28 build/default/debug/src/hal/hal_debug_uart.o
 .debug_aranges
                0x00000368       0x30 build/default/debug/src/peripherals/eps.o
 .debug_aranges
                0x00000398       0x38 build/default/debug/src/peripherals/gnss.o
 .debug_aranges
                0x000003d0       0x30 build/default/debug/src/peripherals/imu.o
 .debug_aranges
                0x00000400       0x30 build/default/debug/src/peripherals/pressure.o
 .debug_aranges
                0x00000430       0x30 build/default/debug/src/peripherals/temperature.o
 .debug_aranges
                0x00000460       0x38 build/default/debug/src/peripherals/ttc.o
 .debug_aranges
                0x00000498       0x20 build/default/debug/src/main.o
 .debug_aranges
                0x000004b8       0x30 build/default/debug/src/hal/hal_systick.o
 .debug_aranges
                0x000004e8       0x30 C:\Users\diogo\AppData\Local\Temp\cc4MjQ0u.o
 .debug_aranges
                0x00000518       0x30 C:/Program Files/Microchip/xc32/v5.10/bin/bin/../../lib/gcc/pic32c/13.2.1/../../../../pic32c/lib/thumb/v7e-m+dp/hard\libpic32c.a(data_init.o)
 .debug_aranges
                0x00000548       0x28 C:/Program Files/Microchip/xc32/v5.10/bin/bin/../../lib/gcc/pic32c/13.2.1/../../../../pic32c/lib/thumb/v7e-m+dp/hard\libg-musl.a(__libc_start_main.o)
 .debug_aranges
                0x00000570       0x18 C:/Program Files/Microchip/xc32/v5.10/bin/bin/../../lib/gcc/pic32c/13.2.1/../../../../pic32c/lib/thumb/v7e-m+dp/hard\libg-musl.a(libc.o)
 .debug_aranges
                0x00000588       0x28 C:/Program Files/Microchip/xc32/v5.10/bin/bin/../../lib/gcc/pic32c/13.2.1/../../../../pic32c/lib/thumb/v7e-m+dp/hard\libg-musl.a(rand.o)
 .debug_aranges
                0x000005b0       0x28 C:/Program Files/Microchip/xc32/v5.10/bin/bin/../../lib/gcc/pic32c/13.2.1/../../../../pic32c/lib/thumb/v7e-m+dp/hard\libg-musl.a(__sio_printf_deEfFgGnpxX.o)
 .debug_aranges
                0x000005d8       0x20 C:/Program Files/Microchip/xc32/v5.10/bin/bin/../../lib/gcc/pic32c/13.2.1/../../../../pic32c/lib/thumb/v7e-m+dp/hard\libg-musl.a(__fmt_d.o)
 .debug_aranges
                0x000005f8       0x20 C:/Program Files/Microchip/xc32/v5.10/bin/bin/../../lib/gcc/pic32c/13.2.1/../../../../pic32c/lib/thumb/v7e-m+dp/hard\libg-musl.a(__fmt_fp.o)
 .debug_aranges
                0x00000618       0x20 C:/Program Files/Microchip/xc32/v5.10/bin/bin/../../lib/gcc/pic32c/13.2.1/../../../../pic32c/lib/thumb/v7e-m+dp/hard\libg-musl.a(__fmt_x.o)
 .debug_aranges
                0x00000638       0x20 C:/Program Files/Microchip/xc32/v5.10/bin/bin/../../lib/gcc/pic32c/13.2.1/../../../../pic32c/lib/thumb/v7e-m+dp/hard\libg-musl.a(__pop_float.o)
 .debug_aranges
                0x00000658       0x20 C:/Program Files/Microchip/xc32/v5.10/bin/bin/../../lib/gcc/pic32c/13.2.1/../../../../pic32c/lib/thumb/v7e-m+dp/hard\libg-musl.a(__pop_int.o)
 .debug_aranges
                0x00000678       0x20 C:/Program Files/Microchip/xc32/v5.10/bin/bin/../../lib/gcc/pic32c/13.2.1/../../../../pic32c/lib/thumb/v7e-m+dp/hard\libg-musl.a(__pop_ptr.o)
 .debug_aranges
                0x00000698       0x50 C:/Program Files/Microchip/xc32/v5.10/bin/bin/../../lib/gcc/pic32c/13.2.1/../../../../pic32c/lib/thumb/v7e-m+dp/hard\libg-musl.a(__printf_core.o)
 .debug_aranges
                0x000006e8       0x30 C:/Program Files/Microchip/xc32/v5.10/bin/bin/../../lib/gcc/pic32c/13.2.1/../../../../pic32c/lib/thumb/v7e-m+dp/hard\libg-musl.a(stdout.o)
 .debug_aranges
                0x00000718       0x20 C:/Program Files/Microchip/xc32/v5.10/bin/bin/../../lib/gcc/pic32c/13.2.1/../../../../pic32c/lib/thumb/v7e-m+dp/hard\libg-musl.a(putchar.o)
 .debug_aranges
                0x00000738       0x20 C:/Program Files/Microchip/xc32/v5.10/bin/bin/../../lib/gcc/pic32c/13.2.1/../../../../pic32c/lib/thumb/v7e-m+dp/hard\libg-musl.a(puts.o)
 .debug_aranges
                0x00000758       0x20 C:/Program Files/Microchip/xc32/v5.10/bin/bin/../../lib/gcc/pic32c/13.2.1/../../../../pic32c/lib/thumb/v7e-m+dp/hard\libg-musl.a(atoi.o)
 .debug_aranges
                0x00000778       0x28 C:/Program Files/Microchip/xc32/v5.10/bin/bin/../../lib/gcc/pic32c/13.2.1/../../../../pic32c/lib/thumb/v7e-m+dp/hard\libg-musl.a(tolower.o)
 .debug_aranges
                0x000007a0       0x28 C:/Program Files/Microchip/xc32/v5.10/bin/bin/../../lib/gcc/pic32c/13.2.1/../../../../pic32c/lib/thumb/v7e-m+dp/hard\libg-musl.a(toupper.o)
 .debug_aranges
                0x000007c8       0x18 C:/Program Files/Microchip/xc32/v5.10/bin/bin/../../lib/gcc/pic32c/13.2.1/../../../../pic32c/lib/thumb/v7e-m+dp/hard\libg-musl.a(__environ.o)
 .debug_aranges
                0x000007e0       0x18 C:/Program Files/Microchip/xc32/v5.10/bin/bin/../../lib/gcc/pic32c/13.2.1/../../../../pic32c/lib/thumb/v7e-m+dp/hard\libg-musl.a(__errno_location.o)
 .debug_aranges
                0x000007f8       0x20 C:/Program Files/Microchip/xc32/v5.10/bin/bin/../../lib/gcc/pic32c/13.2.1/../../../../pic32c/lib/thumb/v7e-m+dp/hard\libg-musl.a(__int_vfprintf.o)
 .debug_aranges
                0x00000818       0x20 C:/Program Files/Microchip/xc32/v5.10/bin/bin/../../lib/gcc/pic32c/13.2.1/../../../../pic32c/lib/thumb/v7e-m+dp/hard\libg-musl.a(fputs.o)
 .debug_aranges
                0x00000838       0x20 C:/Program Files/Microchip/xc32/v5.10/bin/bin/../../lib/gcc/pic32c/13.2.1/../../../../pic32c/lib/thumb/v7e-m+dp/hard\libg-musl.a(__cvt_u.o)
 .debug_aranges
                0x00000858       0x28 C:/Program Files/Microchip/xc32/v5.10/bin/bin/../../lib/gcc/pic32c/13.2.1/../../../../pic32c/lib/thumb/v7e-m+dp/hard\libg-musl.a(fwrite.o)
 .debug_aranges
                0x00000880       0x30 C:/Program Files/Microchip/xc32/v5.10/bin/bin/../../lib/gcc/pic32c/13.2.1/../../../../pic32c/lib/thumb/v7e-m+dp/hard\libg-musl.a(putc.o)
 .debug_aranges
                0x000008b0       0x28 C:/Program Files/Microchip/xc32/v5.10/bin/bin/../../lib/gcc/pic32c/13.2.1/../../../../pic32c/lib/thumb/v7e-m+dp/hard\libg-musl.a(__init_stdio.o)
 .debug_aranges
                0x000008d8       0x28 C:/Program Files/Microchip/xc32/v5.10/bin/bin/../../lib/gcc/pic32c/13.2.1/../../../../pic32c/lib/thumb/v7e-m+dp/hard\libg-musl.a(__out.o)
 .debug_aranges
                0x00000900       0x20 C:/Program Files/Microchip/xc32/v5.10/bin/bin/../../lib/gcc/pic32c/13.2.1/../../../../pic32c/lib/thumb/v7e-m+dp/hard\libpic32c.a(write.o)
 .debug_aranges
                0x00000920       0x20 C:/Program Files/Microchip/xc32/v5.10/bin/bin/../../lib/gcc/pic32c/13.2.1/../../../../pic32c/lib/thumb/v7e-m+dp/hard\libc-size-musl.a(memcpy.o)
 .debug_aranges
                0x00000940       0x20 C:/Program Files/Microchip/xc32/v5.10/bin/bin/../../lib/gcc/pic32c/13.2.1/../../../../pic32c/lib/thumb/v7e-m+dp/hard\libc-size-musl.a(memset.o)
 .debug_aranges
                0x00000960       0x20 C:/Program Files/Microchip/xc32/v5.10/bin/bin/../../lib/gcc/pic32c/13.2.1/../../../../pic32c/lib/thumb/v7e-m+dp/hard\libc-size-musl.a(strlen.o)
 .debug_aranges
                0x00000980       0x20 C:/Program Files/Microchip/xc32/v5.10/bin/bin/../../lib/gcc/pic32c/13.2.1/../../../../pic32c/lib/thumb/v7e-m+dp/hard\libc-size-musl.a(strcpy.o)
 .debug_aranges
                0x000009a0       0x20 C:/Program Files/Microchip/xc32/v5.10/bin/bin/../../lib/gcc/pic32c/13.2.1/../../../../pic32c/lib/thumb/v7e-m+dp/hard\libc-size-musl.a(stpcpy.o)
 .debug_aranges
                0x000009c0       0x20 C:/Program Files/Microchip/xc32/v5.10/bin/bin/../../lib/gcc/pic32c/13.2.1/thumb/v7e-m+dp/hard\libgcc.a(_aeabi_uldivmod.o)
 .debug_aranges
                0x000009e0       0x20 C:/Program Files/Microchip/xc32/v5.10/bin/bin/../../lib/gcc/pic32c/13.2.1/thumb/v7e-m+dp/hard\libgcc.a(_udivmoddi4.o)
 .debug_aranges
                0x00000a00       0x20 C:/Program Files/Microchip/xc32/v5.10/bin/bin/../../lib/gcc/pic32c/13.2.1/thumb/v7e-m+dp/hard\libgcc.a(_dvmd_tls.o)
 .debug_aranges
                0x00000a20       0x20 C:/Program Files/Microchip/xc32/v5.10/bin/bin/../../lib/gcc/pic32c/13.2.1/../../../../pic32c/lib/thumb/v7e-m+dp/hard\libpic32c.a(pic32_data_init_clear.o)
 .debug_aranges
                0x00000a40       0x20 C:/Program Files/Microchip/xc32/v5.10/bin/bin/../../lib/gcc/pic32c/13.2.1/../../../../pic32c/lib/thumb/v7e-m+dp/hard\libpic32c.a(pic32_data_init_copy.o)

.debug_ranges   0x00000000      0x7e0
 .debug_ranges  0x00000000       0x30 build/default/debug/src/app/init.o
 .debug_ranges  0x00000030       0x48 build/default/debug/src/app/modeSelecter.o
 .debug_ranges  0x00000078       0x20 build/default/debug/src/app/sensors.o
 .debug_ranges  0x00000098       0x30 build/default/debug/src/drivers/i2c_driver.o
 .debug_ranges  0x000000c8       0x28 build/default/debug/src/drivers/usart_driver.o
 .debug_ranges  0x000000f0       0x10 build/default/debug/src/hal/hal_gpio.o
 .debug_ranges  0x00000100       0xb0 build/default/debug/src/hal/hal_i2c.o
 .debug_ranges  0x000001b0       0x40 build/default/debug/src/hal/hal_peripherals_init.o
 .debug_ranges  0x000001f0       0x10 build/default/debug/src/hal/hal_qspi.o
 .debug_ranges  0x00000200       0x60 build/default/debug/src/hal/hal_spi.o
 .debug_ranges  0x00000260       0x48 build/default/debug/src/hal/hal_system.o
 .debug_ranges  0x000002a8       0x40 build/default/debug/src/hal/hal_usart.o
 .debug_ranges  0x000002e8       0x18 build/default/debug/src/hal/hal_debug_uart.o
 .debug_ranges  0x00000300       0x20 build/default/debug/src/peripherals/eps.o
 .debug_ranges  0x00000320       0x28 build/default/debug/src/peripherals/gnss.o
 .debug_ranges  0x00000348       0x20 build/default/debug/src/peripherals/imu.o
 .debug_ranges  0x00000368       0x20 build/default/debug/src/peripherals/pressure.o
 .debug_ranges  0x00000388       0x20 build/default/debug/src/peripherals/temperature.o
 .debug_ranges  0x000003a8       0x40 build/default/debug/src/peripherals/ttc.o
 .debug_ranges  0x000003e8       0x10 build/default/debug/src/main.o
 .debug_ranges  0x000003f8       0x20 build/default/debug/src/hal/hal_systick.o
 .debug_ranges  0x00000418       0x20 C:\Users\diogo\AppData\Local\Temp\cc4MjQ0u.o
 .debug_ranges  0x00000438       0x20 C:/Program Files/Microchip/xc32/v5.10/bin/bin/../../lib/gcc/pic32c/13.2.1/../../../../pic32c/lib/thumb/v7e-m+dp/hard\libpic32c.a(data_init.o)
 .debug_ranges  0x00000458       0x40 C:/Program Files/Microchip/xc32/v5.10/bin/bin/../../lib/gcc/pic32c/13.2.1/../../../../pic32c/lib/thumb/v7e-m+dp/hard\libg-musl.a(__libc_start_main.o)
 .debug_ranges  0x00000498       0x18 C:/Program Files/Microchip/xc32/v5.10/bin/bin/../../lib/gcc/pic32c/13.2.1/../../../../pic32c/lib/thumb/v7e-m+dp/hard\libg-musl.a(rand.o)
 .debug_ranges  0x000004b0       0x18 C:/Program Files/Microchip/xc32/v5.10/bin/bin/../../lib/gcc/pic32c/13.2.1/../../../../pic32c/lib/thumb/v7e-m+dp/hard\libg-musl.a(__sio_printf_deEfFgGnpxX.o)
 .debug_ranges  0x000004c8       0x10 C:/Program Files/Microchip/xc32/v5.10/bin/bin/../../lib/gcc/pic32c/13.2.1/../../../../pic32c/lib/thumb/v7e-m+dp/hard\libg-musl.a(__fmt_d.o)
 .debug_ranges  0x000004d8       0x10 C:/Program Files/Microchip/xc32/v5.10/bin/bin/../../lib/gcc/pic32c/13.2.1/../../../../pic32c/lib/thumb/v7e-m+dp/hard\libg-musl.a(__fmt_fp.o)
 .debug_ranges  0x000004e8       0x10 C:/Program Files/Microchip/xc32/v5.10/bin/bin/../../lib/gcc/pic32c/13.2.1/../../../../pic32c/lib/thumb/v7e-m+dp/hard\libg-musl.a(__fmt_x.o)
 .debug_ranges  0x000004f8       0x10 C:/Program Files/Microchip/xc32/v5.10/bin/bin/../../lib/gcc/pic32c/13.2.1/../../../../pic32c/lib/thumb/v7e-m+dp/hard\libg-musl.a(__pop_float.o)
 .debug_ranges  0x00000508       0x10 C:/Program Files/Microchip/xc32/v5.10/bin/bin/../../lib/gcc/pic32c/13.2.1/../../../../pic32c/lib/thumb/v7e-m+dp/hard\libg-musl.a(__pop_int.o)
 .debug_ranges  0x00000518       0x10 C:/Program Files/Microchip/xc32/v5.10/bin/bin/../../lib/gcc/pic32c/13.2.1/../../../../pic32c/lib/thumb/v7e-m+dp/hard\libg-musl.a(__pop_ptr.o)
 .debug_ranges  0x00000528       0x58 C:/Program Files/Microchip/xc32/v5.10/bin/bin/../../lib/gcc/pic32c/13.2.1/../../../../pic32c/lib/thumb/v7e-m+dp/hard\libg-musl.a(__printf_core.o)
 .debug_ranges  0x00000580       0x20 C:/Program Files/Microchip/xc32/v5.10/bin/bin/../../lib/gcc/pic32c/13.2.1/../../../../pic32c/lib/thumb/v7e-m+dp/hard\libg-musl.a(stdout.o)
 .debug_ranges  0x000005a0       0x10 C:/Program Files/Microchip/xc32/v5.10/bin/bin/../../lib/gcc/pic32c/13.2.1/../../../../pic32c/lib/thumb/v7e-m+dp/hard\libg-musl.a(putchar.o)
 .debug_ranges  0x000005b0       0x10 C:/Program Files/Microchip/xc32/v5.10/bin/bin/../../lib/gcc/pic32c/13.2.1/../../../../pic32c/lib/thumb/v7e-m+dp/hard\libg-musl.a(puts.o)
 .debug_ranges  0x000005c0       0x28 C:/Program Files/Microchip/xc32/v5.10/bin/bin/../../lib/gcc/pic32c/13.2.1/../../../../pic32c/lib/thumb/v7e-m+dp/hard\libg-musl.a(atoi.o)
 .debug_ranges  0x000005e8       0x18 C:/Program Files/Microchip/xc32/v5.10/bin/bin/../../lib/gcc/pic32c/13.2.1/../../../../pic32c/lib/thumb/v7e-m+dp/hard\libg-musl.a(tolower.o)
 .debug_ranges  0x00000600       0x18 C:/Program Files/Microchip/xc32/v5.10/bin/bin/../../lib/gcc/pic32c/13.2.1/../../../../pic32c/lib/thumb/v7e-m+dp/hard\libg-musl.a(toupper.o)
 .debug_ranges  0x00000618       0x10 C:/Program Files/Microchip/xc32/v5.10/bin/bin/../../lib/gcc/pic32c/13.2.1/../../../../pic32c/lib/thumb/v7e-m+dp/hard\libg-musl.a(__int_vfprintf.o)
 .debug_ranges  0x00000628       0x10 C:/Program Files/Microchip/xc32/v5.10/bin/bin/../../lib/gcc/pic32c/13.2.1/../../../../pic32c/lib/thumb/v7e-m+dp/hard\libg-musl.a(fputs.o)
 .debug_ranges  0x00000638       0x10 C:/Program Files/Microchip/xc32/v5.10/bin/bin/../../lib/gcc/pic32c/13.2.1/../../../../pic32c/lib/thumb/v7e-m+dp/hard\libg-musl.a(__cvt_u.o)
 .debug_ranges  0x00000648       0x18 C:/Program Files/Microchip/xc32/v5.10/bin/bin/../../lib/gcc/pic32c/13.2.1/../../../../pic32c/lib/thumb/v7e-m+dp/hard\libg-musl.a(fwrite.o)
 .debug_ranges  0x00000660       0x20 C:/Program Files/Microchip/xc32/v5.10/bin/bin/../../lib/gcc/pic32c/13.2.1/../../../../pic32c/lib/thumb/v7e-m+dp/hard\libg-musl.a(putc.o)
 .debug_ranges  0x00000680       0x18 C:/Program Files/Microchip/xc32/v5.10/bin/bin/../../lib/gcc/pic32c/13.2.1/../../../../pic32c/lib/thumb/v7e-m+dp/hard\libg-musl.a(__init_stdio.o)
 .debug_ranges  0x00000698       0x18 C:/Program Files/Microchip/xc32/v5.10/bin/bin/../../lib/gcc/pic32c/13.2.1/../../../../pic32c/lib/thumb/v7e-m+dp/hard\libg-musl.a(__out.o)
 .debug_ranges  0x000006b0       0x10 C:/Program Files/Microchip/xc32/v5.10/bin/bin/../../lib/gcc/pic32c/13.2.1/../../../../pic32c/lib/thumb/v7e-m+dp/hard\libpic32c.a(write.o)
 .debug_ranges  0x000006c0       0x10 C:/Program Files/Microchip/xc32/v5.10/bin/bin/../../lib/gcc/pic32c/13.2.1/../../../../pic32c/lib/thumb/v7e-m+dp/hard\libc-size-musl.a(memcpy.o)
 .debug_ranges  0x000006d0       0x10 C:/Program Files/Microchip/xc32/v5.10/bin/bin/../../lib/gcc/pic32c/13.2.1/../../../../pic32c/lib/thumb/v7e-m+dp/hard\libc-size-musl.a(memset.o)
 .debug_ranges  0x000006e0       0x10 C:/Program Files/Microchip/xc32/v5.10/bin/bin/../../lib/gcc/pic32c/13.2.1/../../../../pic32c/lib/thumb/v7e-m+dp/hard\libc-size-musl.a(strlen.o)
 .debug_ranges  0x000006f0       0x10 C:/Program Files/Microchip/xc32/v5.10/bin/bin/../../lib/gcc/pic32c/13.2.1/../../../../pic32c/lib/thumb/v7e-m+dp/hard\libc-size-musl.a(strcpy.o)
 .debug_ranges  0x00000700       0x10 C:/Program Files/Microchip/xc32/v5.10/bin/bin/../../lib/gcc/pic32c/13.2.1/../../../../pic32c/lib/thumb/v7e-m+dp/hard\libc-size-musl.a(stpcpy.o)
 .debug_ranges  0x00000710       0xb0 C:/Program Files/Microchip/xc32/v5.10/bin/bin/../../lib/gcc/pic32c/13.2.1/thumb/v7e-m+dp/hard\libgcc.a(_udivmoddi4.o)
 .debug_ranges  0x000007c0       0x10 C:/Program Files/Microchip/xc32/v5.10/bin/bin/../../lib/gcc/pic32c/13.2.1/../../../../pic32c/lib/thumb/v7e-m+dp/hard\libpic32c.a(pic32_data_init_clear.o)
 .debug_ranges  0x000007d0       0x10 C:/Program Files/Microchip/xc32/v5.10/bin/bin/../../lib/gcc/pic32c/13.2.1/../../../../pic32c/lib/thumb/v7e-m+dp/hard\libpic32c.a(pic32_data_init_copy.o)

.debug_line     0x00000000     0x7a66
 .debug_line    0x00000000      0x2ef build/default/debug/src/app/init.o
 .debug_line    0x000002ef       0x94 build/default/debug/src/app/mission.o
 .debug_line    0x00000383      0x2f3 build/default/debug/src/app/modeSelecter.o
 .debug_line    0x00000676      0x220 build/default/debug/src/app/sensors.o
 .debug_line    0x00000896      0x3dd build/default/debug/src/drivers/i2c_driver.o
 .debug_line    0x00000c73      0x303 build/default/debug/src/drivers/usart_driver.o
 .debug_line    0x00000f76       0x96 build/default/debug/src/hal/hal_gpio.o
 .debug_line    0x0000100c      0x388 build/default/debug/src/hal/hal_i2c.o
 .debug_line    0x00001394      0x136 build/default/debug/src/hal/hal_peripherals_init.o
 .debug_line    0x000014ca       0x96 build/default/debug/src/hal/hal_qspi.o
 .debug_line    0x00001560      0x26b build/default/debug/src/hal/hal_spi.o
 .debug_line    0x000017cb       0xec build/default/debug/src/hal/hal_system.o
 .debug_line    0x000018b7      0x298 build/default/debug/src/hal/hal_usart.o
 .debug_line    0x00001b4f      0x19f build/default/debug/src/hal/hal_debug_uart.o
 .debug_line    0x00001cee      0x1f9 build/default/debug/src/peripherals/eps.o
 .debug_line    0x00001ee7      0x28f build/default/debug/src/peripherals/gnss.o
 .debug_line    0x00002176      0x254 build/default/debug/src/peripherals/imu.o
 .debug_line    0x000023ca      0x1e6 build/default/debug/src/peripherals/pressure.o
 .debug_line    0x000025b0      0x1f9 build/default/debug/src/peripherals/temperature.o
 .debug_line    0x000027a9      0x2ed build/default/debug/src/peripherals/ttc.o
 .debug_line    0x00002a96      0x1b0 build/default/debug/src/main.o
 .debug_line    0x00002c46       0xe5 build/default/debug/src/hal/hal_systick.o
 .debug_line    0x00002d2b      0x6c5 C:\Users\diogo\AppData\Local\Temp\cc4MjQ0u.o
 .debug_line    0x000033f0      0x163 C:/Program Files/Microchip/xc32/v5.10/bin/bin/../../lib/gcc/pic32c/13.2.1/../../../../pic32c/lib/thumb/v7e-m+dp/hard\libpic32c.a(data_init.o)
 .debug_line    0x00003553      0x1da C:/Program Files/Microchip/xc32/v5.10/bin/bin/../../lib/gcc/pic32c/13.2.1/../../../../pic32c/lib/thumb/v7e-m+dp/hard\libg-musl.a(__libc_start_main.o)
 .debug_line    0x0000372d       0xb5 C:/Program Files/Microchip/xc32/v5.10/bin/bin/../../lib/gcc/pic32c/13.2.1/../../../../pic32c/lib/thumb/v7e-m+dp/hard\libg-musl.a(libc.o)
 .debug_line    0x000037e2       0xf1 C:/Program Files/Microchip/xc32/v5.10/bin/bin/../../lib/gcc/pic32c/13.2.1/../../../../pic32c/lib/thumb/v7e-m+dp/hard\libg-musl.a(rand.o)
 .debug_line    0x000038d3      0x222 C:/Program Files/Microchip/xc32/v5.10/bin/bin/../../lib/gcc/pic32c/13.2.1/../../../../pic32c/lib/thumb/v7e-m+dp/hard\libg-musl.a(__sio_printf_deEfFgGnpxX.o)
 .debug_line    0x00003af5      0x217 C:/Program Files/Microchip/xc32/v5.10/bin/bin/../../lib/gcc/pic32c/13.2.1/../../../../pic32c/lib/thumb/v7e-m+dp/hard\libg-musl.a(__fmt_d.o)
 .debug_line    0x00003d0c      0x71f C:/Program Files/Microchip/xc32/v5.10/bin/bin/../../lib/gcc/pic32c/13.2.1/../../../../pic32c/lib/thumb/v7e-m+dp/hard\libg-musl.a(__fmt_fp.o)
 .debug_line    0x0000442b      0x304 C:/Program Files/Microchip/xc32/v5.10/bin/bin/../../lib/gcc/pic32c/13.2.1/../../../../pic32c/lib/thumb/v7e-m+dp/hard\libg-musl.a(__fmt_x.o)
 .debug_line    0x0000472f      0x16c C:/Program Files/Microchip/xc32/v5.10/bin/bin/../../lib/gcc/pic32c/13.2.1/../../../../pic32c/lib/thumb/v7e-m+dp/hard\libg-musl.a(__pop_float.o)
 .debug_line    0x0000489b      0x23f C:/Program Files/Microchip/xc32/v5.10/bin/bin/../../lib/gcc/pic32c/13.2.1/../../../../pic32c/lib/thumb/v7e-m+dp/hard\libg-musl.a(__pop_int.o)
 .debug_line    0x00004ada      0x1c4 C:/Program Files/Microchip/xc32/v5.10/bin/bin/../../lib/gcc/pic32c/13.2.1/../../../../pic32c/lib/thumb/v7e-m+dp/hard\libg-musl.a(__pop_ptr.o)
 .debug_line    0x00004c9e      0x76a C:/Program Files/Microchip/xc32/v5.10/bin/bin/../../lib/gcc/pic32c/13.2.1/../../../../pic32c/lib/thumb/v7e-m+dp/hard\libg-musl.a(__printf_core.o)
 .debug_line    0x00005408      0x1d5 C:/Program Files/Microchip/xc32/v5.10/bin/bin/../../lib/gcc/pic32c/13.2.1/../../../../pic32c/lib/thumb/v7e-m+dp/hard\libg-musl.a(stdout.o)
 .debug_line    0x000055dd      0x131 C:/Program Files/Microchip/xc32/v5.10/bin/bin/../../lib/gcc/pic32c/13.2.1/../../../../pic32c/lib/thumb/v7e-m+dp/hard\libg-musl.a(putchar.o)
 .debug_line    0x0000570e      0x23d C:/Program Files/Microchip/xc32/v5.10/bin/bin/../../lib/gcc/pic32c/13.2.1/../../../../pic32c/lib/thumb/v7e-m+dp/hard\libg-musl.a(puts.o)
 .debug_line    0x0000594b      0x17d C:/Program Files/Microchip/xc32/v5.10/bin/bin/../../lib/gcc/pic32c/13.2.1/../../../../pic32c/lib/thumb/v7e-m+dp/hard\libg-musl.a(atoi.o)
 .debug_line    0x00005ac8      0x15d C:/Program Files/Microchip/xc32/v5.10/bin/bin/../../lib/gcc/pic32c/13.2.1/../../../../pic32c/lib/thumb/v7e-m+dp/hard\libg-musl.a(tolower.o)
 .debug_line    0x00005c25      0x15d C:/Program Files/Microchip/xc32/v5.10/bin/bin/../../lib/gcc/pic32c/13.2.1/../../../../pic32c/lib/thumb/v7e-m+dp/hard\libg-musl.a(toupper.o)
 .debug_line    0x00005d82       0xfb C:/Program Files/Microchip/xc32/v5.10/bin/bin/../../lib/gcc/pic32c/13.2.1/../../../../pic32c/lib/thumb/v7e-m+dp/hard\libg-musl.a(__environ.o)
 .debug_line    0x00005e7d       0x9a C:/Program Files/Microchip/xc32/v5.10/bin/bin/../../lib/gcc/pic32c/13.2.1/../../../../pic32c/lib/thumb/v7e-m+dp/hard\libg-musl.a(__errno_location.o)
 .debug_line    0x00005f17      0x16b C:/Program Files/Microchip/xc32/v5.10/bin/bin/../../lib/gcc/pic32c/13.2.1/../../../../pic32c/lib/thumb/v7e-m+dp/hard\libg-musl.a(__int_vfprintf.o)
 .debug_line    0x00006082      0x230 C:/Program Files/Microchip/xc32/v5.10/bin/bin/../../lib/gcc/pic32c/13.2.1/../../../../pic32c/lib/thumb/v7e-m+dp/hard\libg-musl.a(fputs.o)
 .debug_line    0x000062b2      0x1de C:/Program Files/Microchip/xc32/v5.10/bin/bin/../../lib/gcc/pic32c/13.2.1/../../../../pic32c/lib/thumb/v7e-m+dp/hard\libg-musl.a(__cvt_u.o)
 .debug_line    0x00006490      0x1fa C:/Program Files/Microchip/xc32/v5.10/bin/bin/../../lib/gcc/pic32c/13.2.1/../../../../pic32c/lib/thumb/v7e-m+dp/hard\libg-musl.a(fwrite.o)
 .debug_line    0x0000668a      0x1a7 C:/Program Files/Microchip/xc32/v5.10/bin/bin/../../lib/gcc/pic32c/13.2.1/../../../../pic32c/lib/thumb/v7e-m+dp/hard\libg-musl.a(putc.o)
 .debug_line    0x00006831       0xc8 C:/Program Files/Microchip/xc32/v5.10/bin/bin/../../lib/gcc/pic32c/13.2.1/../../../../pic32c/lib/thumb/v7e-m+dp/hard\libg-musl.a(__init_stdio.o)
 .debug_line    0x000068f9      0x22c C:/Program Files/Microchip/xc32/v5.10/bin/bin/../../lib/gcc/pic32c/13.2.1/../../../../pic32c/lib/thumb/v7e-m+dp/hard\libg-musl.a(__out.o)
 .debug_line    0x00006b25       0xb2 C:/Program Files/Microchip/xc32/v5.10/bin/bin/../../lib/gcc/pic32c/13.2.1/../../../../pic32c/lib/thumb/v7e-m+dp/hard\libpic32c.a(write.o)
 .debug_line    0x00006bd7      0x165 C:/Program Files/Microchip/xc32/v5.10/bin/bin/../../lib/gcc/pic32c/13.2.1/../../../../pic32c/lib/thumb/v7e-m+dp/hard\libc-size-musl.a(memcpy.o)
 .debug_line    0x00006d3c      0x162 C:/Program Files/Microchip/xc32/v5.10/bin/bin/../../lib/gcc/pic32c/13.2.1/../../../../pic32c/lib/thumb/v7e-m+dp/hard\libc-size-musl.a(memset.o)
 .debug_line    0x00006e9e      0x161 C:/Program Files/Microchip/xc32/v5.10/bin/bin/../../lib/gcc/pic32c/13.2.1/../../../../pic32c/lib/thumb/v7e-m+dp/hard\libc-size-musl.a(strlen.o)
 .debug_line    0x00006fff       0xab C:/Program Files/Microchip/xc32/v5.10/bin/bin/../../lib/gcc/pic32c/13.2.1/../../../../pic32c/lib/thumb/v7e-m+dp/hard\libc-size-musl.a(strcpy.o)
 .debug_line    0x000070aa      0x14e C:/Program Files/Microchip/xc32/v5.10/bin/bin/../../lib/gcc/pic32c/13.2.1/../../../../pic32c/lib/thumb/v7e-m+dp/hard\libc-size-musl.a(stpcpy.o)
 .debug_line    0x000071f8       0x85 C:/Program Files/Microchip/xc32/v5.10/bin/bin/../../lib/gcc/pic32c/13.2.1/thumb/v7e-m+dp/hard\libgcc.a(_aeabi_uldivmod.o)
 .debug_line    0x0000727d      0x522 C:/Program Files/Microchip/xc32/v5.10/bin/bin/../../lib/gcc/pic32c/13.2.1/thumb/v7e-m+dp/hard\libgcc.a(_udivmoddi4.o)
 .debug_line    0x0000779f       0x85 C:/Program Files/Microchip/xc32/v5.10/bin/bin/../../lib/gcc/pic32c/13.2.1/thumb/v7e-m+dp/hard\libgcc.a(_dvmd_tls.o)
 .debug_line    0x00007824      0x11c C:/Program Files/Microchip/xc32/v5.10/bin/bin/../../lib/gcc/pic32c/13.2.1/../../../../pic32c/lib/thumb/v7e-m+dp/hard\libpic32c.a(pic32_data_init_clear.o)
 .debug_line    0x00007940      0x126 C:/Program Files/Microchip/xc32/v5.10/bin/bin/../../lib/gcc/pic32c/13.2.1/../../../../pic32c/lib/thumb/v7e-m+dp/hard\libpic32c.a(pic32_data_init_copy.o)

.debug_str      0x00000000     0x3b7d
 .debug_str     0x00000000     0x3b7d build/default/debug/src/app/init.o
                                0x456 (size before relaxing)
 .debug_str     0x00003b7d      0x2e2 build/default/debug/src/app/mission.o
 .debug_str     0x00003b7d      0x475 build/default/debug/src/app/modeSelecter.o
 .debug_str     0x00003b7d      0x54a build/default/debug/src/app/sensors.o
 .debug_str     0x00003b7d      0x528 build/default/debug/src/drivers/i2c_driver.o
 .debug_str     0x00003b7d      0x41c build/default/debug/src/drivers/usart_driver.o
 .debug_str     0x00003b7d      0x2ab build/default/debug/src/hal/hal_gpio.o
 .debug_str     0x00003b7d      0x3bf build/default/debug/src/hal/hal_i2c.o
 .debug_str     0x00003b7d      0x319 build/default/debug/src/hal/hal_peripherals_init.o
 .debug_str     0x00003b7d      0x2ab build/default/debug/src/hal/hal_qspi.o
 .debug_str     0x00003b7d      0x39b build/default/debug/src/hal/hal_spi.o
 .debug_str     0x00003b7d      0x2a2 build/default/debug/src/hal/hal_system.o
 .debug_str     0x00003b7d      0x38b build/default/debug/src/hal/hal_usart.o
 .debug_str     0x00003b7d      0x2ec build/default/debug/src/hal/hal_debug_uart.o
 .debug_str     0x00003b7d      0x3ef build/default/debug/src/peripherals/eps.o
 .debug_str     0x00003b7d      0x441 build/default/debug/src/peripherals/gnss.o
 .debug_str     0x00003b7d      0x3df build/default/debug/src/peripherals/imu.o
 .debug_str     0x00003b7d      0x403 build/default/debug/src/peripherals/pressure.o
 .debug_str     0x00003b7d      0x414 build/default/debug/src/peripherals/temperature.o
 .debug_str     0x00003b7d      0x5bb build/default/debug/src/peripherals/ttc.o
 .debug_str     0x00003b7d      0x3ee build/default/debug/src/main.o
 .debug_str     0x00003b7d      0x2e6 build/default/debug/src/hal/hal_systick.o
 .debug_str     0x00003b7d      0xc9a C:\Users\diogo\AppData\Local\Temp\cc4MjQ0u.o
 .debug_str     0x00003b7d      0x2f9 C:/Program Files/Microchip/xc32/v5.10/bin/bin/../../lib/gcc/pic32c/13.2.1/../../../../pic32c/lib/thumb/v7e-m+dp/hard\libpic32c.a(data_init.o)
 .debug_str     0x00003b7d      0x3e7 C:/Program Files/Microchip/xc32/v5.10/bin/bin/../../lib/gcc/pic32c/13.2.1/../../../../pic32c/lib/thumb/v7e-m+dp/hard\libg-musl.a(__libc_start_main.o)
 .debug_str     0x00003b7d      0x352 C:/Program Files/Microchip/xc32/v5.10/bin/bin/../../lib/gcc/pic32c/13.2.1/../../../../pic32c/lib/thumb/v7e-m+dp/hard\libg-musl.a(libc.o)
 .debug_str     0x00003b7d      0x2a1 C:/Program Files/Microchip/xc32/v5.10/bin/bin/../../lib/gcc/pic32c/13.2.1/../../../../pic32c/lib/thumb/v7e-m+dp/hard\libg-musl.a(rand.o)
 .debug_str     0x00003b7d      0x36f C:/Program Files/Microchip/xc32/v5.10/bin/bin/../../lib/gcc/pic32c/13.2.1/../../../../pic32c/lib/thumb/v7e-m+dp/hard\libg-musl.a(__sio_printf_deEfFgGnpxX.o)
 .debug_str     0x00003b7d      0x312 C:/Program Files/Microchip/xc32/v5.10/bin/bin/../../lib/gcc/pic32c/13.2.1/../../../../pic32c/lib/thumb/v7e-m+dp/hard\libg-musl.a(__fmt_d.o)
 .debug_str     0x00003b7d      0x363 C:/Program Files/Microchip/xc32/v5.10/bin/bin/../../lib/gcc/pic32c/13.2.1/../../../../pic32c/lib/thumb/v7e-m+dp/hard\libg-musl.a(__fmt_fp.o)
 .debug_str     0x00003b7d      0x312 C:/Program Files/Microchip/xc32/v5.10/bin/bin/../../lib/gcc/pic32c/13.2.1/../../../../pic32c/lib/thumb/v7e-m+dp/hard\libg-musl.a(__fmt_x.o)
 .debug_str     0x00003b7d      0x2dd C:/Program Files/Microchip/xc32/v5.10/bin/bin/../../lib/gcc/pic32c/13.2.1/../../../../pic32c/lib/thumb/v7e-m+dp/hard\libg-musl.a(__pop_float.o)
 .debug_str     0x00003b7d      0x2e8 C:/Program Files/Microchip/xc32/v5.10/bin/bin/../../lib/gcc/pic32c/13.2.1/../../../../pic32c/lib/thumb/v7e-m+dp/hard\libg-musl.a(__pop_int.o)
 .debug_str     0x00003b7d      0x2ea C:/Program Files/Microchip/xc32/v5.10/bin/bin/../../lib/gcc/pic32c/13.2.1/../../../../pic32c/lib/thumb/v7e-m+dp/hard\libg-musl.a(__pop_ptr.o)
 .debug_str     0x00003b7d      0x404 C:/Program Files/Microchip/xc32/v5.10/bin/bin/../../lib/gcc/pic32c/13.2.1/../../../../pic32c/lib/thumb/v7e-m+dp/hard\libg-musl.a(__printf_core.o)
 .debug_str     0x00003b7d      0x325 C:/Program Files/Microchip/xc32/v5.10/bin/bin/../../lib/gcc/pic32c/13.2.1/../../../../pic32c/lib/thumb/v7e-m+dp/hard\libg-musl.a(stdout.o)
 .debug_str     0x00003b7d      0x259 C:/Program Files/Microchip/xc32/v5.10/bin/bin/../../lib/gcc/pic32c/13.2.1/../../../../pic32c/lib/thumb/v7e-m+dp/hard\libg-musl.a(putchar.o)
 .debug_str     0x00003b7d      0x361 C:/Program Files/Microchip/xc32/v5.10/bin/bin/../../lib/gcc/pic32c/13.2.1/../../../../pic32c/lib/thumb/v7e-m+dp/hard\libg-musl.a(puts.o)
 .debug_str     0x00003b7d      0x239 C:/Program Files/Microchip/xc32/v5.10/bin/bin/../../lib/gcc/pic32c/13.2.1/../../../../pic32c/lib/thumb/v7e-m+dp/hard\libg-musl.a(atoi.o)
 .debug_str     0x00003b7d      0x27d C:/Program Files/Microchip/xc32/v5.10/bin/bin/../../lib/gcc/pic32c/13.2.1/../../../../pic32c/lib/thumb/v7e-m+dp/hard\libg-musl.a(tolower.o)
 .debug_str     0x00003b7d      0x27d C:/Program Files/Microchip/xc32/v5.10/bin/bin/../../lib/gcc/pic32c/13.2.1/../../../../pic32c/lib/thumb/v7e-m+dp/hard\libg-musl.a(toupper.o)
 .debug_str     0x00003b7d      0x252 C:/Program Files/Microchip/xc32/v5.10/bin/bin/../../lib/gcc/pic32c/13.2.1/../../../../pic32c/lib/thumb/v7e-m+dp/hard\libg-musl.a(__environ.o)
 .debug_str     0x00003b7d      0x246 C:/Program Files/Microchip/xc32/v5.10/bin/bin/../../lib/gcc/pic32c/13.2.1/../../../../pic32c/lib/thumb/v7e-m+dp/hard\libg-musl.a(__errno_location.o)
 .debug_str     0x00003b7d      0x306 C:/Program Files/Microchip/xc32/v5.10/bin/bin/../../lib/gcc/pic32c/13.2.1/../../../../pic32c/lib/thumb/v7e-m+dp/hard\libg-musl.a(__int_vfprintf.o)
 .debug_str     0x00003b7d      0x355 C:/Program Files/Microchip/xc32/v5.10/bin/bin/../../lib/gcc/pic32c/13.2.1/../../../../pic32c/lib/thumb/v7e-m+dp/hard\libg-musl.a(fputs.o)
 .debug_str     0x00003b7d      0x2df C:/Program Files/Microchip/xc32/v5.10/bin/bin/../../lib/gcc/pic32c/13.2.1/../../../../pic32c/lib/thumb/v7e-m+dp/hard\libg-musl.a(__cvt_u.o)
 .debug_str     0x00003b7d      0x2f8 C:/Program Files/Microchip/xc32/v5.10/bin/bin/../../lib/gcc/pic32c/13.2.1/../../../../pic32c/lib/thumb/v7e-m+dp/hard\libg-musl.a(fwrite.o)
 .debug_str     0x00003b7d      0x307 C:/Program Files/Microchip/xc32/v5.10/bin/bin/../../lib/gcc/pic32c/13.2.1/../../../../pic32c/lib/thumb/v7e-m+dp/hard\libg-musl.a(putc.o)
 .debug_str     0x00003b7d      0x2b7 C:/Program Files/Microchip/xc32/v5.10/bin/bin/../../lib/gcc/pic32c/13.2.1/../../../../pic32c/lib/thumb/v7e-m+dp/hard\libg-musl.a(__init_stdio.o)
 .debug_str     0x00003b7d      0x2ff C:/Program Files/Microchip/xc32/v5.10/bin/bin/../../lib/gcc/pic32c/13.2.1/../../../../pic32c/lib/thumb/v7e-m+dp/hard\libg-musl.a(__out.o)
 .debug_str     0x00003b7d      0x215 C:/Program Files/Microchip/xc32/v5.10/bin/bin/../../lib/gcc/pic32c/13.2.1/../../../../pic32c/lib/thumb/v7e-m+dp/hard\libpic32c.a(write.o)