Archive member included to satisfy reference by file (symbol)

C:/Program Files/Microchip/xc32/v5.10/bin/bin/../../lib/gcc/pic32c/13.2.1/../../../../pic32c/lib/thumb/v7e-m+dp/hard\libpic32c.a(data_init.o)
                              C:\Users\diogo\AppData\Local\Temp\ccaOYORK.o (__pic32c_data_initialization)
C:/Program Files/Microchip/xc32/v5.10/bin/bin/../../lib/gcc/pic32c/13.2.1/../../../../pic32c/lib/thumb/v7e-m+dp/hard\libc-musl.a(__libc_start_main.o)
                              C:\Users\diogo\AppData\Local\Temp\ccaOYORK.o (__libc_init_array)
C:/Program Files/Microchip/xc32/v5.10/bin/bin/../../lib/gcc/pic32c/13.2.1/../../../../pic32c/lib/thumb/v7e-m+dp/hard\libc-musl.a(libc.o)
                              C:/Program Files/Microchip/xc32/v5.10/bin/bin/../../lib/gcc/pic32c/13.2.1/../../../../pic32c/lib/thumb/v7e-m+dp/hard\libc-musl.a(__libc_start_main.o) (__progname_full)
C:/Program Files/Microchip/xc32/v5.10/bin/bin/../../lib/gcc/pic32c/13.2.1/../../../../pic32c/lib/thumb/v7e-m+dp/hard\libc-musl.a(__sio_printf_deEfFgGnpxX.o)
                              (_printf_deEfFgGnpxX)
C:/Program Files/Microchip/xc32/v5.10/bin/bin/../../lib/gcc/pic32c/13.2.1/../../../../pic32c/lib/thumb/v7e-m+dp/hard\libc-musl.a(__fmt_d.o)
                              C:/Program Files/Microchip/xc32/v5.10/bin/bin/../../lib/gcc/pic32c/13.2.1/../../../../pic32c/lib/thumb/v7e-m+dp/hard\libc-musl.a(__sio_printf_deEfFgGnpxX.o) (__fmt_d_needed)
C:/Program Files/Microchip/xc32/v5.10/bin/bin/../../lib/gcc/pic32c/13.2.1/../../../../pic32c/lib/thumb/v7e-m+dp/hard\libc-musl.a(__fmt_fp.o)
                              C:/Program Files/Microchip/xc32/v5.10/bin/bin/../../lib/gcc/pic32c/13.2.1/../../../../pic32c/lib/thumb/v7e-m+dp/hard\libc-musl.a(__sio_printf_deEfFgGnpxX.o) (__fmt_f_needed)
C:/Program Files/Microchip/xc32/v5.10/bin/bin/../../lib/gcc/pic32c/13.2.1/../../../../pic32c/lib/thumb/v7e-m+dp/hard\libc-musl.a(__fmt_x.o)
                              C:/Program Files/Microchip/xc32/v5.10/bin/bin/../../lib/gcc/pic32c/13.2.1/../../../../pic32c/lib/thumb/v7e-m+dp/hard\libc-musl.a(__sio_printf_deEfFgGnpxX.o) (__fmt_x_needed)
C:/Program Files/Microchip/xc32/v5.10/bin/bin/../../lib/gcc/pic32c/13.2.1/../../../../pic32c/lib/thumb/v7e-m+dp/hard\libc-musl.a(__pop_float.o)
                              C:/Program Files/Microchip/xc32/v5.10/bin/bin/../../lib/gcc/pic32c/13.2.1/../../../../pic32c/lib/thumb/v7e-m+dp/hard\libc-musl.a(__sio_printf_deEfFgGnpxX.o) (__pop_float_needed)
C:/Program Files/Microchip/xc32/v5.10/bin/bin/../../lib/gcc/pic32c/13.2.1/../../../../pic32c/lib/thumb/v7e-m+dp/hard\libc-musl.a(__pop_int.o)
                              C:/Program Files/Microchip/xc32/v5.10/bin/bin/../../lib/gcc/pic32c/13.2.1/../../../../pic32c/lib/thumb/v7e-m+dp/hard\libc-musl.a(__sio_printf_deEfFgGnpxX.o) (__pop_int_needed)
C:/Program Files/Microchip/xc32/v5.10/bin/bin/../../lib/gcc/pic32c/13.2.1/../../../../pic32c/lib/thumb/v7e-m+dp/hard\libc-musl.a(__pop_ptr.o)
                              C:/Program Files/Microchip/xc32/v5.10/bin/bin/../../lib/gcc/pic32c/13.2.1/../../../../pic32c/lib/thumb/v7e-m+dp/hard\libc-musl.a(__sio_printf_deEfFgGnpxX.o) (__pop_ptr_needed)
C:/Program Files/Microchip/xc32/v5.10/bin/bin/../../lib/gcc/pic32c/13.2.1/../../../../pic32c/lib/thumb/v7e-m+dp/hard\libc-musl.a(__printf_core.o)
                              C:/Program Files/Microchip/xc32/v5.10/bin/bin/../../lib/gcc/pic32c/13.2.1/../../../../pic32c/lib/thumb/v7e-m+dp/hard\libc-musl.a(__fmt_d.o) (__pad)
C:/Program Files/Microchip/xc32/v5.10/bin/bin/../../lib/gcc/pic32c/13.2.1/../../../../pic32c/lib/thumb/v7e-m+dp/hard\libc-musl.a(stdout.o)
                              C:/Program Files/Microchip/xc32/v5.10/bin/bin/../../lib/gcc/pic32c/13.2.1/../../../../pic32c/lib/thumb/v7e-m+dp/hard\libc-musl.a(__sio_printf_deEfFgGnpxX.o) (_stdout)
C:/Program Files/Microchip/xc32/v5.10/bin/bin/../../lib/gcc/pic32c/13.2.1/../../../../pic32c/lib/thumb/v7e-m+dp/hard\libc-musl.a(puts.o)
                              build/default/production/src/app/sensors.o (puts)
C:/Program Files/Microchip/xc32/v5.10/bin/bin/../../lib/gcc/pic32c/13.2.1/../../../../pic32c/lib/thumb/v7e-m+dp/hard\libc-musl.a(atoi.o)
                              C:/Program Files/Microchip/xc32/v5.10/bin/bin/../../lib/gcc/pic32c/13.2.1/../../../../pic32c/lib/thumb/v7e-m+dp/hard\libc-musl.a(__printf_core.o) (atoi)
C:/Program Files/Microchip/xc32/v5.10/bin/bin/../../lib/gcc/pic32c/13.2.1/../../../../pic32c/lib/thumb/v7e-m+dp/hard\libc-musl.a(tolower.o)
                              C:/Program Files/Microchip/xc32/v5.10/bin/bin/../../lib/gcc/pic32c/13.2.1/../../../../pic32c/lib/thumb/v7e-m+dp/hard\libc-musl.a(__fmt_fp.o) (tolower)
C:/Program Files/Microchip/xc32/v5.10/bin/bin/../../lib/gcc/pic32c/13.2.1/../../../../pic32c/lib/thumb/v7e-m+dp/hard\libc-musl.a(toupper.o)
[...]
Memory Configuration

Name             Origin             Length             Attributes
rom              0x00400000         0x00200000         xrl
ram              0x20400000         0x00060000         xw!r
itcm             0x00000000         0x00000000         xw
dtcm             0x20000000         0x00000000         xw!r
*default*        0x00000000         0xffffffff

Linker script and memory map

LOAD C:/Program Files/Microchip/xc32/v5.10/bin/bin/../../lib/gcc/pic32c/13.2.1/thumb/v7e-m+dp/hard/crti.o
LOAD C:/Program Files/Microchip/xc32/v5.10/bin/bin/../../lib/gcc/pic32c/13.2.1/thumb/v7e-m+dp/hard/crtbegin.o
LOAD build/default/production/src/app/init.o
LOAD build/default/production/src/app/mission.o
LOAD build/default/production/src/app/modeSelecter.o
LOAD build/default/production/src/app/sensors.o
LOAD build/default/production/src/app/stateCheck.o
LOAD build/default/production/src/drivers/i2c_driver.o
LOAD build/default/production/src/drivers/qspi_driver.o
LOAD build/default/production/src/drivers/spi_driver.o
LOAD build/default/production/src/drivers/usart_driver.o
LOAD build/default/production/src/hal/hal_gpio.o
LOAD build/default/production/src/hal/hal_i2c.o
LOAD build/default/production/src/hal/hal_peripherals_init.o
LOAD build/default/production/src/hal/hal_qspi.o
LOAD build/default/production/src/hal/hal_spi.o
LOAD build/default/production/src/hal/hal_system.o
LOAD build/default/production/src/hal/hal_usart.o
LOAD build/default/production/src/hal/hal_debug_uart.o
LOAD build/default/production/src/peripherals/eps.o
LOAD build/default/production/src/peripherals/flexiforce.o
LOAD build/default/production/src/peripherals/gnss.o
LOAD build/default/production/src/peripherals/imu.o
LOAD build/default/production/src/peripherals/pressure.o
LOAD build/default/production/src/peripherals/propulsor.o
LOAD build/default/production/src/peripherals/temperature.o
LOAD build/default/production/src/peripherals/ttc.o
LOAD build/default/production/src/main.o
LOAD build/default/production/src/hal/hal_systick.o
                0x00000001                        __MPLAB_BUILD = 0x1
                0x00000000                        _min_heap_size = 0x0
LOAD C:\Users\diogo\AppData\Local\Temp\ccaOYORK.o
START GROUP
LOAD C:/Program Files/Microchip/xc32/v5.10/bin/bin/../../lib/gcc/pic32c/13.2.1/../../../../pic32c/lib/thumb/v7e-m+dp/hard\libpic32c.a
LOAD C:/Program Files/Microchip/xc32/v5.10/bin/bin/../../lib/gcc/pic32c/13.2.1/../../../../pic32c/lib/thumb/v7e-m+dp/hard\libc-size-musl.a
LOAD C:/Program Files/Microchip/xc32/v5.10/bin/bin/../../lib/gcc/pic32c/13.2.1/../../../../pic32c/lib/thumb/v7e-m+dp/hard\liblmalloc-musl.a
LOAD C:/Program Files/Microchip/xc32/v5.10/bin/bin/../../lib/gcc/pic32c/13.2.1/../../../../pic32c/lib/thumb/v7e-m+dp/hard\libc-musl.a
LOAD C:/Program Files/Microchip/xc32/v5.10/bin/bin/../../lib/gcc/pic32c/13.2.1/../../../../pic32c/lib/thumb/v7e-m+dp/hard\libm-fast-emfloat.a
LOAD C:/Program Files/Microchip/xc32/v5.10/bin/bin/../../lib/gcc/pic32c/13.2.1/../../../../pic32c/lib/thumb/v7e-m+dp/hard\libm-musl.a
END GROUP
LOAD C:/Program Files/Microchip/xc32/v5.10/bin/bin/../../lib/gcc/pic32c/13.2.1/thumb/v7e-m+dp/hard\libgcc.a
LOAD C:/Program Files/Microchip/xc32/v5.10/bin/bin/../../lib/gcc/pic32c/13.2.1/thumb/v7e-m+dp/hard/crtend.o
LOAD C:/Program Files/Microchip/xc32/v5.10/bin/bin/../../lib/gcc/pic32c/13.2.1/thumb/v7e-m+dp/hard/crtn.o
                0x00600000                        __rom_end = (ORIGIN (rom) + LENGTH (rom))
                0x20460000                        __ram_end = (ORIGIN (ram) + LENGTH (ram))

.vectors        0x00400000      0x168
                0x00400000                        . = ALIGN (0x4)
                0x00400000                        _sfixed = .
 *(.vectors .vectors.* .vectors_default .vectors_default.*)
 .vectors.default
                0x00400000      0x168 C:\Users\diogo\AppData\Local\Temp\ccaOYORK.o
                0x00400000                exception_table
 *(.isr_vector)
 *(.reset*)
 *(.after_vectors)

.text           0x00400168       0x20
                0x00400168                        . = ALIGN (0x4)
 *(.glue_7t)
 .glue_7t       0x00400168        0x0 linker stubs
 *(.glue_7)
 .glue_7        0x00400168        0x0 linker stubs
 *(.gnu.linkonce.r.*)
 *(.ARM.extab* .gnu.linkonce.armextab.*)
                0x00400168                        . = ALIGN (0x4)
 *(.init)
 .init          0x00400168        0x4 C:/Program Files/Microchip/xc32/v5.10/bin/bin/../../lib/gcc/pic32c/13.2.1/thumb/v7e-m+dp/hard/crti.o
                0x00400168                _init
 .init          0x0040016c        0x8 C:/Program Files/Microchip/xc32/v5.10/bin/bin/../../lib/gcc/pic32c/13.2.1/thumb/v7e-m+dp/hard/crtn.o
                0x00400174                        . = ALIGN (0x4)
                0x00400174                        __preinit_array_start = .
 *(.preinit_array)
                0x00400174                        __preinit_array_end = .
                0x00400174                        . = ALIGN (0x4)
                0x00400174                        __init_array_start = .
 *(SORT_BY_NAME(.init_array.*))
 *(.init_array)
 .init_array    0x00400174        0x4 C:/Program Files/Microchip/xc32/v5.10/bin/bin/../../lib/gcc/pic32c/13.2.1/thumb/v7e-m+dp/hard/crtbegin.o
                0x00400178                        __init_array_end = .
                0x00400178                        . = ALIGN (0x4)
 *crtbegin.o(.ctors)
 *(EXCLUDE_FILE(*crtend.o) .ctors)
 *(SORT_BY_NAME(.ctors.*))
 *crtend.o(.ctors)
                0x00400178                        . = ALIGN (0x4)
 *(.fini)
 .fini          0x00400178        0x4 C:/Program Files/Microchip/xc32/v5.10/bin/bin/../../lib/gcc/pic32c/13.2.1/thumb/v7e-m+dp/hard/crti.o
                0x00400178                _fini
 .fini          0x0040017c        0x8 C:/Program Files/Microchip/xc32/v5.10/bin/bin/../../lib/gcc/pic32c/13.2.1/thumb/v7e-m+dp/hard/crtn.o
                0x00400184                        . = ALIGN (0x4)
                0x00400184                        __fini_array_start = .
 *(.fini_array)
 .fini_array    0x00400184        0x4 C:/Program Files/Microchip/xc32/v5.10/bin/bin/../../lib/gcc/pic32c/13.2.1/thumb/v7e-m+dp/hard/crtbegin.o
 *(SORT_BY_NAME(.fini_array.*))
                0x00400188                        __fini_array_end = .
 *crtbegin.o(.dtors)
 *(EXCLUDE_FILE(*crtend.o) .dtors)
 *(SORT_BY_NAME(.dtors.*))
 *crtend.o(.dtors)
                0x00400188                        . = ALIGN (0x4)
                0x00400188                        _efixed = .
                [!provide]                        PROVIDE (__exidx_start = .)

.ARM.exidx      0x00400188        0x8
 *(.ARM.exidx* .gnu.linkonce.armexidx.*)
 .ARM.exidx     0x00400188        0x8 C:/Program Files/Microchip/xc32/v5.10/bin/bin/../../lib/gcc/pic32c/13.2.1/thumb/v7e-m+dp/hard\libgcc.a(_udivmoddi4.o)
                [!provide]                        PROVIDE (__exidx_end = .)
                0x00400190                        . = ALIGN (0x4)
                0x00400190                        _etext = .

.bss            0x20400000        0x0
                0x20400000                        . = ALIGN (0x4)
                0x20400000                        __bss_start__ = .
                0x20400000                        _sbss = .
                0x20400000                        _szero = .
 *(COMMON)
                0x20400000                        . = ALIGN (0x4)
                0x20400000                        __bss_end__ = .
                0x20400000                        _ebss = .
                0x20400000                        _ezero = .
                0x20400000                        . = ALIGN (0x4)
                0x20400000                        _end = .
                0x2045ffff                        _ram_end_ = ((ORIGIN (ram) + LENGTH (ram)) - 0x1)
OUTPUT(dist/default/production/PS_OBC.X.production.elf elf32-littlearm)
LOAD linker stubs
LOAD data_init

.note           0x00000000      0x690
 .note          0x00000000       0x18 C:/Program Files/Microchip/xc32/v5.10/bin/bin/../../lib/gcc/pic32c/13.2.1/thumb/v7e-m+dp/hard/crti.o
 .note          0x00000018       0x18 C:/Program Files/Microchip/xc32/v5.10/bin/bin/../../lib/gcc/pic32c/13.2.1/thumb/v7e-m+dp/hard/crtbegin.o
 .note          0x00000030       0x18 build/default/production/src/app/init.o
 .note          0x00000048       0x18 build/default/production/src/app/mission.o
 .note          0x00000060       0x18 build/default/production/src/app/modeSelecter.o
 .note          0x00000078       0x18 build/default/production/src/app/sensors.o
 .note          0x00000090       0x18 build/default/production/src/app/stateCheck.o
 .note          0x000000a8       0x18 build/default/production/src/drivers/i2c_driver.o
 .note          0x000000c0       0x18 build/default/production/src/drivers/qspi_driver.o
 .note          0x000000d8       0x18 build/default/production/src/drivers/spi_driver.o
 .note          0x000000f0       0x18 build/default/production/src/drivers/usart_driver.o
 .note          0x00000108       0x18 build/default/production/src/hal/hal_gpio.o
 .note          0x00000120       0x18 build/default/production/src/hal/hal_i2c.o
 .note          0x00000138       0x18 build/default/production/src/hal/hal_peripherals_init.o
 .note          0x00000150       0x18 build/default/production/src/hal/hal_qspi.o
 .note          0x00000168       0x18 build/default/production/src/hal/hal_spi.o
 .note          0x00000180       0x18 build/default/production/src/hal/hal_system.o
 .note          0x00000198       0x18 build/default/production/src/hal/hal_usart.o
 .note          0x000001b0       0x18 build/default/production/src/hal/hal_debug_uart.o
 .note          0x000001c8       0x18 build/default/production/src/peripherals/eps.o
 .note          0x000001e0       0x18 build/default/production/src/peripherals/flexiforce.o
 .note          0x000001f8       0x18 build/default/production/src/peripherals/gnss.o
 .note          0x00000210       0x18 build/default/production/src/peripherals/imu.o
 .note          0x00000228       0x18 build/default/production/src/peripherals/pressure.o
 .note          0x00000240       0x18 build/default/production/src/peripherals/propulsor.o
 .note          0x00000258       0x18 build/default/production/src/peripherals/temperature.o
 .note          0x00000270       0x18 build/default/production/src/peripherals/ttc.o
 .note          0x00000288       0x18 build/default/production/src/main.o
 .note          0x000002a0       0x18 build/default/production/src/hal/hal_systick.o
 .note          0x000002b8       0x18 C:\Users\diogo\AppData\Local\Temp\ccaOYORK.o
 .note          0x000002d0       0x18 C:/Program Files/Microchip/xc32/v5.10/bin/bin/../../lib/gcc/pic32c/13.2.1/../../../../pic32c/lib/thumb/v7e-m+dp/hard\libpic32c.a(data_init.o)
 .note          0x000002e8       0x18 C:/Program Files/Microchip/xc32/v5.10/bin/bin/../../lib/gcc/pic32c/13.2.1/../../../../pic32c/lib/thumb/v7e-m+dp/hard\libc-musl.a(__libc_start_main.o)
 .note          0x00000300       0x18 C:/Program Files/Microchip/xc32/v5.10/bin/bin/../../lib/gcc/pic32c/13.2.1/../../../../pic32c/lib/thumb/v7e-m+dp/hard\libc-musl.a(libc.o)
 .note          0x00000318       0x18 C:/Program Files/Microchip/xc32/v5.10/bin/bin/../../lib/gcc/pic32c/13.2.1/../../../../pic32c/lib/thumb/v7e-m+dp/hard\libc-musl.a(__sio_printf_deEfFgGnpxX.o)
 .note          0x00000330       0x18 C:/Program Files/Microchip/xc32/v5.10/bin/bin/../../lib/gcc/pic32c/13.2.1/../../../../pic32c/lib/thumb/v7e-m+dp/hard\libc-musl.a(__fmt_d.o)
 .note          0x00000348       0x18 C:/Program Files/Microchip/xc32/v5.10/bin/bin/../../lib/gcc/pic32c/13.2.1/../../../../pic32c/lib/thumb/v7e-m+dp/hard\libc-musl.a(__fmt_fp.o)
 .note          0x00000360       0x18 C:/Program Files/Microchip/xc32/v5.10/bin/bin/../../lib/gcc/pic32c/13.2.1/../../../../pic32c/lib/thumb/v7e-m+dp/hard\libc-musl.a(__fmt_x.o)
 .note          0x00000378       0x18 C:/Program Files/Microchip/xc32/v5.10/bin/bin/../../lib/gcc/pic32c/13.2.1/../../../../pic32c/lib/thumb/v7e-m+dp/hard\libc-musl.a(__pop_float.o)
 .note          0x00000390       0x18 C:/Program Files/Microchip/xc32/v5.10/bin/bin/../../lib/gcc/pic32c/13.2.1/../../../../pic32c/lib/thumb/v7e-m+dp/hard\libc-musl.a(__pop_int.o)
 .note          0x000003a8       0x18 C:/Program Files/Microchip/xc32/v5.10/bin/bin/../../lib/gcc/pic32c/13.2.1/../../../../pic32c/lib/thumb/v7e-m+dp/hard\libc-musl.a(__pop_ptr.o)
 .note          0x000003c0       0x18 C:/Program Files/Microchip/xc32/v5.10/bin/bin/../../lib/gcc/pic32c/13.2.1/../../../../pic32c/lib/thumb/v7e-m+dp/hard\libc-musl.a(__printf_core.o)
 .note          0x000003d8       0x18 C:/Program Files/Microchip/xc32/v5.10/bin/bin/../../lib/gcc/pic32c/13.2.1/../../../../pic32c/lib/thumb/v7e-m+dp/hard\libc-musl.a(stdout.o)
 .note          0x000003f0       0x18 C:/Program Files/Microchip/xc32/v5.10/bin/bin/../../lib/gcc/pic32c/13.2.1/../../../../pic32c/lib/thumb/v7e-m+dp/hard\libc-musl.a(puts.o)
 .note          0x00000408       0x18 C:/Program Files/Microchip/xc32/v5.10/bin/bin/../../lib/gcc/pic32c/13.2.1/../../../../pic32c/lib/thumb/v7e-m+dp/hard\libc-musl.a(atoi.o)
 .note          0x00000420       0x18 C:/Program Files/Microchip/xc32/v5.10/bin/bin/../../lib/gcc/pic32c/13.2.1/../../../../pic32c/lib/thumb/v7e-m+dp/hard\libc-musl.a(tolower.o)
 .note          0x00000438       0x18 C:/Program Files/Microchip/xc32/v5.10/bin/bin/../../lib/gcc/pic32c/13.2.1/../../../../pic32c/lib/thumb/v7e-m+dp/hard\libc-musl.a(toupper.o)
 .note          0x00000450       0x18 C:/Program Files/Microchip/xc32/v5.10/bin/bin/../../lib/gcc/pic32c/13.2.1/../../../../pic32c/lib/thumb/v7e-m+dp/hard\libc-musl.a(__environ.o)
 .note          0x00000468       0x18 C:/Program Files/Microchip/xc32/v5.10/bin/bin/../../lib/gcc/pic32c/13.2.1/../../../../pic32c/lib/thumb/v7e-m+dp/hard\libc-musl.a(__errno_location.o)
 .note          0x00000480       0x18 C:/Program Files/Microchip/xc32/v5.10/bin/bin/../../lib/gcc/pic32c/13.2.1/../../../../pic32c/lib/thumb/v7e-m+dp/hard\libc-musl.a(__int_vfprintf.o)
 .note          0x00000498       0x18 C:/Program Files/Microchip/xc32/v5.10/bin/bin/../../lib/gcc/pic32c/13.2.1/../../../../pic32c/lib/thumb/v7e-m+dp/hard\libc-musl.a(fputs.o)
 .note          0x000004b0       0x18 C:/Program Files/Microchip/xc32/v5.10/bin/bin/../../lib/gcc/pic32c/13.2.1/../../../../pic32c/lib/thumb/v7e-m+dp/hard\libc-musl.a(__cvt_u.o)
 .note          0x000004c8       0x18 C:/Program Files/Microchip/xc32/v5.10/bin/bin/../../lib/gcc/pic32c/13.2.1/../../../../pic32c/lib/thumb/v7e-m+dp/hard\libc-musl.a(__io_init_needed.o)
 .note          0x000004e0       0x18 C:/Program Files/Microchip/xc32/v5.10/bin/bin/../../lib/gcc/pic32c/13.2.1/../../../../pic32c/lib/thumb/v7e-m+dp/hard\libc-musl.a(fwrite.o)
 .note          0x000004f8       0x18 C:/Program Files/Microchip/xc32/v5.10/bin/bin/../../lib/gcc/pic32c/13.2.1/../../../../pic32c/lib/thumb/v7e-m+dp/hard\libc-musl.a(putc.o)
 .note          0x00000510       0x18 C:/Program Files/Microchip/xc32/v5.10/bin/bin/../../lib/gcc/pic32c/13.2.1/../../../../pic32c/lib/thumb/v7e-m+dp/hard\libc-musl.a(__init_stdio.o)
 .note          0x00000528       0x18 C:/Program Files/Microchip/xc32/v5.10/bin/bin/../../lib/gcc/pic32c/13.2.1/../../../../pic32c/lib/thumb/v7e-m+dp/hard\libc-musl.a(__io_file_needed.o)
 .note          0x00000540       0x18 C:/Program Files/Microchip/xc32/v5.10/bin/bin/../../lib/gcc/pic32c/13.2.1/../../../../pic32c/lib/thumb/v7e-m+dp/hard\libc-musl.a(__out.o)
 .note          0x00000558       0x18 C:/Program Files/Microchip/xc32/v5.10/bin/bin/../../lib/gcc/pic32c/13.2.1/../../../../pic32c/lib/thumb/v7e-m+dp/hard\libpic32c.a(write.o)
 .note          0x00000570       0x18 C:/Program Files/Microchip/xc32/v5.10/bin/bin/../../lib/gcc/pic32c/13.2.1/../../../../pic32c/lib/thumb/v7e-m+dp/hard\libc-size-musl.a(memcpy.o)
 .note          0x00000588       0x18 C:/Program Files/Microchip/xc32/v5.10/bin/bin/../../lib/gcc/pic32c/13.2.1/../../../../pic32c/lib/thumb/v7e-m+dp/hard\libc-size-musl.a(memset.o)
 .note          0x000005a0       0x18 C:/Program Files/Microchip/xc32/v5.10/bin/bin/../../lib/gcc/pic32c/13.2.1/../../../../pic32c/lib/thumb/v7e-m+dp/hard\libc-size-musl.a(strlen.o)
 .note          0x000005b8       0x18 C:/Program Files/Microchip/xc32/v5.10/bin/bin/../../lib/gcc/pic32c/13.2.1/../../../../pic32c/lib/thumb/v7e-m+dp/hard\libc-size-musl.a(strcpy.o)
 .note          0x000005d0       0x18 C:/Program Files/Microchip/xc32/v5.10/bin/bin/../../lib/gcc/pic32c/13.2.1/../../../../pic32c/lib/thumb/v7e-m+dp/hard\libc-size-musl.a(stpcpy.o)
 .note          0x000005e8       0x18 C:/Program Files/Microchip/xc32/v5.10/bin/bin/../../lib/gcc/pic32c/13.2.1/thumb/v7e-m+dp/hard\libgcc.a(_aeabi_uldivmod.o)
 .note          0x00000600       0x18 C:/Program Files/Microchip/xc32/v5.10/bin/bin/../../lib/gcc/pic32c/13.2.1/thumb/v7e-m+dp/hard\libgcc.a(_udivmoddi4.o)
 .note          0x00000618       0x18 C:/Program Files/Microchip/xc32/v5.10/bin/bin/../../lib/gcc/pic32c/13.2.1/thumb/v7e-m+dp/hard\libgcc.a(_dvmd_tls.o)
 .note          0x00000630       0x18 C:/Program Files/Microchip/xc32/v5.10/bin/bin/../../lib/gcc/pic32c/13.2.1/thumb/v7e-m+dp/hard/crtend.o
 .note          0x00000648       0x18 C:/Program Files/Microchip/xc32/v5.10/bin/bin/../../lib/gcc/pic32c/13.2.1/thumb/v7e-m+dp/hard/crtn.o
 .note          0x00000660       0x18 C:/Program Files/Microchip/xc32/v5.10/bin/bin/../../lib/gcc/pic32c/13.2.1/../../../../pic32c/lib/thumb/v7e-m+dp/hard\libpic32c.a(pic32_data_init_clear.o)
 .note          0x00000678       0x18 C:/Program Files/Microchip/xc32/v5.10/bin/bin/../../lib/gcc/pic32c/13.2.1/../../../../pic32c/lib/thumb/v7e-m+dp/hard\libpic32c.a(pic32_data_init_copy.o)

.ARM.attributes
                0x00000000       0x32
 .ARM.attributes
                0x00000000       0x20 C:/Program Files/Microchip/xc32/v5.10/bin/bin/../../lib/gcc/pic32c/13.2.1/thumb/v7e-m+dp/hard/crti.o
 .ARM.attributes
                0x00000020       0x32 C:/Program Files/Microchip/xc32/v5.10/bin/bin/../../lib/gcc/pic32c/13.2.1/thumb/v7e-m+dp/hard/crtbegin.o
 .ARM.attributes
                0x00000052       0x32 build/default/production/src/app/init.o
 .ARM.attributes
                0x00000084       0x32 build/default/production/src/app/mission.o
 .ARM.attributes
                0x000000b6       0x32 build/default/production/src/app/modeSelecter.o
 .ARM.attributes
                0x000000e8       0x32 build/default/production/src/app/sensors.o
 .ARM.attributes
                0x0000011a       0x32 build/default/production/src/drivers/i2c_driver.o
 .ARM.attributes
                0x0000014c       0x32 build/default/production/src/drivers/usart_driver.o
 .ARM.attributes
                0x0000017e       0x32 build/default/production/src/hal/hal_gpio.o
 .ARM.attributes
                0x000001b0       0x32 build/default/production/src/hal/hal_i2c.o
 .ARM.attributes
                0x000001e2       0x32 build/default/production/src/hal/hal_peripherals_init.o
 .ARM.attributes
                0x00000214       0x32 build/default/production/src/hal/hal_qspi.o
 .ARM.attributes
                0x00000246       0x32 build/default/production/src/hal/hal_spi.o
 .ARM.attributes
                0x00000278       0x32 build/default/production/src/hal/hal_system.o
 .ARM.attributes
                0x000002aa       0x32 build/default/production/src/hal/hal_usart.o
 .ARM.attributes
                0x000002dc       0x32 build/default/production/src/hal/hal_debug_uart.o
 .ARM.attributes
                0x0000030e       0x32 build/default/production/src/peripherals/eps.o
 .ARM.attributes
                0x00000340       0x32 build/default/production/src/peripherals/gnss.o
 .ARM.attributes
                0x00000372       0x32 build/default/production/src/peripherals/imu.o
 .ARM.attributes
                0x000003a4       0x32 build/default/production/src/peripherals/pressure.o
 .ARM.attributes
                0x000003d6       0x32 build/default/production/src/peripherals/temperature.o
 .ARM.attributes
                0x00000408       0x32 build/default/production/src/peripherals/ttc.o
 .ARM.attributes
                0x0000043a       0x32 build/default/production/src/main.o
 .ARM.attributes
                0x0000046c       0x32 build/default/production/src/hal/hal_systick.o
 .ARM.attributes
                0x0000049e       0x32 C:\Users\diogo\AppData\Local\Temp\ccaOYORK.o
 .ARM.attributes
                0x000004d0       0x32 C:/Program Files/Microchip/xc32/v5.10/bin/bin/../../lib/gcc/pic32c/13.2.1/../../../../pic32c/lib/thumb/v7e-m+dp/hard\libpic32c.a(data_init.o)
 .ARM.attributes
                0x00000502       0x34 C:/Program Files/Microchip/xc32/v5.10/bin/bin/../../lib/gcc/pic32c/13.2.1/../../../../pic32c/lib/thumb/v7e-m+dp/hard\libc-musl.a(__libc_start_main.o)
 .ARM.attributes
                0x00000536       0x34 C:/Program Files/Microchip/xc32/v5.10/bin/bin/../../lib/gcc/pic32c/13.2.1/../../../../pic32c/lib/thumb/v7e-m+dp/hard\libc-musl.a(libc.o)
 .ARM.attributes
                0x0000056a       0x34 C:/Program Files/Microchip/xc32/v5.10/bin/bin/../../lib/gcc/pic32c/13.2.1/../../../../pic32c/lib/thumb/v7e-m+dp/hard\libc-musl.a(__sio_printf_deEfFgGnpxX.o)
 .ARM.attributes
                0x0000059e       0x34 C:/Program Files/Microchip/xc32/v5.10/bin/bin/../../lib/gcc/pic32c/13.2.1/../../../../pic32c/lib/thumb/v7e-m+dp/hard\libc-musl.a(__fmt_d.o)
 .ARM.attributes
                0x000005d2       0x34 C:/Program Files/Microchip/xc32/v5.10/bin/bin/../../lib/gcc/pic32c/13.2.1/../../../../pic32c/lib/thumb/v7e-m+dp/hard\libc-musl.a(__fmt_fp.o)
 .ARM.attributes
                0x00000606       0x34 C:/Program Files/Microchip/xc32/v5.10/bin/bin/../../lib/gcc/pic32c/13.2.1/../../../../pic32c/lib/thumb/v7e-m+dp/hard\libc-musl.a(__fmt_x.o)
 .ARM.attributes
                0x0000063a       0x34 C:/Program Files/Microchip/xc32/v5.10/bin/bin/../../lib/gcc/pic32c/13.2.1/../../../../pic32c/lib/thumb/v7e-m+dp/hard\libc-musl.a(__pop_float.o)
 .ARM.attributes
                0x0000066e       0x34 C:/Program Files/Microchip/xc32/v5.10/bin/bin/../../lib/gcc/pic32c/13.2.1/../../../../pic32c/lib/thumb/v7e-m+dp/hard\libc-musl.a(__pop_int.o)
 .ARM.attributes
                0x000006a2       0x34 C:/Program Files/Microchip/xc32/v5.10/bin/bin/../../lib/gcc/pic32c/13.2.1/../../../../pic32c/lib/thumb/v7e-m+dp/hard\libc-musl.a(__pop_ptr.o)
 .ARM.attributes
                0x000006d6       0x34 C:/Program Files/Microchip/xc32/v5.10/bin/bin/../../lib/gcc/pic32c/13.2.1/../../../../pic32c/lib/thumb/v7e-m+dp/hard\libc-musl.a(__printf_core.o)
 .ARM.attributes
                0x0000070a       0x34 C:/Program Files/Microchip/xc32/v5.10/bin/bin/../../lib/gcc/pic32c/13.2.1/../../../../pic32c/lib/thumb/v7e-m+dp/hard\libc-musl.a(stdout.o)
 .ARM.attributes
                0x0000073e       0x34 C:/Program Files/Microchip/xc32/v5.10/bin/bin/../../lib/gcc/pic32c/13.2.1/../../../../pic32c/lib/thumb/v7e-m+dp/hard\libc-musl.a(puts.o)
 .ARM.attributes
                0x00000772       0x34 C:/Program Files/Microchip/xc32/v5.10/bin/bin/../../lib/gcc/pic32c/13.2.1/../../../../pic32c/lib/thumb/v7e-m+dp/hard\libc-musl.a(atoi.o)
 .ARM.attributes
                0x000007a6       0x34 C:/Program Files/Microchip/xc32/v5.10/bin/bin/../../lib/gcc/pic32c/13.2.1/../../../../pic32c/lib/thumb/v7e-m+dp/hard\libc-musl.a(tolower.o)
 .ARM.attributes
                0x000007da       0x34 C:/Program Files/Microchip/xc32/v5.10/bin/bin/../../lib/gcc/pic32c/13.2.1/../../../../pic32c/lib/thumb/v7e-m+dp/hard\libc-musl.a(toupper.o)
 .ARM.attributes
                0x0000080e       0x34 C:/Program Files/Microchip/xc32/v5.10/bin/bin/../../lib/gcc/pic32c/13.2.1/../../../../pic32c/lib/thumb/v7e-m+dp/hard\libc-musl.a(__environ.o)
 .ARM.attributes
                0x00000842       0x34 C:/Program Files/Microchip/xc32/v5.10/bin/bin/../../lib/gcc/pic32c/13.2.1/../../../../pic32c/lib/thumb/v7e-m+dp/hard\libc-musl.a(__errno_location.o)
 .ARM.attributes
                0x00000876       0x34 C:/Program Files/Microchip/xc32/v5.10/bin/bin/../../lib/gcc/pic32c/13.2.1/../../../../pic32c/lib/thumb/v7e-m+dp/hard\libc-musl.a(__int_vfprintf.o)
 .ARM.attributes
                0x000008aa       0x34 C:/Program Files/Microchip/xc32/v5.10/bin/bin/../../lib/gcc/pic32c/13.2.1/../../../../pic32c/lib/thumb/v7e-m+dp/hard\libc-musl.a(fputs.o)
 .ARM.attributes
                0x000008de       0x34 C:/Program Files/Microchip/xc32/v5.10/bin/bin/../../lib/gcc/pic32c/13.2.1/../../../../pic32c/lib/thumb/v7e-m+dp/hard\libc-musl.a(__cvt_u.o)
 .ARM.attributes
                0x00000912       0x34 C:/Program Files/Microchip/xc32/v5.10/bin/bin/../../lib/gcc/pic32c/13.2.1/../../../../pic32c/lib/thumb/v7e-m+dp/hard\libc-musl.a(fwrite.o)
 .ARM.attributes
                0x00000946       0x34 C:/Program Files/Microchip/xc32/v5.10/bin/bin/../../lib/gcc/pic32c/13.2.1/../../../../pic32c/lib/thumb/v7e-m+dp/hard\libc-musl.a(putc.o)
 .ARM.attributes
                0x0000097a       0x34 C:/Program Files/Microchip/xc32/v5.10/bin/bin/../../lib/gcc/pic32c/13.2.1/../../../../pic32c/lib/thumb/v7e-m+dp/hard\libc-musl.a(__init_stdio.o)
 .ARM.attributes
                0x000009ae       0x34 C:/Program Files/Microchip/xc32/v5.10/bin/bin/../../lib/gcc/pic32c/13.2.1/../../../../pic32c/lib/thumb/v7e-m+dp/hard\libc-musl.a(__out.o)
 .ARM.attributes
                0x000009e2       0x32 C:/Program Files/Microchip/xc32/v5.10/bin/bin/../../lib/gcc/pic32c/13.2.1/../../../../pic32c/lib/thumb/v7e-m+dp/hard\libm-fast-emfloat.a(floor.o)
 .ARM.attributes
                0x00000a14       0x32 C:/Program Files/Microchip/xc32/v5.10/bin/bin/../../lib/gcc/pic32c/13.2.1/../../../../pic32c/lib/thumb/v7e-m+dp/hard\libpic32c.a(write.o)
 .ARM.attributes
                0x00000a46       0x34 C:/Program Files/Microchip/xc32/v5.10/bin/bin/../../lib/gcc/pic32c/13.2.1/../../../../pic32c/lib/thumb/v7e-m+dp/hard\libc-size-musl.a(memcpy.o)
 .ARM.attributes
                0x00000a7a       0x34 C:/Program Files/Microchip/xc32/v5.10/bin/bin/../../lib/gcc/pic32c/13.2.1/../../../../pic32c/lib/thumb/v7e-m+dp/hard\libc-size-musl.a(memset.o)
 .ARM.attributes
                0x00000aae       0x34 C:/Program Files/Microchip/xc32/v5.10/bin/bin/../../lib/gcc/pic32c/13.2.1/../../../../pic32c/lib/thumb/v7e-m+dp/hard\libc-size-musl.a(strlen.o)
 .ARM.attributes
                0x00000ae2       0x34 C:/Program Files/Microchip/xc32/v5.10/bin/bin/../../lib/gcc/pic32c/13.2.1/../../../../pic32c/lib/thumb/v7e-m+dp/hard\libc-size-musl.a(strcpy.o)
 .ARM.attributes
                0x00000b16       0x34 C:/Program Files/Microchip/xc32/v5.10/bin/bin/../../lib/gcc/pic32c/13.2.1/../../../../pic32c/lib/thumb/v7e-m+dp/hard\libc-size-musl.a(stpcpy.o)
 .ARM.attributes
                0x00000b4a       0x20 C:/Program Files/Microchip/xc32/v5.10/bin/bin/../../lib/gcc/pic32c/13.2.1/thumb/v7e-m+dp/hard\libgcc.a(_aeabi_uldivmod.o)
 .ARM.attributes
                0x00000b6a       0x32 C:/Program Files/Microchip/xc32/v5.10/bin/bin/../../lib/gcc/pic32c/13.2.1/thumb/v7e-m+dp/hard\libgcc.a(_udivmoddi4.o)
 .ARM.attributes
                0x00000b9c       0x20 C:/Program Files/Microchip/xc32/v5.10/bin/bin/../../lib/gcc/pic32c/13.2.1/thumb/v7e-m+dp/hard\libgcc.a(_dvmd_tls.o)
 .ARM.attributes
                0x00000bbc       0x20 C:/Program Files/Microchip/xc32/v5.10/bin/bin/../../lib/gcc/pic32c/13.2.1/thumb/v7e-m+dp/hard/crtn.o
 .ARM.attributes
                0x00000bdc       0x32 C:/Program Files/Microchip/xc32/v5.10/bin/bin/../../lib/gcc/pic32c/13.2.1/../../../../pic32c/lib/thumb/v7e-m+dp/hard\libpic32c.a(pic32_data_init_clear.o)
 .ARM.attributes
                0x00000c0e       0x32 C:/Program Files/Microchip/xc32/v5.10/bin/bin/../../lib/gcc/pic32c/13.2.1/../../../../pic32c/lib/thumb/v7e-m+dp/hard\libpic32c.a(pic32_data_init_copy.o)

.comment        0x00000000       0x35
 .comment       0x00000000       0x35 C:/Program Files/Microchip/xc32/v5.10/bin/bin/../../lib/gcc/pic32c/13.2.1/thumb/v7e-m+dp/hard/crtbegin.o
                                 0x36 (size before relaxing)
 .comment       0x00000035       0x36 build/default/production/src/app/init.o
 .comment       0x00000035       0x36 build/default/production/src/app/mission.o
 .comment       0x00000035       0x36 build/default/production/src/app/modeSelecter.o
 .comment       0x00000035       0x36 build/default/production/src/app/sensors.o
 .comment       0x00000035       0x36 build/default/production/src/drivers/i2c_driver.o
 .comment       0x00000035       0x36 build/default/production/src/drivers/usart_driver.o
 .comment       0x00000035       0x36 build/default/production/src/hal/hal_gpio.o
 .comment       0x00000035       0x36 build/default/production/src/hal/hal_i2c.o
 .comment       0x00000035       0x36 build/default/production/src/hal/hal_peripherals_init.o
 .comment       0x00000035       0x36 build/default/production/src/hal/hal_qspi.o
 .comment       0x00000035       0x36 build/default/production/src/hal/hal_spi.o
 .comment       0x00000035       0x36 build/default/production/src/hal/hal_system.o
 .comment       0x00000035       0x36 build/default/production/src/hal/hal_usart.o
 .comment       0x00000035       0x36 build/default/production/src/hal/hal_debug_uart.o
 .comment       0x00000035       0x36 build/default/production/src/peripherals/eps.o
 .comment       0x00000035       0x36 build/default/production/src/peripherals/gnss.o
 .comment       0x00000035       0x36 build/default/production/src/peripherals/imu.o
 .comment       0x00000035       0x36 build/default/production/src/peripherals/pressure.o
 .comment       0x00000035       0x36 build/default/production/src/peripherals/temperature.o
 .comment       0x00000035       0x36 build/default/production/src/peripherals/ttc.o
 .comment       0x00000035       0x36 build/default/production/src/main.o
 .comment       0x00000035       0x36 build/default/production/src/hal/hal_systick.o
 .comment       0x00000035       0x36 C:\Users\diogo\AppData\Local\Temp\ccaOYORK.o
 .comment       0x00000035       0x36 C:/Program Files/Microchip/xc32/v5.10/bin/bin/../../lib/gcc/pic32c/13.2.1/../../../../pic32c/lib/thumb/v7e-m+dp/hard\libpic32c.a(data_init.o)
 .comment       0x00000035       0x36 C:/Program Files/Microchip/xc32/v5.10/bin/bin/../../lib/gcc/pic32c/13.2.1/../../../../pic32c/lib/thumb/v7e-m+dp/hard\libc-musl.a(__libc_start_main.o)
 .comment       0x00000035       0x36 C:/Program Files/Microchip/xc32/v5.10/bin/bin/../../lib/gcc/pic32c/13.2.1/../../../../pic32c/lib/thumb/v7e-m+dp/hard\libc-musl.a(libc.o)
 .comment       0x00000035       0x36 C:/Program Files/Microchip/xc32/v5.10/bin/bin/../../lib/gcc/pic32c/13.2.1/../../../../pic32c/lib/thumb/v7e-m+dp/hard\libc-musl.a(__sio_printf_deEfFgGnpxX.o)
 .comment       0x00000035       0x36 C:/Program Files/Microchip/xc32/v5.10/bin/bin/../../lib/gcc/pic32c/13.2.1/../../../../pic32c/lib/thumb/v7e-m+dp/hard\libc-musl.a(__fmt_d.o)
 .comment       0x00000035       0x36 C:/Program Files/Microchip/xc32/v5.10/bin/bin/../../lib/gcc/pic32c/13.2.1/../../../../pic32c/lib/thumb/v7e-m+dp/hard\libc-musl.a(__fmt_fp.o)
 .comment       0x00000035       0x36 C:/Program Files/Microchip/xc32/v5.10/bin/bin/../../lib/gcc/pic32c/13.2.1/../../../../pic32c/lib/thumb/v7e-m+dp/hard\libc-musl.a(__fmt_x.o)
 .comment       0x00000035       0x36 C:/Program Files/Microchip/xc32/v5.10/bin/bin/../../lib/gcc/pic32c/13.2.1/../../../../pic32c/lib/thumb/v7e-m+dp/hard\libc-musl.a(__pop_float.o)
 .comment       0x00000035       0x36 C:/Program Files/Microchip/xc32/v5.10/bin/bin/../../lib/gcc/pic32c/13.2.1/../../../../pic32c/lib/thumb/v7e-m+dp/hard\libc-musl.a(__pop_int.o)
 .comment       0x00000035       0x36 C:/Program Files/Microchip/xc32/v5.10/bin/bin/../../lib/gcc/pic32c/13.2.1/../../../../pic32c/lib/thumb/v7e-m+dp/hard\libc-musl.a(__pop_ptr.o)
 .comment       0x00000035       0x36 C:/Program Files/Microchip/xc32/v5.10/bin/bin/../../lib/gcc/pic32c/13.2.1/../../../../pic32c/lib/thumb/v7e-m+dp/hard\libc-musl.a(__printf_core.o)
 .comment       0x00000035       0x36 C:/Program Files/Microchip/xc32/v5.10/bin/bin/../../lib/gcc/pic32c/13.2.1/../../../../pic32c/lib/thumb/v7e-m+dp/hard\libc-musl.a(stdout.o)
 .comment       0x00000035       0x36 C:/Program Files/Microchip/xc32/v5.10/bin/bin/../../lib/gcc/pic32c/13.2.1/../../../../pic32c/lib/thumb/v7e-m+dp/hard\libc-musl.a(puts.o)
 .comment       0x00000035       0x36 C:/Program Files/Microchip/xc32/v5.10/bin/bin/../../lib/gcc/pic32c/13.2.1/../../../../pic32c/lib/thumb/v7e-m+dp/hard\libc-musl.a(atoi.o)
 .comment       0x00000035       0x36 C:/Program Files/Microchip/xc32/v5.10/bin/bin/../../lib/gcc/pic32c/13.2.1/../../../../pic32c/lib/thumb/v7e-m+dp/hard\libc-musl.a(tolower.o)
 .comment       0x00000035       0x36 C:/Program Files/Microchip/xc32/v5.10/bin/bin/../../lib/gcc/pic32c/13.2.1/../../../../pic32c/lib/thumb/v7e-m+dp/hard\libc-musl.a(toupper.o)
 .comment       0x00000035       0x36 C:/Program Files/Microchip/xc32/v5.10/bin/bin/../../lib/gcc/pic32c/13.2.1/../../../../pic32c/lib/thumb/v7e-m+dp/hard\libc-musl.a(__environ.o)
 .comment       0x00000035       0x36 C:/Program Files/Microchip/xc32/v5.10/bin/bin/../../lib/gcc/pic32c/13.2.1/../../../../pic32c/lib/thumb/v7e-m+dp/hard\libc-musl.a(__errno_location.o)
 .comment       0x00000035       0x36 C:/Program Files/Microchip/xc32/v5.10/bin/bin/../../lib/gcc/pic32c/13.2.1/../../../../pic32c/lib/thumb/v7e-m+dp/hard\libc-musl.a(__int_vfprintf.o)
 .comment       0x00000035       0x36 C:/Program Files/Microchip/xc32/v5.10/bin/bin/../../lib/gcc/pic32c/13.2.1/../../../../pic32c/lib/thumb/v7e-m+dp/hard\libc-musl.a(fputs.o)
 .comment       0x00000035       0x36 C:/Program Files/Microchip/xc32/v5.10/bin/bin/../../lib/gcc/pic32c/13.2.1/../../../../pic32c/lib/thumb/v7e-m+dp/hard\libc-musl.a(__cvt_u.o)
 .comment       0x00000035       0x36 C:/Program Files/Microchip/xc32/v5.10/bin/bin/../../lib/gcc/pic32c/13.2.1/../../../../pic32c/lib/thumb/v7e-m+dp/hard\libc-musl.a(fwrite.o)
 .comment       0x00000035       0x36 C:/Program Files/Microchip/xc32/v5.10/bin/bin/../../lib/gcc/pic32c/13.2.1/../../../../pic32c/lib/thumb/v7e-m+dp/hard\libc-musl.a(putc.o)
 .comment       0x00000035       0x36 C:/Program Files/Microchip/xc32/v5.10/bin/bin/../../lib/gcc/pic32c/13.2.1/../../../../pic32c/lib/thumb/v7e-m+dp/hard\libc-musl.a(__init_stdio.o)
 .comment       0x00000035       0x36 C:/Program Files/Microchip/xc32/v5.10/bin/bin/../../lib/gcc/pic32c/13.2.1/../../../../pic32c/lib/thumb/v7e-m+dp/hard\libc-musl.a(__out.o)
 .comment       0x00000035       0x36 C:/Program Files/Microchip/xc32/v5.10/bin/bin/../../lib/gcc/pic32c/13.2.1/../../../../pic32c/lib/thumb/v7e-m+dp/hard\libm-fast-emfloat.a(floor.o)
 .comment       0x00000035       0x36 C:/Program Files/Microchip/xc32/v5.10/bin/bin/../../lib/gcc/pic32c/13.2.1/../../../../pic32c/lib/thumb/v7e-m+dp/hard\libpic32c.a(write.o)
 .comment       0x00000035       0x36 C:/Program Files/Microchip/xc32/v5.10/bin/bin/../../lib/gcc/pic32c/13.2.1/../../../../pic32c/lib/thumb/v7e-m+dp/hard\libc-size-musl.a(memcpy.o)
 .comment       0x00000035       0x36 C:/Program Files/Microchip/xc32/v5.10/bin/bin/../../lib/gcc/pic32c/13.2.1/../../../../pic32c/lib/thumb/v7e-m+dp/hard\libc-size-musl.a(memset.o)
 .comment       0x00000035       0x36 C:/Program Files/Microchip/xc32/v5.10/bin/bin/../../lib/gcc/pic32c/13.2.1/../../../../pic32c/lib/thumb/v7e-m+dp/hard\libc-size-musl.a(strlen.o)
 .comment       0x00000035       0x36 C:/Program Files/Microchip/xc32/v5.10/bin/bin/../../lib/gcc/pic32c/13.2.1/../../../../pic32c/lib/thumb/v7e-m+dp/hard\libc-size-musl.a(strcpy.o)
 .comment       0x00000035       0x36 C:/Program Files/Microchip/xc32/v5.10/bin/bin/../../lib/gcc/pic32c/13.2.1/../../../../pic32c/lib/thumb/v7e-m+dp/hard\libc-size-musl.a(stpcpy.o)
 .comment       0x00000035       0x36 C:/Program Files/Microchip/xc32/v5.10/bin/bin/../../lib/gcc/pic32c/13.2.1/thumb/v7e-m+dp/hard\libgcc.a(_udivmoddi4.o)
 .comment       0x00000035       0x36 C:/Program Files/Microchip/xc32/v5.10/bin/bin/../../lib/gcc/pic32c/13.2.1/../../../../pic32c/lib/thumb/v7e-m+dp/hard\libpic32c.a(pic32_data_init_clear.o)
 .comment       0x00000035       0x36 C:/Program Files/Microchip/xc32/v5.10/bin/bin/../../lib/gcc/pic32c/13.2.1/../../../../pic32c/lib/thumb/v7e-m+dp/hard\libpic32c.a(pic32_data_init_copy.o)

.debug_info     0x00000000     0x95d6
 .debug_info    0x00000000      0x400 build/default/production/src/app/init.o
 .debug_info    0x00000400       0xe8 build/default/production/src/app/mission.o
 .debug_info    0x000004e8      0x3c7 build/default/production/src/app/modeSelecter.o
 .debug_info    0x000008af      0x889 build/default/production/src/app/sensors.o
 .debug_info    0x00001138      0x6d6 build/default/production/src/drivers/i2c_driver.o
 .debug_info    0x0000180e      0x349 build/default/production/src/drivers/usart_driver.o
 .debug_info    0x00001b57       0x9d build/default/production/src/hal/hal_gpio.o
 .debug_info    0x00001bf4      0x2f7 build/default/production/src/hal/hal_i2c.o
 .debug_info    0x00001eeb      0x139 build/default/production/src/hal/hal_peripherals_init.o
 .debug_info    0x00002024      0x2b8 build/default/production/src/hal/hal_qspi.o
 .debug_info    0x000022dc      0x189 build/default/production/src/hal/hal_spi.o
 .debug_info    0x00002465       0xf9 build/default/production/src/hal/hal_system.o
 .debug_info    0x0000255e      0x13a build/default/production/src/hal/hal_usart.o
 .debug_info    0x00002698      0x13c build/default/production/src/hal/hal_debug_uart.o
 .debug_info    0x000027d4      0x306 build/default/production/src/peripherals/eps.o
 .debug_info    0x00002ada      0x3e3 build/default/production/src/peripherals/gnss.o
 .debug_info    0x00002ebd      0x366 build/default/production/src/peripherals/imu.o
 .debug_info    0x00003223      0x310 build/default/production/src/peripherals/pressure.o
 .debug_info    0x00003533      0x2f7 build/default/production/src/peripherals/temperature.o
 .debug_info    0x0000382a      0x9db build/default/production/src/peripherals/ttc.o
 .debug_info    0x00004205      0x2ed build/default/production/src/main.o
 .debug_info    0x000044f2       0xf4 build/default/production/src/hal/hal_systick.o
 .debug_info    0x000045e6      0x212 C:/Program Files/Microchip/xc32/v5.10/bin/bin/../../lib/gcc/pic32c/13.2.1/../../../../pic32c/lib/thumb/v7e-m+dp/hard\libpic32c.a(data_init.o)
 .debug_info    0x000047f8      0x2fb C:/Program Files/Microchip/xc32/v5.10/bin/bin/../../lib/gcc/pic32c/13.2.1/../../../../pic32c/lib/thumb/v7e-m+dp/hard\libc-musl.a(__libc_start_main.o)
 .debug_info    0x00004af3      0x276 C:/Program Files/Microchip/xc32/v5.10/bin/bin/../../lib/gcc/pic32c/13.2.1/../../../../pic32c/lib/thumb/v7e-m+dp/hard\libc-musl.a(libc.o)
 .debug_info    0x00004d69      0x20b C:/Program Files/Microchip/xc32/v5.10/bin/bin/../../lib/gcc/pic32c/13.2.1/../../../../pic32c/lib/thumb/v7e-m+dp/hard\libc-musl.a(__sio_printf_deEfFgGnpxX.o)
 .debug_info    0x00004f74      0x36e C:/Program Files/Microchip/xc32/v5.10/bin/bin/../../lib/gcc/pic32c/13.2.1/../../../../pic32c/lib/thumb/v7e-m+dp/hard\libc-musl.a(__fmt_d.o)
 .debug_info    0x000052e2      0x671 C:/Program Files/Microchip/xc32/v5.10/bin/bin/../../lib/gcc/pic32c/13.2.1/../../../../pic32c/lib/thumb/v7e-m+dp/hard\libc-musl.a(__fmt_fp.o)
 .debug_info    0x00005953      0x3a1 C:/Program Files/Microchip/xc32/v5.10/bin/bin/../../lib/gcc/pic32c/13.2.1/../../../../pic32c/lib/thumb/v7e-m+dp/hard\libc-musl.a(__fmt_x.o)
 .debug_info    0x00005cf4      0x162 C:/Program Files/Microchip/xc32/v5.10/bin/bin/../../lib/gcc/pic32c/13.2.1/../../../../pic32c/lib/thumb/v7e-m+dp/hard\libc-musl.a(__pop_float.o)
 .debug_info    0x00005e56      0x183 C:/Program Files/Microchip/xc32/v5.10/bin/bin/../../lib/gcc/pic32c/13.2.1/../../../../pic32c/lib/thumb/v7e-m+dp/hard\libc-musl.a(__pop_int.o)
 .debug_info    0x00005fd9      0x187 C:/Program Files/Microchip/xc32/v5.10/bin/bin/../../lib/gcc/pic32c/13.2.1/../../../../pic32c/lib/thumb/v7e-m+dp/hard\libc-musl.a(__pop_ptr.o)
 .debug_info    0x00006160      0xaff C:/Program Files/Microchip/xc32/v5.10/bin/bin/../../lib/gcc/pic32c/13.2.1/../../../../pic32c/lib/thumb/v7e-m+dp/hard\libc-musl.a(__printf_core.o)
 .debug_info    0x00006c5f      0x1e6 C:/Program Files/Microchip/xc32/v5.10/bin/bin/../../lib/gcc/pic32c/13.2.1/../../../../pic32c/lib/thumb/v7e-m+dp/hard\libc-musl.a(stdout.o)
 .debug_info    0x00006e45      0x3ce C:/Program Files/Microchip/xc32/v5.10/bin/bin/../../lib/gcc/pic32c/13.2.1/../../../../pic32c/lib/thumb/v7e-m+dp/hard\libc-musl.a(puts.o)
 .debug_info    0x00007213       0xef C:/Program Files/Microchip/xc32/v5.10/bin/bin/../../lib/gcc/pic32c/13.2.1/../../../../pic32c/lib/thumb/v7e-m+dp/hard\libc-musl.a(atoi.o)
 .debug_info    0x00007302      0x138 C:/Program Files/Microchip/xc32/v5.10/bin/bin/../../lib/gcc/pic32c/13.2.1/../../../../pic32c/lib/thumb/v7e-m+dp/hard\libc-musl.a(tolower.o)
 .debug_info    0x0000743a      0x138 C:/Program Files/Microchip/xc32/v5.10/bin/bin/../../lib/gcc/pic32c/13.2.1/../../../../pic32c/lib/thumb/v7e-m+dp/hard\libc-musl.a(toupper.o)
 .debug_info    0x00007572       0x97 C:/Program Files/Microchip/xc32/v5.10/bin/bin/../../lib/gcc/pic32c/13.2.1/../../../../pic32c/lib/thumb/v7e-m+dp/hard\libc-musl.a(__environ.o)
 .debug_info    0x00007609       0x5b C:/Program Files/Microchip/xc32/v5.10/bin/bin/../../lib/gcc/pic32c/13.2.1/../../../../pic32c/lib/thumb/v7e-m+dp/hard\libc-musl.a(__errno_location.o)
 .debug_info    0x00007664      0x21c C:/Program Files/Microchip/xc32/v5.10/bin/bin/../../lib/gcc/pic32c/13.2.1/../../../../pic32c/lib/thumb/v7e-m+dp/hard\libc-musl.a(__int_vfprintf.o)
 .debug_info    0x00007880      0x3de C:/Program Files/Microchip/xc32/v5.10/bin/bin/../../lib/gcc/pic32c/13.2.1/../../../../pic32c/lib/thumb/v7e-m+dp/hard\libc-musl.a(fputs.o)
 .debug_info    0x00007c5e      0x1ed C:/Program Files/Microchip/xc32/v5.10/bin/bin/../../lib/gcc/pic32c/13.2.1/../../../../pic32c/lib/thumb/v7e-m+dp/hard\libc-musl.a(__cvt_u.o)
 .debug_info    0x00007e4b      0x290 C:/Program Files/Microchip/xc32/v5.10/bin/bin/../../lib/gcc/pic32c/13.2.1/../../../../pic32c/lib/thumb/v7e-m+dp/hard\libc-musl.a(fwrite.o)
 .debug_info    0x000080db      0x247 C:/Program Files/Microchip/xc32/v5.10/bin/bin/../../lib/gcc/pic32c/13.2.1/../../../../pic32c/lib/thumb/v7e-m+dp/hard\libc-musl.a(putc.o)
 .debug_info    0x00008322       0xc3 C:/Program Files/Microchip/xc32/v5.10/bin/bin/../../lib/gcc/pic32c/13.2.1/../../../../pic32c/lib/thumb/v7e-m+dp/hard\libc-musl.a(__init_stdio.o)
 .debug_info    0x000083e5      0x301 C:/Program Files/Microchip/xc32/v5.10/bin/bin/../../lib/gcc/pic32c/13.2.1/../../../../pic32c/lib/thumb/v7e-m+dp/hard\libc-musl.a(__out.o)
 .debug_info    0x000086e6      0x113 C:/Program Files/Microchip/xc32/v5.10/bin/bin/../../lib/gcc/pic32c/13.2.1/../../../../pic32c/lib/thumb/v7e-m+dp/hard\libpic32c.a(write.o)
 .debug_info    0x000087f9       0xff C:/Program Files/Microchip/xc32/v5.10/bin/bin/../../lib/gcc/pic32c/13.2.1/../../../../pic32c/lib/thumb/v7e-m+dp/hard\libc-size-musl.a(memcpy.o)
 .debug_info    0x000088f8       0xc2 C:/Program Files/Microchip/xc32/v5.10/bin/bin/../../lib/gcc/pic32c/13.2.1/../../../../pic32c/lib/thumb/v7e-m+dp/hard\libc-size-musl.a(memset.o)
 .debug_info    0x000089ba       0xab C:/Program Files/Microchip/xc32/v5.10/bin/bin/../../lib/gcc/pic32c/13.2.1/../../../../pic32c/lib/thumb/v7e-m+dp/hard\libc-size-musl.a(strlen.o)
 .debug_info    0x00008a65       0xdd C:/Program Files/Microchip/xc32/v5.10/bin/bin/../../lib/gcc/pic32c/13.2.1/../../../../pic32c/lib/thumb/v7e-m+dp/hard\libc-size-musl.a(strcpy.o)
 .debug_info    0x00008b42       0xac C:/Program Files/Microchip/xc32/v5.10/bin/bin/../../lib/gcc/pic32c/13.2.1/../../../../pic32c/lib/thumb/v7e-m+dp/hard\libc-size-musl.a(stpcpy.o)
 .debug_info    0x00008bee       0x35 C:/Program Files/Microchip/xc32/v5.10/bin/bin/../../lib/gcc/pic32c/13.2.1/thumb/v7e-m+dp/hard\libgcc.a(_aeabi_uldivmod.o)
 .debug_info    0x00008c23      0x73c C:/Program Files/Microchip/xc32/v5.10/bin/bin/../../lib/gcc/pic32c/13.2.1/thumb/v7e-m+dp/hard\libgcc.a(_udivmoddi4.o)
 .debug_info    0x0000935f       0x41 C:/Program Files/Microchip/xc32/v5.10/bin/bin/../../lib/gcc/pic32c/13.2.1/thumb/v7e-m+dp/hard\libgcc.a(_dvmd_tls.o)
 .debug_info    0x000093a0      0x110 C:/Program Files/Microchip/xc32/v5.10/bin/bin/../../lib/gcc/pic32c/13.2.1/../../../../pic32c/lib/thumb/v7e-m+dp/hard\libpic32c.a(pic32_data_init_clear.o)
 .debug_info    0x000094b0      0x126 C:/Program Files/Microchip/xc32/v5.10/bin/bin/../../lib/gcc/pic32c/13.2.1/../../../../pic32c/lib/thumb/v7e-m+dp/hard\libpic32c.a(pic32_data_init_copy.o)

.debug_abbrev   0x00000000     0x41a5
 .debug_abbrev  0x00000000      0x18c build/default/production/src/app/init.o
 .debug_abbrev  0x0000018c       0x57 build/default/production/src/app/mission.o
 .debug_abbrev  0x000001e3      0x1a6 build/default/production/src/app/modeSelecter.o
 .debug_abbrev  0x00000389      0x17d build/default/production/src/app/sensors.o
 .debug_abbrev  0x00000506      0x22e build/default/production/src/drivers/i2c_driver.o
 .debug_abbrev  0x00000734      0x160 build/default/production/src/drivers/usart_driver.o
 .debug_abbrev  0x00000894       0x57 build/default/production/src/hal/hal_gpio.o
 .debug_abbrev  0x000008eb      0x1ce build/default/production/src/hal/hal_i2c.o
 .debug_abbrev  0x00000ab9       0x57 build/default/production/src/hal/hal_peripherals_init.o
 .debug_abbrev  0x00000b10      0x177 build/default/production/src/hal/hal_qspi.o
 .debug_abbrev  0x00000c87       0xad build/default/production/src/hal/hal_spi.o
 .debug_abbrev  0x00000d34       0x57 build/default/production/src/hal/hal_system.o
 .debug_abbrev  0x00000d8b       0xc5 build/default/production/src/hal/hal_usart.o
 .debug_abbrev  0x00000e50      0x100 build/default/production/src/hal/hal_debug_uart.o
 .debug_abbrev  0x00000f50      0x1b5 build/default/production/src/peripherals/eps.o
 .debug_abbrev  0x00001105      0x23c build/default/production/src/peripherals/gnss.o
 .debug_abbrev  0x00001341      0x1b5 build/default/production/src/peripherals/imu.o
 .debug_abbrev  0x000014f6      0x1d0 build/default/production/src/peripherals/pressure.o
 .debug_abbrev  0x000016c6      0x1b5 build/default/production/src/peripherals/temperature.o
 .debug_abbrev  0x0000187b      0x27c build/default/production/src/peripherals/ttc.o
 .debug_abbrev  0x00001af7      0x14a build/default/production/src/main.o
 .debug_abbrev  0x00001c41       0xb6 build/default/production/src/hal/hal_systick.o
 .debug_abbrev  0x00001cf7      0x156 C:/Program Files/Microchip/xc32/v5.10/bin/bin/../../lib/gcc/pic32c/13.2.1/../../../../pic32c/lib/thumb/v7e-m+dp/hard\libpic32c.a(data_init.o)
 .debug_abbrev  0x00001e4d      0x133 C:/Program Files/Microchip/xc32/v5.10/bin/bin/../../lib/gcc/pic32c/13.2.1/../../../../pic32c/lib/thumb/v7e-m+dp/hard\libc-musl.a(__libc_start_main.o)
 .debug_abbrev  0x00001f80       0xd4 C:/Program Files/Microchip/xc32/v5.10/bin/bin/../../lib/gcc/pic32c/13.2.1/../../../../pic32c/lib/thumb/v7e-m+dp/hard\libc-musl.a(libc.o)
 .debug_abbrev  0x00002054      0x16b C:/Program Files/Microchip/xc32/v5.10/bin/bin/../../lib/gcc/pic32c/13.2.1/../../../../pic32c/lib/thumb/v7e-m+dp/hard\libc-musl.a(__sio_printf_deEfFgGnpxX.o)
 .debug_abbrev  0x000021bf      0x17c C:/Program Files/Microchip/xc32/v5.10/bin/bin/../../lib/gcc/pic32c/13.2.1/../../../../pic32c/lib/thumb/v7e-m+dp/hard\libc-musl.a(__fmt_d.o)
 .debug_abbrev  0x0000233b      0x1e8 C:/Program Files/Microchip/xc32/v5.10/bin/bin/../../lib/gcc/pic32c/13.2.1/../../../../pic32c/lib/thumb/v7e-m+dp/hard\libc-musl.a(__fmt_fp.o)
 .debug_abbrev  0x00002523      0x15a C:/Program Files/Microchip/xc32/v5.10/bin/bin/../../lib/gcc/pic32c/13.2.1/../../../../pic32c/lib/thumb/v7e-m+dp/hard\libc-musl.a(__fmt_x.o)
 .debug_abbrev  0x0000267d       0xdc C:/Program Files/Microchip/xc32/v5.10/bin/bin/../../lib/gcc/pic32c/13.2.1/../../../../pic32c/lib/thumb/v7e-m+dp/hard\libc-musl.a(__pop_float.o)
 .debug_abbrev  0x00002759       0xdc C:/Program Files/Microchip/xc32/v5.10/bin/bin/../../lib/gcc/pic32c/13.2.1/../../../../pic32c/lib/thumb/v7e-m+dp/hard\libc-musl.a(__pop_int.o)
 .debug_abbrev  0x00002835       0xed C:/Program Files/Microchip/xc32/v5.10/bin/bin/../../lib/gcc/pic32c/13.2.1/../../../../pic32c/lib/thumb/v7e-m+dp/hard\libc-musl.a(__pop_ptr.o)
 .debug_abbrev  0x00002922      0x33f C:/Program Files/Microchip/xc32/v5.10/bin/bin/../../lib/gcc/pic32c/13.2.1/../../../../pic32c/lib/thumb/v7e-m+dp/hard\libc-musl.a(__printf_core.o)
 .debug_abbrev  0x00002c61      0x161 C:/Program Files/Microchip/xc32/v5.10/bin/bin/../../lib/gcc/pic32c/13.2.1/../../../../pic32c/lib/thumb/v7e-m+dp/hard\libc-musl.a(stdout.o)
 .debug_abbrev  0x00002dc2      0x15a C:/Program Files/Microchip/xc32/v5.10/bin/bin/../../lib/gcc/pic32c/13.2.1/../../../../pic32c/lib/thumb/v7e-m+dp/hard\libc-musl.a(puts.o)
 .debug_abbrev  0x00002f1c       0xc4 C:/Program Files/Microchip/xc32/v5.10/bin/bin/../../lib/gcc/pic32c/13.2.1/../../../../pic32c/lib/thumb/v7e-m+dp/hard\libc-musl.a(atoi.o)
 .debug_abbrev  0x00002fe0      0x108 C:/Program Files/Microchip/xc32/v5.10/bin/bin/../../lib/gcc/pic32c/13.2.1/../../../../pic32c/lib/thumb/v7e-m+dp/hard\libc-musl.a(tolower.o)
 .debug_abbrev  0x000030e8      0x108 C:/Program Files/Microchip/xc32/v5.10/bin/bin/../../lib/gcc/pic32c/13.2.1/../../../../pic32c/lib/thumb/v7e-m+dp/hard\libc-musl.a(toupper.o)
 .debug_abbrev  0x000031f0       0x62 C:/Program Files/Microchip/xc32/v5.10/bin/bin/../../lib/gcc/pic32c/13.2.1/../../../../pic32c/lib/thumb/v7e-m+dp/hard\libc-musl.a(__environ.o)
 .debug_abbrev  0x00003252       0x39 C:/Program Files/Microchip/xc32/v5.10/bin/bin/../../lib/gcc/pic32c/13.2.1/../../../../pic32c/lib/thumb/v7e-m+dp/hard\libc-musl.a(__errno_location.o)
 .debug_abbrev  0x0000328b      0x13a C:/Program Files/Microchip/xc32/v5.10/bin/bin/../../lib/gcc/pic32c/13.2.1/../../../../pic32c/lib/thumb/v7e-m+dp/hard\libc-musl.a(__int_vfprintf.o)
 .debug_abbrev  0x000033c5      0x14c C:/Program Files/Microchip/xc32/v5.10/bin/bin/../../lib/gcc/pic32c/13.2.1/../../../../pic32c/lib/thumb/v7e-m+dp/hard\libc-musl.a(fputs.o)
 .debug_abbrev  0x00003511       0xfe C:/Program Files/Microchip/xc32/v5.10/bin/bin/../../lib/gcc/pic32c/13.2.1/../../../../pic32c/lib/thumb/v7e-m+dp/hard\libc-musl.a(__cvt_u.o)
 .debug_abbrev  0x0000360f      0x149 C:/Program Files/Microchip/xc32/v5.10/bin/bin/../../lib/gcc/pic32c/13.2.1/../../../../pic32c/lib/thumb/v7e-m+dp/hard\libc-musl.a(fwrite.o)
 .debug_abbrev  0x00003758      0x16a C:/Program Files/Microchip/xc32/v5.10/bin/bin/../../lib/gcc/pic32c/13.2.1/../../../../pic32c/lib/thumb/v7e-m+dp/hard\libc-musl.a(putc.o)
 .debug_abbrev  0x000038c2       0x65 C:/Program Files/Microchip/xc32/v5.10/bin/bin/../../lib/gcc/pic32c/13.2.1/../../../../pic32c/lib/thumb/v7e-m+dp/hard\libc-musl.a(__init_stdio.o)
 .debug_abbrev  0x00003927      0x192 C:/Program Files/Microchip/xc32/v5.10/bin/bin/../../lib/gcc/pic32c/13.2.1/../../../../pic32c/lib/thumb/v7e-m+dp/hard\libc-musl.a(__out.o)
 .debug_abbrev  0x00003ab9       0xdd C:/Program Files/Microchip/xc32/v5.10/bin/bin/../../lib/gcc/pic32c/13.2.1/../../../../pic32c/lib/thumb/v7e-m+dp/hard\libpic32c.a(write.o)
 .debug_abbrev  0x00003b96       0xaa C:/Program Files/Microchip/xc32/v5.10/bin/bin/../../lib/gcc/pic32c/13.2.1/../../../../pic32c/lib/thumb/v7e-m+dp/hard\libc-size-musl.a(memcpy.o)
 .debug_abbrev  0x00003c40       0xa2 C:/Program Files/Microchip/xc32/v5.10/bin/bin/../../lib/gcc/pic32c/13.2.1/../../../../pic32c/lib/thumb/v7e-m+dp/hard\libc-size-musl.a(memset.o)
 .debug_abbrev  0x00003ce2       0x91 C:/Program Files/Microchip/xc32/v5.10/bin/bin/../../lib/gcc/pic32c/13.2.1/../../../../pic32c/lib/thumb/v7e-m+dp/hard\libc-size-musl.a(strlen.o)
 .debug_abbrev  0x00003d73       0xb5 C:/Program Files/Microchip/xc32/v5.10/bin/bin/../../lib/gcc/pic32c/13.2.1/../../../../pic32c/lib/thumb/v7e-m+dp/hard\libc-size-musl.a(strcpy.o)
 .debug_abbrev  0x00003e28       0x6e C:/Program Files/Microchip/xc32/v5.10/bin/bin/../../lib/gcc/pic32c/13.2.1/../../../../pic32c/lib/thumb/v7e-m+dp/hard\libc-size-musl.a(stpcpy.o)
 .debug_abbrev  0x00003e96       0x21 C:/Program Files/Microchip/xc32/v5.10/bin/bin/../../lib/gcc/pic32c/13.2.1/thumb/v7e-m+dp/hard\libgcc.a(_aeabi_uldivmod.o)
 .debug_abbrev  0x00003eb7      0x163 C:/Program Files/Microchip/xc32/v5.10/bin/bin/../../lib/gcc/pic32c/13.2.1/thumb/v7e-m+dp/hard\libgcc.a(_udivmoddi4.o)
 .debug_abbrev  0x0000401a       0x1f C:/Program Files/Microchip/xc32/v5.10/bin/bin/../../lib/gcc/pic32c/13.2.1/thumb/v7e-m+dp/hard\libgcc.a(_dvmd_tls.o)
 .debug_abbrev  0x00004039       0xa2 C:/Program Files/Microchip/xc32/v5.10/bin/bin/../../lib/gcc/pic32c/13.2.1/../../../../pic32c/lib/thumb/v7e-m+dp/hard\libpic32c.a(pic32_data_init_clear.o)
 .debug_abbrev  0x000040db       0xca C:/Program Files/Microchip/xc32/v5.10/bin/bin/../../lib/gcc/pic32c/13.2.1/../../../../pic32c/lib/thumb/v7e-m+dp/hard\libpic32c.a(pic32_data_init_copy.o)

.debug_loc      0x00000000     0x4baf
 .debug_loc     0x00000000       0x8b build/default/production/src/app/init.o
 .debug_loc     0x0000008b      0x24a build/default/production/src/app/modeSelecter.o
 .debug_loc     0x000002d5       0x78 build/default/production/src/app/sensors.o
 .debug_loc     0x0000034d      0x286 build/default/production/src/drivers/i2c_driver.o
 .debug_loc     0x000005d3      0x193 build/default/production/src/drivers/usart_driver.o
 .debug_loc     0x00000766      0x199 build/default/production/src/hal/hal_i2c.o
 .debug_loc     0x000008ff      0x2d2 build/default/production/src/hal/hal_qspi.o
 .debug_loc     0x00000bd1       0x15 build/default/production/src/hal/hal_usart.o
 .debug_loc     0x00000be6       0x15 build/default/production/src/hal/hal_debug_uart.o
 .debug_loc     0x00000bfb       0x3a build/default/production/src/peripherals/eps.o
 .debug_loc     0x00000c35       0x9a build/default/production/src/peripherals/gnss.o
 .debug_loc     0x00000ccf       0x3a build/default/production/src/peripherals/imu.o
 .debug_loc     0x00000d09       0xb7 build/default/production/src/peripherals/pressure.o
 .debug_loc     0x00000dc0       0x3a build/default/production/src/peripherals/temperature.o
 .debug_loc     0x00000dfa      0x487 build/default/production/src/peripherals/ttc.o
 .debug_loc     0x00001281       0x75 build/default/production/src/main.o
 .debug_loc     0x000012f6      0x113 C:/Program Files/Microchip/xc32/v5.10/bin/bin/../../lib/gcc/pic32c/13.2.1/../../../../pic32c/lib/thumb/v7e-m+dp/hard\libpic32c.a(data_init.o)
 .debug_loc     0x00001409       0x51 C:/Program Files/Microchip/xc32/v5.10/bin/bin/../../lib/gcc/pic32c/13.2.1/../../../../pic32c/lib/thumb/v7e-m+dp/hard\libc-musl.a(__libc_start_main.o)
 .debug_loc     0x0000145a       0x91 C:/Program Files/Microchip/xc32/v5.10/bin/bin/../../lib/gcc/pic32c/13.2.1/../../../../pic32c/lib/thumb/v7e-m+dp/hard\libc-musl.a(__sio_printf_deEfFgGnpxX.o)
 .debug_loc     0x000014eb      0x196 C:/Program Files/Microchip/xc32/v5.10/bin/bin/../../lib/gcc/pic32c/13.2.1/../../../../pic32c/lib/thumb/v7e-m+dp/hard\libc-musl.a(__fmt_d.o)
 .debug_loc     0x00001681      0xb88 C:/Program Files/Microchip/xc32/v5.10/bin/bin/../../lib/gcc/pic32c/13.2.1/../../../../pic32c/lib/thumb/v7e-m+dp/hard\libc-musl.a(__fmt_fp.o)
 .debug_loc     0x00002209      0x2c6 C:/Program Files/Microchip/xc32/v5.10/bin/bin/../../lib/gcc/pic32c/13.2.1/../../../../pic32c/lib/thumb/v7e-m+dp/hard\libc-musl.a(__fmt_x.o)
 .debug_loc     0x000024cf       0xa4 C:/Program Files/Microchip/xc32/v5.10/bin/bin/../../lib/gcc/pic32c/13.2.1/../../../../pic32c/lib/thumb/v7e-m+dp/hard\libc-musl.a(__pop_float.o)
 .debug_loc     0x00002573      0x36f C:/Program Files/Microchip/xc32/v5.10/bin/bin/../../lib/gcc/pic32c/13.2.1/../../../../pic32c/lib/thumb/v7e-m+dp/hard\libc-musl.a(__pop_int.o)
 .debug_loc     0x000028e2      0x157 C:/Program Files/Microchip/xc32/v5.10/bin/bin/../../lib/gcc/pic32c/13.2.1/../../../../pic32c/lib/thumb/v7e-m+dp/hard\libc-musl.a(__pop_ptr.o)
 .debug_loc     0x00002a39      0x5f4 C:/Program Files/Microchip/xc32/v5.10/bin/bin/../../lib/gcc/pic32c/13.2.1/../../../../pic32c/lib/thumb/v7e-m+dp/hard\libc-musl.a(__printf_core.o)
 .debug_loc     0x0000302d       0x20 C:/Program Files/Microchip/xc32/v5.10/bin/bin/../../lib/gcc/pic32c/13.2.1/../../../../pic32c/lib/thumb/v7e-m+dp/hard\libc-musl.a(stdout.o)
 .debug_loc     0x0000304d       0x70 C:/Program Files/Microchip/xc32/v5.10/bin/bin/../../lib/gcc/pic32c/13.2.1/../../../../pic32c/lib/thumb/v7e-m+dp/hard\libc-musl.a(puts.o)
 .debug_loc     0x000030bd       0x9e C:/Program Files/Microchip/xc32/v5.10/bin/bin/../../lib/gcc/pic32c/13.2.1/../../../../pic32c/lib/thumb/v7e-m+dp/hard\libc-musl.a(atoi.o)
 .debug_loc     0x0000315b       0x50 C:/Program Files/Microchip/xc32/v5.10/bin/bin/../../lib/gcc/pic32c/13.2.1/../../../../pic32c/lib/thumb/v7e-m+dp/hard\libc-musl.a(tolower.o)
 .debug_loc     0x000031ab       0x50 C:/Program Files/Microchip/xc32/v5.10/bin/bin/../../lib/gcc/pic32c/13.2.1/../../../../pic32c/lib/thumb/v7e-m+dp/hard\libc-musl.a(toupper.o)
 .debug_loc     0x000031fb       0xa3 C:/Program Files/Microchip/xc32/v5.10/bin/bin/../../lib/gcc/pic32c/13.2.1/../../../../pic32c/lib/thumb/v7e-m+dp/hard\libc-musl.a(__int_vfprintf.o)
 .debug_loc     0x0000329e       0x93 C:/Program Files/Microchip/xc32/v5.10/bin/bin/../../lib/gcc/pic32c/13.2.1/../../../../pic32c/lib/thumb/v7e-m+dp/hard\libc-musl.a(fputs.o)
 .debug_loc     0x00003331      0x18a C:/Program Files/Microchip/xc32/v5.10/bin/bin/../../lib/gcc/pic32c/13.2.1/../../../../pic32c/lib/thumb/v7e-m+dp/hard\libc-musl.a(__cvt_u.o)
 .debug_loc     0x000034bb      0x192 C:/Program Files/Microchip/xc32/v5.10/bin/bin/../../lib/gcc/pic32c/13.2.1/../../../../pic32c/lib/thumb/v7e-m+dp/hard\libc-musl.a(fwrite.o)
 .debug_loc     0x0000364d      0x134 C:/Program Files/Microchip/xc32/v5.10/bin/bin/../../lib/gcc/pic32c/13.2.1/../../../../pic32c/lib/thumb/v7e-m+dp/hard\libc-musl.a(putc.o)
 .debug_loc     0x00003781       0x20 C:/Program Files/Microchip/xc32/v5.10/bin/bin/../../lib/gcc/pic32c/13.2.1/../../../../pic32c/lib/thumb/v7e-m+dp/hard\libc-musl.a(__init_stdio.o)
 .debug_loc     0x000037a1      0x1fd C:/Program Files/Microchip/xc32/v5.10/bin/bin/../../lib/gcc/pic32c/13.2.1/../../../../pic32c/lib/thumb/v7e-m+dp/hard\libc-musl.a(__out.o)
 .debug_loc     0x0000399e      0x1ab C:/Program Files/Microchip/xc32/v5.10/bin/bin/../../lib/gcc/pic32c/13.2.1/../../../../pic32c/lib/thumb/v7e-m+dp/hard\libpic32c.a(write.o)
 .debug_loc     0x00003b49      0x10b C:/Program Files/Microchip/xc32/v5.10/bin/bin/../../lib/gcc/pic32c/13.2.1/../../../../pic32c/lib/thumb/v7e-m+dp/hard\libc-size-musl.a(memcpy.o)
 .debug_loc     0x00003c54       0xa5 C:/Program Files/Microchip/xc32/v5.10/bin/bin/../../lib/gcc/pic32c/13.2.1/../../../../pic32c/lib/thumb/v7e-m+dp/hard\libc-size-musl.a(memset.o)
 .debug_loc     0x00003cf9       0xaf C:/Program Files/Microchip/xc32/v5.10/bin/bin/../../lib/gcc/pic32c/13.2.1/../../../../pic32c/lib/thumb/v7e-m+dp/hard\libc-size-musl.a(strlen.o)
 .debug_loc     0x00003da8       0x6d C:/Program Files/Microchip/xc32/v5.10/bin/bin/../../lib/gcc/pic32c/13.2.1/../../../../pic32c/lib/thumb/v7e-m+dp/hard\libc-size-musl.a(strcpy.o)
 .debug_loc     0x00003e15       0x6d C:/Program Files/Microchip/xc32/v5.10/bin/bin/../../lib/gcc/pic32c/13.2.1/../../../../pic32c/lib/thumb/v7e-m+dp/hard\libc-size-musl.a(stpcpy.o)
 .debug_loc     0x00003e82      0xba8 C:/Program Files/Microchip/xc32/v5.10/bin/bin/../../lib/gcc/pic32c/13.2.1/thumb/v7e-m+dp/hard\libgcc.a(_udivmoddi4.o)
 .debug_loc     0x00004a2a       0x94 C:/Program Files/Microchip/xc32/v5.10/bin/bin/../../lib/gcc/pic32c/13.2.1/../../../../pic32c/lib/thumb/v7e-m+dp/hard\libpic32c.a(pic32_data_init_clear.o)
 .debug_loc     0x00004abe       0xf1 C:/Program Files/Microchip/xc32/v5.10/bin/bin/../../lib/gcc/pic32c/13.2.1/../../../../pic32c/lib/thumb/v7e-m+dp/hard\libpic32c.a(pic32_data_init_copy.o)

.debug_aranges  0x00000000      0xa10
 .debug_aranges
                0x00000000       0x20 build/default/production/src/app/init.o
 .debug_aranges
                0x00000020       0x18 build/default/production/src/app/mission.o
 .debug_aranges
                0x00000038       0x58 build/default/production/src/app/modeSelecter.o
 .debug_aranges
                0x00000090       0x30 build/default/production/src/app/sensors.o
 .debug_aranges
                0x000000c0       0x28 build/default/production/src/drivers/i2c_driver.o
 .debug_aranges
                0x000000e8       0x38 build/default/production/src/drivers/usart_driver.o
 .debug_aranges
                0x00000120       0x20 build/default/production/src/hal/hal_gpio.o
 .debug_aranges
                0x00000140       0x90 build/default/production/src/hal/hal_i2c.o
 .debug_aranges
                0x000001d0       0x50 build/default/production/src/hal/hal_peripherals_init.o
 .debug_aranges
                0x00000220       0x58 build/default/production/src/hal/hal_qspi.o
 .debug_aranges
                0x00000278       0x58 build/default/production/src/hal/hal_spi.o
 .debug_aranges
                0x000002d0       0x58 build/default/production/src/hal/hal_system.o
 .debug_aranges
                0x00000328       0x40 build/default/production/src/hal/hal_usart.o
 .debug_aranges
                0x00000368       0x28 build/default/production/src/hal/hal_debug_uart.o
 .debug_aranges
                0x00000390       0x30 build/default/production/src/peripherals/eps.o
 .debug_aranges
                0x000003c0       0x38 build/default/production/src/peripherals/gnss.o
 .debug_aranges
                0x000003f8       0x30 build/default/production/src/peripherals/imu.o
 .debug_aranges
                0x00000428       0x30 build/default/production/src/peripherals/pressure.o
 .debug_aranges
                0x00000458       0x30 build/default/production/src/peripherals/temperature.o
 .debug_aranges
                0x00000488       0x38 build/default/production/src/peripherals/ttc.o
 .debug_aranges
                0x000004c0       0x20 build/default/production/src/main.o
 .debug_aranges
                0x000004e0       0x30 build/default/production/src/hal/hal_systick.o
 .debug_aranges
                0x00000510       0x30 C:/Program Files/Microchip/xc32/v5.10/bin/bin/../../lib/gcc/pic32c/13.2.1/../../../../pic32c/lib/thumb/v7e-m+dp/hard\libpic32c.a(data_init.o)
 .debug_aranges
                0x00000540       0x28 C:/Program Files/Microchip/xc32/v5.10/bin/bin/../../lib/gcc/pic32c/13.2.1/../../../../pic32c/lib/thumb/v7e-m+dp/hard\libc-musl.a(__libc_start_main.o)
 .debug_aranges
                0x00000568       0x18 C:/Program Files/Microchip/xc32/v5.10/bin/bin/../../lib/gcc/pic32c/13.2.1/../../../../pic32c/lib/thumb/v7e-m+dp/hard\libc-musl.a(libc.o)
 .debug_aranges
                0x00000580       0x28 C:/Program Files/Microchip/xc32/v5.10/bin/bin/../../lib/gcc/pic32c/13.2.1/../../../../pic32c/lib/thumb/v7e-m+dp/hard\libc-musl.a(__sio_printf_deEfFgGnpxX.o)
 .debug_aranges
                0x000005a8       0x20 C:/Program Files/Microchip/xc32/v5.10/bin/bin/../../lib/gcc/pic32c/13.2.1/../../../../pic32c/lib/thumb/v7e-m+dp/hard\libc-musl.a(__fmt_d.o)
 .debug_aranges
                0x000005c8       0x20 C:/Program Files/Microchip/xc32/v5.10/bin/bin/../../lib/gcc/pic32c/13.2.1/../../../../pic32c/lib/thumb/v7e-m+dp/hard\libc-musl.a(__fmt_fp.o)
 .debug_aranges
                0x000005e8       0x20 C:/Program Files/Microchip/xc32/v5.10/bin/bin/../../lib/gcc/pic32c/13.2.1/../../../../pic32c/lib/thumb/v7e-m+dp/hard\libc-musl.a(__fmt_x.o)
 .debug_aranges
                0x00000608       0x20 C:/Program Files/Microchip/xc32/v5.10/bin/bin/../../lib/gcc/pic32c/13.2.1/../../../../pic32c/lib/thumb/v7e-m+dp/hard\libc-musl.a(__pop_float.o)
 .debug_aranges
                0x00000628       0x20 C:/Program Files/Microchip/xc32/v5.10/bin/bin/../../lib/gcc/pic32c/13.2.1/../../../../pic32c/lib/thumb/v7e-m+dp/hard\libc-musl.a(__pop_int.o)
 .debug_aranges
                0x00000648       0x20 C:/Program Files/Microchip/xc32/v5.10/bin/bin/../../lib/gcc/pic32c/13.2.1/../../../../pic32c/lib/thumb/v7e-m+dp/hard\libc-musl.a(__pop_ptr.o)
 .debug_aranges
                0x00000668       0x50 C:/Program Files/Microchip/xc32/v5.10/bin/bin/../../lib/gcc/pic32c/13.2.1/../../../../pic32c/lib/thumb/v7e-m+dp/hard\libc-musl.a(__printf_core.o)
 .debug_aranges
                0x000006b8       0x30 C:/Program Files/Microchip/xc32/v5.10/bin/bin/../../lib/gcc/pic32c/13.2.1/../../../../pic32c/lib/thumb/v7e-m+dp/hard\libc-musl.a(stdout.o)
 .debug_aranges
                0x000006e8       0x20 C:/Program Files/Microchip/xc32/v5.10/bin/bin/../../lib/gcc/pic32c/13.2.1/../../../../pic32c/lib/thumb/v7e-m+dp/hard\libc-musl.a(puts.o)
 .debug_aranges
                0x00000708       0x20 C:/Program Files/Microchip/xc32/v5.10/bin/bin/../../lib/gcc/pic32c/13.2.1/../../../../pic32c/lib/thumb/v7e-m+dp/hard\libc-musl.a(atoi.o)
 .debug_aranges
                0x00000728       0x28 C:/Program Files/Microchip/xc32/v5.10/bin/bin/../../lib/gcc/pic32c/13.2.1/../../../../pic32c/lib/thumb/v7e-m+dp/hard\libc-musl.a(tolower.o)
 .debug_aranges
                0x00000750       0x28 C:/Program Files/Microchip/xc32/v5.10/bin/bin/../../lib/gcc/pic32c/13.2.1/../../../../pic32c/lib/thumb/v7e-m+dp/hard\libc-musl.a(toupper.o)
 .debug_aranges
                0x00000778       0x18 C:/Program Files/Microchip/xc32/v5.10/bin/bin/../../lib/gcc/pic32c/13.2.1/../../../../pic32c/lib/thumb/v7e-m+dp/hard\libc-musl.a(__environ.o)
 .debug_aranges
                0x00000790       0x18 C:/Program Files/Microchip/xc32/v5.10/bin/bin/../../lib/gcc/pic32c/13.2.1/../../../../pic32c/lib/thumb/v7e-m+dp/hard\libc-musl.a(__errno_location.o)
 .debug_aranges
                0x000007a8       0x20 C:/Program Files/Microchip/xc32/v5.10/bin/bin/../../lib/gcc/pic32c/13.2.1/../../../../pic32c/lib/thumb/v7e-m+dp/hard\libc-musl.a(__int_vfprintf.o)
 .debug_aranges
                0x000007c8       0x20 C:/Program Files/Microchip/xc32/v5.10/bin/bin/../../lib/gcc/pic32c/13.2.1/../../../../pic32c/lib/thumb/v7e-m+dp/hard\libc-musl.a(fputs.o)
 .debug_aranges
                0x000007e8       0x20 C:/Program Files/Microchip/xc32/v5.10/bin/bin/../../lib/gcc/pic32c/13.2.1/../../../../pic32c/lib/thumb/v7e-m+dp/hard\libc-musl.a(__cvt_u.o)
 .debug_aranges
                0x00000808       0x28 C:/Program Files/Microchip/xc32/v5.10/bin/bin/../../lib/gcc/pic32c/13.2.1/../../../../pic32c/lib/thumb/v7e-m+dp/hard\libc-musl.a(fwrite.o)
 .debug_aranges
                0x00000830       0x30 C:/Program Files/Microchip/xc32/v5.10/bin/bin/../../lib/gcc/pic32c/13.2.1/../../../../pic32c/lib/thumb/v7e-m+dp/hard\libc-musl.a(putc.o)
 .debug_aranges
                0x00000860       0x28 C:/Program Files/Microchip/xc32/v5.10/bin/bin/../../lib/gcc/pic32c/13.2.1/../../../../pic32c/lib/thumb/v7e-m+dp/hard\libc-musl.a(__init_stdio.o)
 .debug_aranges
                0x00000888       0x28 C:/Program Files/Microchip/xc32/v5.10/bin/bin/../../lib/gcc/pic32c/13.2.1/../../../../pic32c/lib/thumb/v7e-m+dp/hard\libc-musl.a(__out.o)
 .debug_aranges
                0x000008b0       0x20 C:/Program Files/Microchip/xc32/v5.10/bin/bin/../../lib/gcc/pic32c/13.2.1/../../../../pic32c/lib/thumb/v7e-m+dp/hard\libpic32c.a(write.o)
 .debug_aranges
                0x000008d0       0x20 C:/Program Files/Microchip/xc32/v5.10/bin/bin/../../lib/gcc/pic32c/13.2.1/../../../../pic32c/lib/thumb/v7e-m+dp/hard\libc-size-musl.a(memcpy.o)
 .debug_aranges
                0x000008f0       0x20 C:/Program Files/Microchip/xc32/v5.10/bin/bin/../../lib/gcc/pic32c/13.2.1/../../../../pic32c/lib/thumb/v7e-m+dp/hard\libc-size-musl.a(memset.o)
 .debug_aranges
                0x00000910       0x20 C:/Program Files/Microchip/xc32/v5.10/bin/bin/../../lib/gcc/pic32c/13.2.1/../../../../pic32c/lib/thumb/v7e-m+dp/hard\libc-size-musl.a(strlen.o)
 .debug_aranges
                0x00000930       0x20 C:/Program Files/Microchip/xc32/v5.10/bin/bin/../../lib/gcc/pic32c/13.2.1/../../../../pic32c/lib/thumb/v7e-m+dp/hard\libc-size-musl.a(strcpy.o)
 .debug_aranges
                0x00000950       0x20 C:/Program Files/Microchip/xc32/v5.10/bin/bin/../../lib/gcc/pic32c/13.2.1/../../../../pic32c/lib/thumb/v7e-m+dp/hard\libc-size-musl.a(stpcpy.o)
 .debug_aranges
                0x00000970       0x20 C:/Program Files/Microchip/xc32/v5.10/bin/bin/../../lib/gcc/pic32c/13.2.1/thumb/v7e-m+dp/hard\libgcc.a(_aeabi_uldivmod.o)
 .debug_aranges
                0x00000990       0x20 C:/Program Files/Microchip/xc32/v5.10/bin/bin/../../lib/gcc/pic32c/13.2.1/thumb/v7e-m+dp/hard\libgcc.a(_udivmoddi4.o)
 .debug_aranges
                0x000009b0       0x20 C:/Program Files/Microchip/xc32/v5.10/bin/bin/../../lib/gcc/pic32c/13.2.1/thumb/v7e-m+dp/hard\libgcc.a(_dvmd_tls.o)
 .debug_aranges
                0x000009d0       0x20 C:/Program Files/Microchip/xc32/v5.10/bin/bin/../../lib/gcc/pic32c/13.2.1/../../../../pic32c/lib/thumb/v7e-m+dp/hard\libpic32c.a(pic32_data_init_clear.o)
 .debug_aranges
                0x000009f0       0x20 C:/Program Files/Microchip/xc32/v5.10/bin/bin/../../lib/gcc/pic32c/13.2.1/../../../../pic32c/lib/thumb/v7e-m+dp/hard\libpic32c.a(pic32_data_init_copy.o)

.debug_ranges   0x00000000      0x7a8
 .debug_ranges  0x00000000       0x30 build/default/production/src/app/init.o
 .debug_ranges  0x00000030       0x48 build/default/production/src/app/modeSelecter.o
 .debug_ranges  0x00000078       0x20 build/default/production/src/app/sensors.o
 .debug_ranges  0x00000098       0x30 build/default/production/src/drivers/i2c_driver.o
 .debug_ranges  0x000000c8       0x28 build/default/production/src/drivers/usart_driver.o
 .debug_ranges  0x000000f0       0x10 build/default/production/src/hal/hal_gpio.o
 .debug_ranges  0x00000100       0xb0 build/default/production/src/hal/hal_i2c.o
 .debug_ranges  0x000001b0       0x40 build/default/production/src/hal/hal_peripherals_init.o
 .debug_ranges  0x000001f0       0x48 build/default/production/src/hal/hal_qspi.o
 .debug_ranges  0x00000238       0x48 build/default/production/src/hal/hal_spi.o
 .debug_ranges  0x00000280       0x48 build/default/production/src/hal/hal_system.o
 .debug_ranges  0x000002c8       0x30 build/default/production/src/hal/hal_usart.o
 .debug_ranges  0x000002f8       0x18 build/default/production/src/hal/hal_debug_uart.o
 .debug_ranges  0x00000310       0x20 build/default/production/src/peripherals/eps.o
 .debug_ranges  0x00000330       0x28 build/default/production/src/peripherals/gnss.o
 .debug_ranges  0x00000358       0x20 build/default/production/src/peripherals/imu.o
 .debug_ranges  0x00000378       0x20 build/default/production/src/peripherals/pressure.o
 .debug_ranges  0x00000398       0x20 build/default/production/src/peripherals/temperature.o
 .debug_ranges  0x000003b8       0x40 build/default/production/src/peripherals/ttc.o
 .debug_ranges  0x000003f8       0x10 build/default/production/src/main.o
 .debug_ranges  0x00000408       0x20 build/default/production/src/hal/hal_systick.o
 .debug_ranges  0x00000428       0x20 C:/Program Files/Microchip/xc32/v5.10/bin/bin/../../lib/gcc/pic32c/13.2.1/../../../../pic32c/lib/thumb/v7e-m+dp/hard\libpic32c.a(data_init.o)
 .debug_ranges  0x00000448       0x40 C:/Program Files/Microchip/xc32/v5.10/bin/bin/../../lib/gcc/pic32c/13.2.1/../../../../pic32c/lib/thumb/v7e-m+dp/hard\libc-musl.a(__libc_start_main.o)
 .debug_ranges  0x00000488       0x18 C:/Program Files/Microchip/xc32/v5.10/bin/bin/../../lib/gcc/pic32c/13.2.1/../../../../pic32c/lib/thumb/v7e-m+dp/hard\libc-musl.a(__sio_printf_deEfFgGnpxX.o)
 .debug_ranges  0x000004a0       0x10 C:/Program Files/Microchip/xc32/v5.10/bin/bin/../../lib/gcc/pic32c/13.2.1/../../../../pic32c/lib/thumb/v7e-m+dp/hard\libc-musl.a(__fmt_d.o)
 .debug_ranges  0x000004b0       0x10 C:/Program Files/Microchip/xc32/v5.10/bin/bin/../../lib/gcc/pic32c/13.2.1/../../../../pic32c/lib/thumb/v7e-m+dp/hard\libc-musl.a(__fmt_fp.o)
 .debug_ranges  0x000004c0       0x10 C:/Program Files/Microchip/xc32/v5.10/bin/bin/../../lib/gcc/pic32c/13.2.1/../../../../pic32c/lib/thumb/v7e-m+dp/hard\libc-musl.a(__fmt_x.o)
 .debug_ranges  0x000004d0       0x10 C:/Program Files/Microchip/xc32/v5.10/bin/bin/../../lib/gcc/pic32c/13.2.1/../../../../pic32c/lib/thumb/v7e-m+dp/hard\libc-musl.a(__pop_float.o)
 .debug_ranges  0x000004e0       0x10 C:/Program Files/Microchip/xc32/v5.10/bin/bin/../../lib/gcc/pic32c/13.2.1/../../../../pic32c/lib/thumb/v7e-m+dp/hard\libc-musl.a(__pop_int.o)
 .debug_ranges  0x000004f0       0x10 C:/Program Files/Microchip/xc32/v5.10/bin/bin/../../lib/gcc/pic32c/13.2.1/../../../../pic32c/lib/thumb/v7e-m+dp/hard\libc-musl.a(__pop_ptr.o)
 .debug_ranges  0x00000500       0x58 C:/Program Files/Microchip/xc32/v5.10/bin/bin/../../lib/gcc/pic32c/13.2.1/../../../../pic32c/lib/thumb/v7e-m+dp/hard\libc-musl.a(__printf_core.o)
 .debug_ranges  0x00000558       0x20 C:/Program Files/Microchip/xc32/v5.10/bin/bin/../../lib/gcc/pic32c/13.2.1/../../../../pic32c/lib/thumb/v7e-m+dp/hard\libc-musl.a(stdout.o)
 .debug_ranges  0x00000578       0x10 C:/Program Files/Microchip/xc32/v5.10/bin/bin/../../lib/gcc/pic32c/13.2.1/../../../../pic32c/lib/thumb/v7e-m+dp/hard\libc-musl.a(puts.o)
 .debug_ranges  0x00000588       0x28 C:/Program Files/Microchip/xc32/v5.10/bin/bin/../../lib/gcc/pic32c/13.2.1/../../../../pic32c/lib/thumb/v7e-m+dp/hard\libc-musl.a(atoi.o)
 .debug_ranges  0x000005b0       0x18 C:/Program Files/Microchip/xc32/v5.10/bin/bin/../../lib/gcc/pic32c/13.2.1/../../../../pic32c/lib/thumb/v7e-m+dp/hard\libc-musl.a(tolower.o)
 .debug_ranges  0x000005c8       0x18 C:/Program Files/Microchip/xc32/v5.10/bin/bin/../../lib/gcc/pic32c/13.2.1/../../../../pic32c/lib/thumb/v7e-m+dp/hard\libc-musl.a(toupper.o)
 .debug_ranges  0x000005e0       0x10 C:/Program Files/Microchip/xc32/v5.10/bin/bin/../../lib/gcc/pic32c/13.2.1/../../../../pic32c/lib/thumb/v7e-m+dp/hard\libc-musl.a(__int_vfprintf.o)
 .debug_ranges  0x000005f0       0x10 C:/Program Files/Microchip/xc32/v5.10/bin/bin/../../lib/gcc/pic32c/13.2.1/../../../../pic32c/lib/thumb/v7e-m+dp/hard\libc-musl.a(fputs.o)
 .debug_ranges  0x00000600       0x10 C:/Program Files/Microchip/xc32/v5.10/bin/bin/../../lib/gcc/pic32c/13.2.1/../../../../pic32c/lib/thumb/v7e-m+dp/hard\libc-musl.a(__cvt_u.o)
 .debug_ranges  0x00000610       0x18 C:/Program Files/Microchip/xc32/v5.10/bin/bin/../../lib/gcc/pic32c/13.2.1/../../../../pic32c/lib/thumb/v7e-m+dp/hard\libc-musl.a(fwrite.o)
 .debug_ranges  0x00000628       0x20 C:/Program Files/Microchip/xc32/v5.10/bin/bin/../../lib/gcc/pic32c/13.2.1/../../../../pic32c/lib/thumb/v7e-m+dp/hard\libc-musl.a(putc.o)
 .debug_ranges  0x00000648       0x18 C:/Program Files/Microchip/xc32/v5.10/bin/bin/../../lib/gcc/pic32c/13.2.1/../../../../pic32c/lib/thumb/v7e-m+dp/hard\libc-musl.a(__init_stdio.o)
 .debug_ranges  0x00000660       0x18 C:/Program Files/Microchip/xc32/v5.10/bin/bin/../../lib/gcc/pic32c/13.2.1/../../../../pic32c/lib/thumb/v7e-m+dp/hard\libc-musl.a(__out.o)
 .debug_ranges  0x00000678       0x10 C:/Program Files/Microchip/xc32/v5.10/bin/bin/../../lib/gcc/pic32c/13.2.1/../../../../pic32c/lib/thumb/v7e-m+dp/hard\libpic32c.a(write.o)
 .debug_ranges  0x00000688       0x10 C:/Program Files/Microchip/xc32/v5.10/bin/bin/../../lib/gcc/pic32c/13.2.1/../../../../pic32c/lib/thumb/v7e-m+dp/hard\libc-size-musl.a(memcpy.o)
 .debug_ranges  0x00000698       0x10 C:/Program Files/Microchip/xc32/v5.10/bin/bin/../../lib/gcc/pic32c/13.2.1/../../../../pic32c/lib/thumb/v7e-m+dp/hard\libc-size-musl.a(memset.o)
 .debug_ranges  0x000006a8       0x10 C:/Program Files/Microchip/xc32/v5.10/bin/bin/../../lib/gcc/pic32c/13.2.1/../../../../pic32c/lib/thumb/v7e-m+dp/hard\libc-size-musl.a(strlen.o)
 .debug_ranges  0x000006b8       0x10 C:/Program Files/Microchip/xc32/v5.10/bin/bin/../../lib/gcc/pic32c/13.2.1/../../../../pic32c/lib/thumb/v7e-m+dp/hard\libc-size-musl.a(strcpy.o)
 .debug_ranges  0x000006c8       0x10 C:/Program Files/Microchip/xc32/v5.10/bin/bin/../../lib/gcc/pic32c/13.2.1/../../../../pic32c/lib/thumb/v7e-m+dp/hard\libc-size-musl.a(stpcpy.o)
 .debug_ranges  0x000006d8       0xb0 C:/Program Files/Microchip/xc32/v5.10/bin/bin/../../lib/gcc/pic32c/13.2.1/thumb/v7e-m+dp/hard\libgcc.a(_udivmoddi4.o)
 .debug_ranges  0x00000788       0x10 C:/Program Files/Microchip/xc32/v5.10/bin/bin/../../lib/gcc/pic32c/13.2.1/../../../../pic32c/lib/thumb/v7e-m+dp/hard\libpic32c.a(pic32_data_init_clear.o)
 .debug_ranges  0x00000798       0x10 C:/Program Files/Microchip/xc32/v5.10/bin/bin/../../lib/gcc/pic32c/13.2.1/../../../../pic32c/lib/thumb/v7e-m+dp/hard\libpic32c.a(pic32_data_init_copy.o)

.debug_line     0x00000000     0x71fd
 .debug_line    0x00000000      0x33f build/default/production/src/app/init.o
 .debug_line    0x0000033f       0x94 build/default/production/src/app/mission.o
 .debug_line    0x000003d3      0x2ed build/default/production/src/app/modeSelecter.o
 .debug_line    0x000006c0      0x1e6 build/default/production/src/app/sensors.o
 .debug_line    0x000008a6      0x3dd build/default/production/src/drivers/i2c_driver.o
 .debug_line    0x00000c83      0x309 build/default/production/src/drivers/usart_driver.o
 .debug_line    0x00000f8c       0x96 build/default/production/src/hal/hal_gpio.o
 .debug_line    0x00001022      0x386 build/default/production/src/hal/hal_i2c.o
 .debug_line    0x000013a8      0x136 build/default/production/src/hal/hal_peripherals_init.o
 .debug_line    0x000014de      0x359 build/default/production/src/hal/hal_qspi.o
 .debug_line    0x00001837      0x1b6 build/default/production/src/hal/hal_spi.o
 .debug_line    0x000019ed       0xec build/default/production/src/hal/hal_system.o
 .debug_line    0x00001ad9      0x17c build/default/production/src/hal/hal_usart.o
 .debug_line    0x00001c55      0x19f build/default/production/src/hal/hal_debug_uart.o
 .debug_line    0x00001df4      0x19f build/default/production/src/peripherals/eps.o
 .debug_line    0x00001f93      0x204 build/default/production/src/peripherals/gnss.o
 .debug_line    0x00002197      0x202 build/default/production/src/peripherals/imu.o
 .debug_line    0x00002399      0x19a build/default/production/src/peripherals/pressure.o
 .debug_line    0x00002533      0x19e build/default/production/src/peripherals/temperature.o
 .debug_line    0x000026d1      0x43a build/default/production/src/peripherals/ttc.o
 .debug_line    0x00002b0b      0x1b9 build/default/production/src/main.o
 .debug_line    0x00002cc4       0xe5 build/default/production/src/hal/hal_systick.o
 .debug_line    0x00002da9      0x163 C:/Program Files/Microchip/xc32/v5.10/bin/bin/../../lib/gcc/pic32c/13.2.1/../../../../pic32c/lib/thumb/v7e-m+dp/hard\libpic32c.a(data_init.o)
 .debug_line    0x00002f0c      0x1da C:/Program Files/Microchip/xc32/v5.10/bin/bin/../../lib/gcc/pic32c/13.2.1/../../../../pic32c/lib/thumb/v7e-m+dp/hard\libc-musl.a(__libc_start_main.o)
 .debug_line    0x000030e6       0xb5 C:/Program Files/Microchip/xc32/v5.10/bin/bin/../../lib/gcc/pic32c/13.2.1/../../../../pic32c/lib/thumb/v7e-m+dp/hard\libc-musl.a(libc.o)
 .debug_line    0x0000319b      0x222 C:/Program Files/Microchip/xc32/v5.10/bin/bin/../../lib/gcc/pic32c/13.2.1/../../../../pic32c/lib/thumb/v7e-m+dp/hard\libc-musl.a(__sio_printf_deEfFgGnpxX.o)
 .debug_line    0x000033bd      0x217 C:/Program Files/Microchip/xc32/v5.10/bin/bin/../../lib/gcc/pic32c/13.2.1/../../../../pic32c/lib/thumb/v7e-m+dp/hard\libc-musl.a(__fmt_d.o)
 .debug_line    0x000035d4      0x71f C:/Program Files/Microchip/xc32/v5.10/bin/bin/../../lib/gcc/pic32c/13.2.1/../../../../pic32c/lib/thumb/v7e-m+dp/hard\libc-musl.a(__fmt_fp.o)
 .debug_line    0x00003cf3      0x304 C:/Program Files/Microchip/xc32/v5.10/bin/bin/../../lib/gcc/pic32c/13.2.1/../../../../pic32c/lib/thumb/v7e-m+dp/hard\libc-musl.a(__fmt_x.o)
 .debug_line    0x00003ff7      0x16c C:/Program Files/Microchip/xc32/v5.10/bin/bin/../../lib/gcc/pic32c/13.2.1/../../../../pic32c/lib/thumb/v7e-m+dp/hard\libc-musl.a(__pop_float.o)
 .debug_line    0x00004163      0x23f C:/Program Files/Microchip/xc32/v5.10/bin/bin/../../lib/gcc/pic32c/13.2.1/../../../../pic32c/lib/thumb/v7e-m+dp/hard\libc-musl.a(__pop_int.o)
 .debug_line    0x000043a2      0x1c4 C:/Program Files/Microchip/xc32/v5.10/bin/bin/../../lib/gcc/pic32c/13.2.1/../../../../pic32c/lib/thumb/v7e-m+dp/hard\libc-musl.a(__pop_ptr.o)
 .debug_line    0x00004566      0x76a C:/Program Files/Microchip/xc32/v5.10/bin/bin/../../lib/gcc/pic32c/13.2.1/../../../../pic32c/lib/thumb/v7e-m+dp/hard\libc-musl.a(__printf_core.o)
 .debug_line    0x00004cd0      0x1d5 C:/Program Files/Microchip/xc32/v5.10/bin/bin/../../lib/gcc/pic32c/13.2.1/../../../../pic32c/lib/thumb/v7e-m+dp/hard\libc-musl.a(stdout.o)
 .debug_line    0x00004ea5      0x23d C:/Program Files/Microchip/xc32/v5.10/bin/bin/../../lib/gcc/pic32c/13.2.1/../../../../pic32c/lib/thumb/v7e-m+dp/hard\libc-musl.a(puts.o)
 .debug_line    0x000050e2      0x17d C:/Program Files/Microchip/xc32/v5.10/bin/bin/../../lib/gcc/pic32c/13.2.1/../../../../pic32c/lib/thumb/v7e-m+dp/hard\libc-musl.a(atoi.o)
 .debug_line    0x0000525f      0x15d C:/Program Files/Microchip/xc32/v5.10/bin/bin/../../lib/gcc/pic32c/13.2.1/../../../../pic32c/lib/thumb/v7e-m+dp/hard\libc-musl.a(tolower.o)
 .debug_line    0x000053bc      0x15d C:/Program Files/Microchip/xc32/v5.10/bin/bin/../../lib/gcc/pic32c/13.2.1/../../../../pic32c/lib/thumb/v7e-m+dp/hard\libc-musl.a(toupper.o)
 .debug_line    0x00005519       0xfb C:/Program Files/Microchip/xc32/v5.10/bin/bin/../../lib/gcc/pic32c/13.2.1/../../../../pic32c/lib/thumb/v7e-m+dp/hard\libc-musl.a(__environ.o)
 .debug_line    0x00005614       0x9a C:/Program Files/Microchip/xc32/v5.10/bin/bin/../../lib/gcc/pic32c/13.2.1/../../../../pic32c/lib/thumb/v7e-m+dp/hard\libc-musl.a(__errno_location.o)
 .debug_line    0x000056ae      0x16b C:/Program Files/Microchip/xc32/v5.10/bin/bin/../../lib/gcc/pic32c/13.2.1/../../../../pic32c/lib/thumb/v7e-m+dp/hard\libc-musl.a(__int_vfprintf.o)
 .debug_line    0x00005819      0x230 C:/Program Files/Microchip/xc32/v5.10/bin/bin/../../lib/gcc/pic32c/13.2.1/../../../../pic32c/lib/thumb/v7e-m+dp/hard\libc-musl.a(fputs.o)
 .debug_line    0x00005a49      0x1de C:/Program Files/Microchip/xc32/v5.10/bin/bin/../../lib/gcc/pic32c/13.2.1/../../../../pic32c/lib/thumb/v7e-m+dp/hard\libc-musl.a(__cvt_u.o)
 .debug_line    0x00005c27      0x1fa C:/Program Files/Microchip/xc32/v5.10/bin/bin/../../lib/gcc/pic32c/13.2.1/../../../../pic32c/lib/thumb/v7e-m+dp/hard\libc-musl.a(fwrite.o)
 .debug_line    0x00005e21      0x1a7 C:/Program Files/Microchip/xc32/v5.10/bin/bin/../../lib/gcc/pic32c/13.2.1/../../../../pic32c/lib/thumb/v7e-m+dp/hard\libc-musl.a(putc.o)
 .debug_line    0x00005fc8       0xc8 C:/Program Files/Microchip/xc32/v5.10/bin/bin/../../lib/gcc/pic32c/13.2.1/../../../../pic32c/lib/thumb/v7e-m+dp/hard\libc-musl.a(__init_stdio.o)
 .debug_line    0x00006090      0x22c C:/Program Files/Microchip/xc32/v5.10/bin/bin/../../lib/gcc/pic32c/13.2.1/../../../../pic32c/lib/thumb/v7e-m+dp/hard\libc-musl.a(__out.o)
 .debug_line    0x000062bc       0xb2 C:/Program Files/Microchip/xc32/v5.10/bin/bin/../../lib/gcc/pic32c/13.2.1/../../../../pic32c/lib/thumb/v7e-m+dp/hard\libpic32c.a(write.o)
 .debug_line    0x0000636e      0x165 C:/Program Files/Microchip/xc32/v5.10/bin/bin/../../lib/gcc/pic32c/13.2.1/../../../../pic32c/lib/thumb/v7e-m+dp/hard\libc-size-musl.a(memcpy.o)
 .debug_line    0x000064d3      0x162 C:/Program Files/Microchip/xc32/v5.10/bin/bin/../../lib/gcc/pic32c/13.2.1/../../../../pic32c/lib/thumb/v7e-m+dp/hard\libc-size-musl.a(memset.o)
 .debug_line    0x00006635      0x161 C:/Program Files/Microchip/xc32/v5.10/bin/bin/../../lib/gcc/pic32c/13.2.1/../../../../pic32c/lib/thumb/v7e-m+dp/hard\libc-size-musl.a(strlen.o)
 .debug_line    0x00006796       0xab C:/Program Files/Microchip/xc32/v5.10/bin/bin/../../lib/gcc/pic32c/13.2.1/../../../../pic32c/lib/thumb/v7e-m+dp/hard\libc-size-musl.a(strcpy.o)
 .debug_line    0x00006841      0x14e C:/Program Files/Microchip/xc32/v5.10/bin/bin/../../lib/gcc/pic32c/13.2.1/../../../../pic32c/lib/thumb/v7e-m+dp/hard\libc-size-musl.a(stpcpy.o)
 .debug_line    0x0000698f       0x85 C:/Program Files/Microchip/xc32/v5.10/bin/bin/../../lib/gcc/pic32c/13.2.1/thumb/v7e-m+dp/hard\libgcc.a(_aeabi_uldivmod.o)
 .debug_line    0x00006a14      0x522 C:/Program Files/Microchip/xc32/v5.10/bin/bin/../../lib/gcc/pic32c/13.2.1/thumb/v7e-m+dp/hard\libgcc.a(_udivmoddi4.o)
 .debug_line    0x00006f36       0x85 C:/Program Files/Microchip/xc32/v5.10/bin/bin/../../lib/gcc/pic32c/13.2.1/thumb/v7e-m+dp/hard\libgcc.a(_dvmd_tls.o)
 .debug_line    0x00006fbb      0x11c C:/Program Files/Microchip/xc32/v5.10/bin/bin/../../lib/gcc/pic32c/13.2.1/../../../../pic32c/lib/thumb/v7e-m+dp/hard\libpic32c.a(pic32_data_init_clear.o)
 .debug_line    0x000070d7      0x126 C:/Program Files/Microchip/xc32/v5.10/bin/bin/../../lib/gcc/pic32c/13.2.1/../../../../pic32c/lib/thumb/v7e-m+dp/hard\libpic32c.a(pic32_data_init_copy.o)

.debug_str      0x00000000     0x2faf
 .debug_str     0x00000000     0x2faf build/default/production/src/app/init.o
                                0x45e (size before relaxing)
 .debug_str     0x00002faf      0x2d7 build/default/production/src/app/mission.o
 .debug_str     0x00002faf      0x45c build/default/production/src/app/modeSelecter.o
 .debug_str     0x00002faf      0x56b build/default/production/src/app/sensors.o
 .debug_str     0x00002faf      0x51d build/default/production/src/drivers/i2c_driver.o
 .debug_str     0x00002faf      0x423 build/default/production/src/drivers/usart_driver.o
 .debug_str     0x00002faf      0x2a0 build/default/production/src/hal/hal_gpio.o
 .debug_str     0x00002faf      0x3b4 build/default/production/src/hal/hal_i2c.o
 .debug_str     0x00002faf      0x30e build/default/production/src/hal/hal_peripherals_init.o
 .debug_str     0x00002faf      0x351 build/default/production/src/hal/hal_qspi.o
 .debug_str     0x00002faf      0x331 build/default/production/src/hal/hal_spi.o
 .debug_str     0x00002faf      0x297 build/default/production/src/hal/hal_system.o
 .debug_str     0x00002faf      0x302 build/default/production/src/hal/hal_usart.o
 .debug_str     0x00002faf      0x2e1 build/default/production/src/hal/hal_debug_uart.o
 .debug_str     0x00002faf      0x3ce build/default/production/src/peripherals/eps.o
 .debug_str     0x00002faf      0x400 build/default/production/src/peripherals/gnss.o
 .debug_str     0x00002faf      0x3be build/default/production/src/peripherals/imu.o
 .debug_str     0x00002faf      0x3e5 build/default/production/src/peripherals/pressure.o
 .debug_str     0x00002faf      0x3f3 build/default/production/src/peripherals/temperature.o
 .debug_str     0x00002faf      0x646 build/default/production/src/peripherals/ttc.o
 .debug_str     0x00002faf      0x3f9 build/default/production/src/main.o
 .debug_str     0x00002faf      0x2db build/default/production/src/hal/hal_systick.o
 .debug_str     0x00002faf      0x2f9 C:/Program Files/Microchip/xc32/v5.10/bin/bin/../../lib/gcc/pic32c/13.2.1/../../../../pic32c/lib/thumb/v7e-m+dp/hard\libpic32c.a(data_init.o)
 .debug_str     0x00002faf      0x3e7 C:/Program Files/Microchip/xc32/v5.10/bin/bin/../../lib/gcc/pic32c/13.2.1/../../../../pic32c/lib/thumb/v7e-m+dp/hard\libc-musl.a(__libc_start_main.o)
 .debug_str     0x00002faf      0x352 C:/Program Files/Microchip/xc32/v5.10/bin/bin/../../lib/gcc/pic32c/13.2.1/../../../../pic32c/lib/thumb/v7e-m+dp/hard\libc-musl.a(libc.o)
 .debug_str     0x00002faf      0x36f C:/Program Files/Microchip/xc32/v5.10/bin/bin/../../lib/gcc/pic32c/13.2.1/../../../../pic32c/lib/thumb/v7e-m+dp/hard\libc-musl.a(__sio_printf_deEfFgGnpxX.o)
 .debug_str     0x00002faf      0x312 C:/Program Files/Microchip/xc32/v5.10/bin/bin/../../lib/gcc/pic32c/13.2.1/../../../../pic32c/lib/thumb/v7e-m+dp/hard\libc-musl.a(__fmt_d.o)
 .debug_str     0x00002faf      0x363 C:/Program Files/Microchip/xc32/v5.10/bin/bin/../../lib/gcc/pic32c/13.2.1/../../../../pic32c/lib/thumb/v7e-m+dp/hard\libc-musl.a(__fmt_fp.o)
 .debug_str     0x00002faf      0x312 C:/Program Files/Microchip/xc32/v5.10/bin/bin/../../lib/gcc/pic32c/13.2.1/../../../../pic32c/lib/thumb/v7e-m+dp/hard\libc-musl.a(__fmt_x.o)
 .debug_str     0x00002faf      0x2dd C:/Program Files/Microchip/xc32/v5.10/bin/bin/../../lib/gcc/pic32c/13.2.1/../../../../pic32c/lib/thumb/v7e-m+dp/hard\libc-musl.a(__pop_float.o)
 .debug_str     0x00002faf      0x2e8 C:/Program Files/Microchip/xc32/v5.10/bin/bin/../../lib/gcc/pic32c/13.2.1/../../../../pic32c/lib/thumb/v7e-m+dp/hard\libc-musl.a(__pop_int.o)
 .debug_str     0x00002faf      0x2ea C:/Program Files/Microchip/xc32/v5.10/bin/bin/../../lib/gcc/pic32c/13.2.1/../../../../pic32c/lib/thumb/v7e-m+dp/hard\libc-musl.a(__pop_ptr.o)
 .debug_str     0x00002faf      0x404 C:/Program Files/Microchip/xc32/v5.10/bin/bin/../../lib/gcc/pic32c/13.2.1/../../../../pic32c/lib/thumb/v7e-m+dp/hard\libc-musl.a(__printf_core.o)
 .debug_str     0x00002faf      0x325 C:/Program Files/Microchip/xc32/v5.10/bin/bin/../../lib/gcc/pic32c/13.2.1/../../../../pic32c/lib/thumb/v7e-m+dp/hard\libc-musl.a(stdout.o)
 .debug_str     0x00002faf      0x361 C:/Program Files/Microchip/xc32/v5.10/bin/bin/../../lib/gcc/pic32c/13.2.1/../../../../pic32c/lib/thumb/v7e-m+dp/hard\libc-musl.a(puts.o)
 .debug_str     0x00002faf      0x239 C:/Program Files/Microchip/xc32/v5.10/bin/bin/../../lib/gcc/pic32c/13.2.1/../../../../pic32c/lib/thumb/v7e-m+dp/hard\libc-musl.a(atoi.o)
 .debug_str     0x00002faf      0x27d C:/Program Files/Microchip/xc32/v5.10/bin/bin/../../lib/gcc/pic32c/13.2.1/../../../../pic32c/lib/thumb/v7e-m+dp/hard\libc-musl.a(tolower.o)
 .debug_str     0x00002faf      0x27d C:/Program Files/Microchip/xc32/v5.10/bin/bin/../../lib/gcc/pic32c/13.2.1/../../../../pic32c/lib/thumb/v7e-m+dp/hard\libc-musl.a(toupper.o)
 .debug_str     0x00002faf      0x252 C:/Program Files/Microchip/xc32/v5.10/bin/bin/../../lib/gcc/pic32c/13.2.1/../../../../pic32c/lib/thumb/v7e-m+dp/hard\libc-musl.a(__environ.o)
 .debug_str     0x00002faf      0x246 C:/Program Files/Microchip/xc32/v5.10/bin/bin/../../lib/gcc/pic32c/13.2.1/../../../../pic32c/lib/thumb/v7e-m+dp/hard\libc-musl.a(__errno_location.o)
 .debug_str     0x00002faf      0x306 C:/Program Files/Microchip/xc32/v5.10/bin/bin/../../lib/gcc/pic32c/13.2.1/../../../../pic32c/lib/thumb/v7e-m+dp/hard\libc-musl.a(__int_vfprintf.o)
 .debug_str     0x00002faf      0x355 C:/Program Files/Microchip/xc32/v5.10/bin/bin/../../lib/gcc/pic32c/13.2.1/../../../../pic32c/lib/thumb/v7e-m+dp/hard\libc-musl.a(fputs.o)
 .debug_str     0x00002faf      0x2df C:/Program Files/Microchip/xc32/v5.10/bin/bin/../../lib/gcc/pic32c/13.2.1/../../../../pic32c/lib/thumb/v7e-m+dp/hard\libc-musl.a(__cvt_u.o)
 .debug_str     0x00002faf      0x2f8 C:/Program Files/Microchip/xc32/v5.10/bin/bin/../../lib/gcc/pic32c/13.2.1/../../../../pic32c/lib/thumb/v7e-m+dp/hard\libc-musl.a(fwrite.o)
 .debug_str     0x00002faf      0x307 C:/Program Files/Microchip/xc32/v5.10/bin/bin/../../lib/gcc/pic32c/13.2.1/../../../../pic32c/lib/thumb/v7e-m+dp/hard\libc-musl.a(putc.o)
 .debug_str     0x00002faf      0x2b7 C:/Program Files/Microchip/xc32/v5.10/bin/bin/../../lib/gcc/pic32c/13.2.1/../../../../pic32c/lib/thumb/v7e-m+dp/hard\libc-musl.a(__init_stdio.o)
 .debug_str     0x00002faf      0x2ff C:/Program Files/Microchip/xc32/v5.10/bin/bin/../../lib/gcc/pic32c/13.2.1/../../../../pic32c/lib/thumb/v7e-m+dp/hard\libc-musl.a(__out.o)
 .debug_str     0x00002faf      0x215 C:/Program Files/Microchip/xc32/v5.10/bin/bin/../../lib/gcc/pic32c/13.2.1/../../../../pic32c/lib/thumb/v7e-m+dp/hard\libpic32c.a(write.o)
 .debug_str     0x00002faf      0x259 C:/Program Files/Microchip/xc32/v5.10/bin/bin/../../lib/gcc/pic32c/13.2.1/../../../../pic32c/lib/thumb/v7e-m+dp/hard\libc-size-musl.a(memcpy.o)
 .debug_str     0x00002faf      0x245 C:/Program Files/Microchip/xc32/v5.10/bin/bin/../../lib/gcc/pic32c/13.2.1/../../../../pic32c/lib/thumb/v7e-m+dp/hard\libc-size-musl.a(memset.o)
 .debug_str     0x00002faf      0x24b C:/Program Files/Microchip/xc32/v5.10/bin/bin/../../lib/gcc/pic32c/13.2.1/../../../../pic32c/lib/thumb/v7e-m+dp/hard\libc-size-musl.a(strlen.o)
 .debug_str     0x00002faf      0x241 C:/Program Files/Microchip/xc32/v5.10/bin/bin/../../lib/gcc/pic32c/13.2.1/../../../../pic32c/lib/thumb/v7e-m+dp/hard\libc-size-musl.a(strcpy.o)
 .debug_str     0x00002faf      0x23e C:/Program Files/Microchip/xc32/v5.10/bin/bin/../../lib/gcc/pic32c/13.2.1/../../../../pic32c/lib/thumb/v7e-m+dp/hard\libc-size-musl.a(stpcpy.o)
 .debug_str     0x00002faf       0xde C:/Program Files/Microchip/xc32/v5.10/bin/bin/../../lib/gcc/pic32c/13.2.1/thumb/v7e-m+dp/hard\libgcc.a(_aeabi_uldivmod.o)
 .debug_str     0x00002faf      0x718 C:/Program Files/Microchip/xc32/v5.10/bin/bin/../../lib/gcc/pic32c/13.2.1/thumb/v7e-m+dp/hard\libgcc.a(_udivmoddi4.o)
 .debug_str     0x00002faf       0xed C:/Program Files/Microchip/xc32/v5.10/bin/bin/../../lib/gcc/pic32c/13.2.1/thumb/v7e-m+dp/hard\libgcc.a(_dvmd_tls.o)
 .debug_str     0x00002faf      0x28a C:/Program Files/Microchip/xc32/v5.10/bin/bin/../../lib/gcc/pic32c/13.2.1/../../../../pic32c/lib/thumb/v7e-m+dp/hard\libpic32c.a(pic32_data_init_clear.o)
 .debug_str     0x00002faf      0x291 C:/Program Files/Microchip/xc32/v5.10/bin/bin/../../lib/gcc/pic32c/13.2.1/../../../../pic32c/lib/thumb/v7e-m+dp/hard\libpic32c.a(pic32_data_init_copy.o)

.debug_frame    0x00000000      0xf9c
 .debug_frame   0x00000000       0x30 build/default/production/src/app/init.o
 .debug_frame   0x00000030       0xc8 build/default/production/src/app/modeSelecter.o
 .debug_frame   0x000000f8       0x60 build/default/production/src/app/sensors.o
 .debug_frame   0x00000158       0x44 build/default/production/src/drivers/i2c_driver.o
 .debug_frame   0x0000019c       0x70 build/default/production/src/drivers/usart_driver.o
 .debug_frame   0x0000020c       0x20 build/default/production/src/hal/hal_gpio.o
 .debug_frame   0x0000022c      0x110 build/default/production/src/hal/hal_i2c.o
 .debug_frame   0x0000033c       0x80 build/default/production/src/hal/hal_peripherals_init.o
 .debug_frame   0x000003bc       0xb0 build/default/production/src/hal/hal_qspi.o
 .debug_frame   0x0000046c       0x90 build/default/production/src/hal/hal_spi.o
 .debug_frame   0x000004fc       0x90 build/default/production/src/hal/hal_system.o
 .debug_frame   0x0000058c       0x60 build/default/production/src/hal/hal_usart.o
 .debug_frame   0x000005ec       0x30 build/default/production/src/hal/hal_debug_uart.o
 .debug_frame   0x0000061c       0x48 build/default/production/src/peripherals/eps.o
 .debug_frame   0x00000664       0x64 build/default/production/src/peripherals/gnss.o
 .debug_frame   0x000006c8       0x48 build/default/production/src/peripherals/imu.o
 .debug_frame   0x00000710       0x48 build/default/production/src/peripherals/pressure.o
 .debug_frame   0x00000758       0x48 build/default/production/src/peripherals/temperature.o